<html style="background-color:#edecec">

<head>
    <meta charset="utf-8">
    <meta name="robots" content="noindex,nofollow">
    <meta name="generator" content="Matomo Analytics">
</head>

<body style="color:#212121;font-family:-apple-system, BlinkMacSystemFont, 'Segoe UI', Roboto, Oxygen-Sans, Cantarell, 'Helvetica Neue', sans-serif; line-height: 24px; margin:0 auto; max-width:1000px; background-color:rgb(255, 255, 255);box-shadow: 0px 0px 5px 1px rgba(0,0,0,0.75);">

<a name="reportTop"></a>

<table style="width:100%; background-color: &#x23;3450A3; color: &#x23;fff; padding:10px 0; margin: 0 0 25px 0; height:64px;">
    <tr>
        <td>
            <a style="color:#212121;font-family:-apple-system, BlinkMacSystemFont, 'Segoe UI', Roboto, Oxygen-Sans, Cantarell, 'Helvetica Neue', sans-serif;; font-size:16px;padding:0 15px;padding-bottom: 8px;color: &#x23;fff;height: 22px;display: inline-block;vertical-align: inherit;" rel="noreferrer noopener" target="_blank" href="http://example.com/piwik/tests/PHPUnit/proxy/">
                                    <img src="http://example.com/piwik/tests/PHPUnit/proxy//plugins/Morpheus/images/logo-email.png" height="30px" width="auto" alt="Matomo,&#x20;free&#x2F;libre&#x20;analytics&#x20;platform" />
                            </a>
        </td>
        <td align="right">
                        <a style="color:#212121;font-family:-apple-system, BlinkMacSystemFont, 'Segoe UI', Roboto, Oxygen-Sans, Cantarell, 'Helvetica Neue', sans-serif;; font-size:16px; padding:0 15px; color: &#x23;fff" title="View Web Analytics reports for Piwik test." target="_blank" href="http://example.com/piwik/tests/PHPUnit/proxy/index.php?module=CoreHome&action=redirectToCoreHomeIndex&idSite=1&period=day&date=today-date-removed-in-tests">
                Dashboard
            </a>
                    </td>
    </tr>
</table>

<div style="margin:0 20px 25px 20px;">

    <h2 style='color:#212121;font-family:-apple-system, BlinkMacSystemFont, &#039;Segoe UI&#039;, Roboto, Oxygen-Sans, Cantarell, &#039;Helvetica Neue&#039;, sans-serif; color:#37474f; line-height:30px; margin:25px 0 15px 0;'>
        Hello,
    </h2>

    <p style='font-size:15px;line-height:24px;margin:0 0 16px;color:#212121;font-family:-apple-system, BlinkMacSystemFont, &#039;Segoe UI&#039;, Roboto, Oxygen-Sans, Cantarell, &#039;Helvetica Neue&#039;, sans-serif;'>
                Please find below your day report for Piwik test.
                <br />Mail Test report (previous10)
        <br />Date range: week April 4 â€“ 10, 2011
        <br />Sent from http://example.com/piwik/tests/PHPUnit/proxy/.
    </p>

    
    
<h2 id="Actions_getPageTitles" style=" color:#0d0d0d;font-family:-apple-system, BlinkMacSystemFont, &#039;Segoe UI&#039;, Roboto, Oxygen-Sans, Cantarell, &#039;Helvetica Neue&#039;, sans-serif; font-size: 24pt; font-weight:normal; margin:45px 0 30px 0;">
    Page titles
</h2>

            <img alt=""
                                    src="data:image/png;base64,iVBORw0KGgoAAAANSUhEUgAAArwAAADICAIAAACF9KXqAAAACXBIWXMAAA7EAAAOxAGVKw4bAAAgAElEQVR4nO3de3Acx30n8MGD2AWXS7wWWDwIENgliJcEQnyIT1CU+BBJPUlbIi3FRdup0A/WxbItO3bl4fXlVKlLOYlTV/Gl7JR9qlSdw7q6SLmHylWKU9axFNsRXUXncjkxJxASYQBCBBGCQZCLxQJ7fwxrOJqZ7umZ6Z7uWXw/xWItdqe7f93z6ume2a0olUqaTTabHRsbs78PAAAAa1al/a1sNht+HAAAAKA4a6cBYwwAAADg6EOdBvQYAAAAgKTaeEXqMUxOTpr/nJmZaW1tFR3W4uJiPB6vqqoSXRB4tbCwkEwmZUcBVisrK/l8PpFIyA4ErAqFwurqajwelx0IWOXz+crKypqaGtmBRIl1pEGnyb6zoVAorKysSAwASJaWlmSHAA5WVlYKhYLsKMBBsVjEqlFToVAoFouyo4iYuyMN5mEG86hDR0eHOYHlT0Hy+XxzczMumxS0sLDQ3t4uOwqwWlxcXF1dxapR0Ozs7NLSElaNgkqlUiwWS6VSsgOJEoenJwAAAADsqt0XEeCf/t979AWmpm++v7iuNn4rnHiA3fXJxeVKl9UH4budz8/N3by1Qls19/Q2hxYPAJQl55EGPEMBAAAAFpieAAAAACboNATyxPE94Wf4xPE9+j++RYcgijFHDhoZAMRRpdPgeKTT38RB0OyJ43v+5oc/1f+5LhlOSIz0yDVyYPSAhVbH6IeF3BsTUdbf/PCnqq16ACgbqnQaKFzPjpHD8ZhOySrMdnOtkdFj8E10dYyuWJgnXUGVQr8BAARRpdNgP8ydffJQ+XUXIBJw0gUAcCTnkUtPzBepxqHc/I7ra0tWpEz09yllWd53jNA1ZsucC6Vj5Bin8b8RMCVOfRnLKdBTiZb6GlUwN5drjTwNM5ACdmxSYwFPq8ArUuvZwyAVRwov4LZtDuCvXv6xJZjgozsAABYR6DQYXPsEQTKxZMi+mNfiGI/mjoVa0vrIyv4nvUR72v/w3f9ieZ/7+YkecPBVwCUYUhj+ivORyh7Af/z+SyxlAQD4psr0hPbhMeHPfvKU5crJcoi0DyDbr1BJpThmQjktmS+mPZ1y7Pn4ThhktNzHGcjcIfCdp2/0sZCAq4ClJS1dIvYwSMVZyqV3g/xt25b9BQBABA4jDae/4OH65q//5JTvghwPmq5D0xGlzpy6OpH4wxg/ZQbHUwv4ay4f27Z9Qg0AQLSwpydyuVwul/OXdk0dHBWprNe5AAUxtiRpMa8tQBmbsd/H4DVIx1R6SBhpAIAQcOg0/PWfnMrlcj09PSwLj4/TPjUunrzOztovvyC4MhiwCUiFFnDdto2uA+5pAADR+NzTkMvlzrEJMsxgn+g1PrIvzJIn6ZRAmoG2v0/KlpQPS1T2hJ7S+sMSKq8YHE9+jKfngKuAkoSF65qlF0cZZvCxbaNzDADhi9LTE5Zjq++nJ1hyIN0jaXnf8TY3x2XM+ZAyJwXAuFjAa2J7VpR6eQrDfrK0Z8UefJBV4Kkg9myDF+cjlSXJX73847m5OeNPFcZIAKD8VJRKpfBLZfhp7OmGhobaeJxvuTiSBnd9YqKrs9NrKnEtr8g6lR7G7Xx+bm6uva2NEg9+GluK2dnZpaWljo4O2YGA1eTkZCwWS6VSsgOJEoUeuYQyVn73mlAeoZROtXgAoGxEaXoCIo00ox9RHCeG+CqnRgYA1ciZnnB17dq1dDqdSCRkBwJWV69e7evrkx0FWC0uLs7MzGQyGdmBgBWmJ5SF6QkfMD0BAAAATORMTxR/+Rp9gXWz06WVhmIt5xshIbia9yeKv3xXdhRgVbqd16p6ZUcBAGUOIw0AAADABJ0GAAAAYFL+nYa+Bz4lOwQaxcPzpJzqoiw0MgBIpNwjl/ox8cc/eEF2IM4sh+yrr31PViSq6XvgU3prGC9IC9CTC4rN/Gdoa01Epa6+9j2hbQUAQKFcp4ELoUdVc86yDt+qnTaCxyO6OlLWmqBS0G8AAFnUmp7QD4VXX/veoY/9tuxYmOiHb9lRgDdYawAA/kRgpEHvSZiP8parRsub+juWs4Kn5EZx7BdzjqnsmduDMScnvWPJx1JBx4QsRTu2g+UjUj704ClIa9OxvsYCntrHq+BtQgqPHqTlU/trUmAaBhsAQJIIdBo020HZcfrceG0/WHtKbi8uYJD0zF0vee1pXU8Y7EU73oVghBS8TVzDY/mTPTcfQYbTJj5S0ZsFAEAKtaYnSFhurKOMOXtN7vW62Z6KlLnXQ789H5ZUnurFeN8ixyF9jrdD+guStNZcwyAVZymXfr63B2kffbFDjwEAVMBhpGHhTz18b2Py83nSR+Zj649/8MK2458TfaD0dxakDBqrz1OVIzHxzxgkZa2F0CaOqejTLj7myAAARAt7eiKXy+VyOdKnIZ+l/B2Oo3sQ9zryH4ma+hh9MePVJkYPwHGUIsiWhq4DAKiDQ6ch+fl8Lpfr6elhWnpunPKhcWScnpqOygMUUYFJcTsV2sQ+tGDheI8FAIAUfO5pyOVy59iQhhnsx8Rf/PDbrrO8lIlkV45Ty+zJPWVOOjGQSjTfhcCyPAVlep5ehO/2cTz5Ma6dgO3DHqSnbBmLowwzkFJRxiQiMTcEAGtNNJ6eICHd5cd4Q5xlMb5Xciyxke6kc1zGnA/99kbHSrEXQTpHuo7MO2ZOT0vKzfKaMXhPBbFnG7w4H6noSTDwAABSVJRKpfBLdf1p7Omp6YaGhjh+Gtu74KcTeg4T1yc6uzq5F+ovmNAoEobBHk/+dv5fq3ozmYyskIBkdnZ2aWmpo6NDdiBgNTk5GYvFUqmU7ECiJBqPXIJQQWZ5dBwfyFRE8DYRR7V4AGDtiPb0BHDh+l0O7JmUzcmMS5uIUE6NDACRI2d6wtW1a9fS6XQikZAdCFhdvXq1r69PdhRgtbi4ODMzg+kJBWF6QlmYnvAB0xMAAADRdvoLL53+wktLhaLoguRMTyxcnqIvsDx9Y3FKW43jRkjlFCc+WFhwWX0Qvtv5/PLcjYUb2GWUk5+fLywvL0xXeEqV3NkuKB4oP6e/8JKmaYnadf/32o2R/hahZWGkAQAAIPJG+lru7RU+1YJOAwAAQFTpwwwdLRueOtZXVSX8nF7+nYaRM6OyQ6BRPDwRwqmyj1LW4LqgQGuEAI0MvAxtae5qqwuhIOU6DSNnRlXekfTwjH+yw1Gdak2kWjx8nXzuDK+sRs6MXrl4SSO3GL0lhbazrH1QRFlXLl4q720SRNOHGXYMpB97IBtOicp1GrgQuh9euXjJ+Cdrh4/KgUY/8WhSAzYXbcQjNwxBXvnWRS75GD0G30S3s5R9UFCl0G+A4Da313W0JMMpS61Og360unLxEsdrJqGwwwPIhX0Q1ixjmOHInu7QCo3AN0LqPQnS9aLxvuWi1nIc8ZTcKI792sIxlT1zezDm5KR3LPlYKuiYkKVox3awfETKhxSnvRmNYBjXiGtd7H+6Np2lLHoTMVacspi9ao6rjHHzoKwLc0V+8uKrJ587Q19x7G1OqbJ9Ycf6kgaZjPYnFcrY8pSQLMGQwiAVRwqPHiRlR3jtO/+DEphGaBMARn3dja2p8L4IMQKdBs22G5snXO07qn339pTcXlzAIOmZu14k2dO6HmLYi3Y87xohBW8THfsaca2LRj24sxTtmC39HOapw+RYNfsq87p5uC5/O5/3EZhjvTyhZxt8a+cSDN8t3EeqoxdOiWh8WMv0YYau1o1H9naHWa5a0xMkpGtB8/tXyKOUXpN7vdKypyJl7vVgYc+HJZWnepFCYm9e8/KuZwVKJCxL8jrUUqrGWHHSqmGJ0Ovm4WlbZYxfREvSI3HldZOzp+KyhdO3B9cgWXYE9BggoNXVO7//cGB7R30y1K904zDS8POd32FfeMfl86SPzHvjK9+6uPfcUdG7FuMZjpIqcju/pyqzLOw47BH1Cyl/G4an5AGL8JG5+aQoruiAGJuFsg9y38IZU1F2hPn5+Vf/7CX1Gx8i5KNfelnTtHRT7enDYf8SUNjTE7lcLpfLkT4VeiS187cDR3e39zpWHN2aBhSk4oyNLLRtSZkbY/WiA/DNx1iaGa8t/Irpxhf7MkGOGyo3PkTF7aU7PzDx1NGBykpvX08eHIdOw47L53O5XE9PD9PS47QPjX1panoqKg9QRIXQq38jc/YZirIUiSEWx2n+MqBCjVx3hHJtfAjTs1/975qm3bsldWhXV/il87mnIZfLnWNDGmaw70U/efFV13lBytSjK8fJSPbknjInHUpIJZpnrFmWp6BM6NKLYG8fXpdiXARvIsaKs6waSos5FsG4LuibOilzf5u348mPcV8LuLVTkrAIuIVThhlIqSg7wtELp/zVAsBi8VZBf/HwgUz4wwxaVJ6eICHdEcZ4vWtZjO+pjiU20r1XjsuY83G9Fc6clT0JvQjSUTVI+4gbgaDUi1I0vV6MFbevBfZGJhXBuF4c46HH76lS9L2JfUsIsrV7Kog92+DF+Uhl3NPgmAQDD8Du47/9PzVNO3Bfx87BVikBVJRKpfBLdf1p7KnpqYaGxlr8NLZ3wQ9A9ByuT0x0dXYGyV+6CB2j2UO9nc/Pzd1ob+Pwe8ri2keRlg85jPn5+cLycnOK+PODjvHgp7FDMDk5GYvFUuRVoxr9MUtN037n0/u296elxBCNRy5BqCCzPMCXCuui/G5MUaFVSVSLB9S3a6j1nqy0jk60pyeAC09D3yCUIuuCNKMfUYq0ql05NTKIducnsNMbHj/UW7OuSlYYcjoNriNv667lE+l0IhHeV2OWjbGxMaGpqpMLyb5oD5z6a6LQ+AuvcnHx5oyWzHBbNSJaSWLLSyx6abamYmkp2eGwahTfFEFB3W0bh7bInE/B9AQAAIDSjN+mevKhsL/NyULOSMPU5QX6Ajeml7WpxXh8NZx4gN0HE8WpBZfVB+HL52/fmFuO38Cq4al9Z0g/NwzAorlxfbazXm4MGGkAAABQlz7MsG1r84kDGdmxoNMAAACgvJ5N9Z2tG2VHsQY6DaNnRmSHQKN4eCKswSr7hrYKARoZVKYPM7S3JE6OZmXHomkKdhpGz4yovA/r4Rn/ZIejOjRREKNnRi5dvKKRm5HevEIbX9aOIKKsSxevYEMFxe2+pz1VXys7Ck1TsNPAhdBDwKWLV4x/so41UTnG6ec8LQoBqxah0WPwLWBylvzD3xEEVQr9BlCTPsyQqK1+5uSg7FjuUKvToB8oL128cua5k7JjYYJjDYCGHQFAgMLyiv7i6WMDVVWqnKwj8I2Qek/CfEgyX20Y71suai2HME/JjeLYL2scU9kztwdjTk56x5KPpYKOCVmKdmwHy0ekfEhx2pvRCIZxjZAqQgqYvo4cF7Pn6dikjKuP0laWrYK+llneJ9Xx0sUrR8/ttVeKNNLjGgxj81JCsgRDCoNUHCk8epD0rZESmEZoEwCJzn7lv2madm9v6sjebtmx3BWBToNmO4KYDwH244L9yOIpub24gEHSM3e9PrOndT26sRdtbwdzSMHbRMe+RigVIQVMCYx02rDnaW9Sr6uP77bk1eiZkVdf/MmNuTn9B6vozetjk/MaTAibmY9UjFsdgAqM36Ya3d5ZG1PoTK3KiAcdyxmFMkDqNbnXizx7KlLmXo9T9nxYUnmqF+MJm9K85uVdT0iUSBgXYwyM1HQ+zi6uq49xW7KEyvGkxdiDZOF1vdtTcdnM6G3lGiTL1ogeA6hv37b2vcNqfW0/h/7Ld3b+nH3h85d3kD4yHwgufuuVo+f2it6rGc9wlFSRO+54qjLLwo7DHopfwzGeBUOIRE2MdafsCNw3M8ZU9K3xkvdpRwApjGGG3cPtifU1coOxCHvQI5fL5XI50qchH6n9HTuie8TxOkwd3ZpSMDaCoLpfMt3noWzzBhkH0vhtZvS2CrLzousAkTDS17JzqE12FFYcOg3nL+/I5XI9PT1MS4/TPjR246npqag8QBEVQs9S9os5Nal8qi4PKrSw69boeI8FgCL0YYautuTRvd1K3c2g43NPQy6XO8eGNMxg34FfffEnrlOSQWaIHedB2ZN7ypx0FCOVaJ4RZ1megjKXTC+CvX14XQUyYlzvLE1HqZFj3Rnbir4p+hhmcDz5MWYScJOjJGERcDOjDDOQUlG2RpW7swAWjRvje7d1yI7CgXK9GE8Y7zhjSa7xPtWxxEa67ctxGXM+9NsbHSvFXgTpgB6kffiOQNCrT1mMvRFIdWdst0DVczpZ2huQvZQgm5yngtizDV6cj1T0JBh4ABXowwzbB1pOHZb8E9gkFaVSKfxSXX8ae2p6qrGhIR5X4lszoyX4sY+ew8TE9c7OriD5lxN/rc2SymvO+fxt45FLvjkLokgYBsd4uPw09uzs7NLSUkeHileNa9zk5GQsFkulUrIDuUvvNDywo/Pzv7ZTdizOovHIJQgVZJZnrQneVv6mFcqAypuZavHA2qT3GIa3ph45qMRvUzmK9vQEcMF3aL28hdlWPu5+UJmym1k5NTKUgfbm5JauBtlREH1oeiKbvdu7GRsbkxHPHdeuXUun04lEQmIM4Ojq1at9fYpOtq1li4uLMzMzmUxGdiBghekJZSk1PaEPM6Sb1n/9MwdaU+qe++6ONGSzWXNHwfInAAAACHVfX4vKPQbN3GkIs4vw9ruX6Qu8+8H0UsVUbW08nHiA3cz8ROxdl/tYy1V3q6K3JgFApOnDDBvWV585ocpPYJPgRkgAAABpVlZW9RcnDmTrNsTkBuPK+UZI89zE/Py8+aObN29u3LgxYKm3bt2iL7CysrK0lC+VVgMWBNytrKy4rr5ytbCg7hBLPp8vFosqR7hm5fP55eVlrBoFFQqFUqkkfdWc+72/1TRtMNNwcCQtPRhX1k6Dfi+keapiamrKvMD4+Lj5fkl/Zuffpy9QKBSKxWJVVVXAghx98mPPf/8H37S/Ji3DvVC5mQRULC7PzrqsvkijNHLV8pTj+yooFovFYtGyt4IKlpeXV1dXC4WC7EDAamlpqbKycnFxUWIMX/vzf9ZfbG6pufmr2Zu/khgLkw91GhxvfhwYGKD86Y99Uvzw/jM/ev2i8efU1HRDQ4O4exq6ujqNEru6OknL+MvcUhfGDEmp7AuQlqTn4Jo/o+vXJ+wVObz/jPlPLgWx4FUpsx+9fpGUbXeruo+N4OkJZeHpCWWp8fTEP2uatme4/amT2+qTEbiN7+49DXIflwjtNCOoRPNZ08jZcioNmH/AgEW38I9ev2j841hx10IFZRtaFQBgzTJ+AnukryUSPQbNPtJg/hOPXII/lIt1AAAwG9qS2j8SmYEoOY9c2unnGON/433zicd43zxKr79pv7i3nLHsF47msxopFcunxgKWsO1vsmdICZVxYXsbOtbXHK29xRjbhyUkSzCkMEjFkcKjB2n51P6aFJiGfg8ACGYMMzywszOxvkZuMOyU+xpp/Uht3NPgOJFPmt13PUkYf9pLdFzS9VOd49mLdEpjyTAgSrM4/sme2+H9Z7zeiUkqnRSGv/bxkYreLAAAIchuqnto12bZUXig3Pc0sNziZ7ymHPTN1/r0k4FjKnqevnHP0BHH2yHtAX/yY897SuXpnk1S+9DXi2ur2kdf7NBjAIDQ6MMM9/W3PH18oLKyQnY4HnAYafjGix6+Ju/r51y+CzIIESdg7nlG7g47xoApQ/2equyvfRxT0add7HNbAABhqq6q2jXUJjsKb8KensjlcrlcTlDmIo7+Ip7o45uhaJaAr1+fYFnM4HU2hJSP+ZYX+zL+WtV8Z0Pk1gsARJQ+zDCUbXr8wS2yY/GMQ6fh6+cu53K5np4eloXHtfHgJZalsjxpqXCjgH1owcLxHgsAAKGaG9YPZZX4gU1P+NzTkMvlzrHxN8xgn9J2XUYzXUG6pjV/6jo77jF2piA95ex48mM85zG2hvlJBMsyLPc0kJCypRRnfybFcZiBlIoyJhG5eSIAKAP6MENHy4ZHH4jeMIOm4NMTJOYTA30E2/ynY1r6aYkxT/pi7G+yn+npvRn2q2TH1rBHRWoxT09PMGZLKY6xXr5blZQEAw8AIM7WzY3d7XWyo/CjolQqhV+q609ji/4a6cgRdw7zmrPj10iHH4ZojvGo/NPY+BppZeFrpJUV/tdI68MM9cnY718Y7UgnQyuXI+UeuQRHgh7OlIjyCKV0qsUDAGVgdfXOJfq+kY6I9hi0CE1PAGlGP6JY5pukKKdGBgB1fPRLL2uaNtLX8ng072bQyek0uA7zrt66lm5JJxKJcOKJChFf9e01z6X5JK8fe1Tzx03UjAoAIs340ujezQ0tTRE+tWF6AgAAIAz339N2+P4ofWm0HToNAAAAAhnDDH3djZEeZtDQaQAAAAhB3+bGB+/vkh1FUOg0AAAAiGIMM+zd1l6fjPz3CKDTAAAAIFZr0/oTo1nZUXCATgMAAIAQxjDD2ROD66rL4YRbDnUAAABQ1j1bUgd38P8iXSnw5U4AAAD86cMM9/amHj1YDhMTOow0AAAAiLIxEds+0Co7Cm7QaQAAAOBMH2bIbqo/tq+nqqp8TrXlUxMAAACltDVv6O9pkh0FT+g0AAAA8KQPM6Qa4idHM+Xx0IShrCoDAAAgl/GY5WAmtXVzo9xguEOnAQAAgLORrS2nDm+trKyQHQhn6DQAAADwYQwzdKSTm9vq5AYjAjoNAAAAPO0YSD+8v0d2FEKg0wAAAMCBMczQ3VG3KZ2UG4wg6DQAAABwk9lU9/D+jOwoREGnAQAAIChjmGHnUFuqvlZuMOKg0wAAAMBHorb69OGtsqMQCJ0GAACAQIxhhmdODtWsq5IbjFDoNAAAAHCwdXPDsb3dsqMQCz+NDQAA4J8+zDDS1zK6fVM5/TaVozKvHgAAQAhq49V7tnXIjkI4dBoAAAB80ocZBjONB7Zvqo2V/+A9Og0AAACBJBOx7f1p2VGEAZ0GAAAAP/Rhhq7WDYd3b47VSBtmKBYK33hx56t//MchlFX+YykAAADcGY9ZNm6s3T7QKiuMb7y4U3/x903/+f6Jp+s6NwktDp0GAAAAn7ZtbX76+ICsn8A2egzJtwealltqnhT+gxfoNAAAAHhjDDM01MX7e5rCD8DoLmia1vTWyJF9H+k/cSKEctFpAAAA8GOkP/3I6JaQC33vzavf/tmz+uuKX9XtKz525PefC610dBoAAAA8MIYZOpoT2c76MIs2DzC0/cvuM5/5muibGCzQaQAAAPBsc/vGk6PZ0IqbvPzzv/g/n9ZfJ9/pO5h5ZOcLz4RWugGdBgAAAFbGMMNwb3Nb84YQSlx8b/abrxzXX1ffSGU/uO/0l3+nZkMihKLt0GkAAADw7Klj/aKLKBYKL/xgn/Fncrz/1NELPfv3ii6XAp0GAAAAJsYww8dODGxYXyO6OKPHUDc+mKnpO3zh04nmlOhC6dBpAAAA8KCvu/GRg2LvZjDf8Jj+l10PP/xMz8FRoSUyQqcBAADAnTHMsP++Tevj6wSVMnXlH7/7i0/pr6tn04fqTu9/4dcFleUDOg0AAACs9gy3H9wu6ilHY4AhPrU5fbPr1Ge+FPITla7QaQAAAHChDzMM9zZvH0hv3BDjnr95PmLj+OBDQ09se+oj3EsJDp0GAAAAJtXVFXuH2/nmOT/xy2/93ZP664qFjds+ePCJ3O/yLYIjdBoAAABo9GGGLZ11B7d3Jrg+NGEeYKh/696P/8Y3Gru6OObPHToNAAAARMb9j5pWsXeE2x0GhZuLf/BfH9Bf140P3VO/ff/zn6itq+OVvyDoNAAAALgY3pp68sGt66orueRmDDDUTvakFtsfOXs+fe8Ql5xFQ6cBAADAmTHMEK9ZN9KfDp6h+Sck4tNdD/eeVfOGRxJ0GgAAAGi29bU8dojDT2AbAwzrJ7IdhZ7HP/fchtbW4NmGCZ0GAAAAB8YwQ1N9fCgb6PubzTc8No5tO7zr1OBjjwYKThJ0GgAAAIg6W5OPPeB/mOG9N69++2fP6q8r5+t3LT18/N9+mVNoEqDTAAAAYGUMM/R3N21u8/lQgzHAUH2jufH9rk98+Q/Vfz6CDp0GAAAAZ7WxqtOHe30knH3rrT97/az+um58cE/3kZ0XzlbXCP9hTNHQaQAAAPgQY5jh8O7u5saEp7TFQsH4SevYdGfnYu+j539TtZ+Q8A2dBgAAAAf9PY1PPtRbWVnBnsSYj4hNd1YXYk/s+43eI4fFRCcHOg0AAAB3GcMMI30tjXW17AmNHkPynf6eyt5jn72QaA70zIWC0GkAAACw2jPc9tDubsaFje5C4u3eRKHu2NGz2UOHBAUmFzoNAAAAd+jDDCP9Lf09Tal692GGqSv/+N1ffEp/XT2b3pk6cOjCBbEhSoVOAwAAgKaZJiZWV1YP7uh0Xd4YYFj3frrl/cyzX/l3UX+i0hU6DQAAAHcNZhrvH26vT8Ypy1z/2T98/83PaZpWO5GpKdY+NHxq+ItPhhWgTOg0AAAA3B1meP+D/BHy3QyL781+85Xj+ut177VlV/sfe/63ajZ4eywzutBpAAAAuGN4a/OxvT0166rsH5m/gKH6vdb1C43PfPS3ovKT1ryg0wAAAGudMcxQKpX2jXQ4LmP0GDa+PdC/fvjQF8+X/R0Mdug0AAAAaJqmDfemHn9wq/1944bHDW/3bSw0Pvz4x7t23x9uaKpApwEAANY0Y5ghmYhtH0ibP3rn9b//T2/9pqZp8cnu1cqVA5uP7f7EOQkhKgOdBgAAAC27qe7EgYz5HWOAoWamo+1291PP/+4anI+wQKcBAADWLmOYoautrq+7UX9tdBdq38nGi+uP7PrI4GOPyolPMeg0AADAWtdUHz95MFtVVWn+Sevq91NDsfse+b2vyo1NKR/qNGSzWeP12NhY6MEAAACE5/wLl/QXg5lUZ6rWGGCommuqn+389S//EeYjLO52GrLZrLmjYPkTACQEbw0AAAS8SURBVACgLA1mm06Ndv3Bxf2apiWu91YXYzta9+3+6rNr5yub2GF6AgAA1qJ/881/0F+sS37xxdc0TdMS17e0LLWf+LXzzf19MiNTGDoNAACwRm0tXK+9/y81TYtNd1Yvx44NnR0+vSZ+QsI3RTsNf3npadkhANlPZQcAJJdkBwAQHdtG7ryIT3b3FPqffP5rmI9w5d5peOONN8x/vvnmm4ODg8LiAQAACEnlXGPDv3YN9Y5uHL7nf199U3Y4EeDeadi1axflT0H+18tD8aUN1RU1IZQl2o0NvyxVrTTPd8sOhI/J7p+n3xmWHQUfsy1jtXOpukJKdiAcLFTO3WyZTk8PyA6Ej3c3/VP9VE+8VA6XfTgCKGuh9r2mWx2f/Pd/JDuQKFF0euLY2a90dXUlk0nZgYDVG2+8seuzYXQcwZOFhYXr168PDa2tH9yLhJmZmVu3bvX09MgOBKzGx8fXr18vO4qIudtpGBsbw/c0AAAAAMmHRhrQUQAAAACSStkBAAAAQDRUlEol2TEAAABABCh6I6QdvtbaEZpFLrS/UvS7sixfh6/5mnilJPS90h1vGvN0J5mnHByr4LtBWPBq/+ANRc88YHL2MBRfX/546zR4qq2PPH1nYs8t6qtTRLPgCMiOY/uLOAJyPzuypFV5ffGl7xSWbcD4KEie9iLYf/HHUw6OVaDUSx3BG8o184DJGcMo2/VVYpbJZBz/1F9YPvWdbZDF2GNwrIunCgastdcIgyxGCTWTyfirgqcGDJ5D+KuAV/sHbyhStvZM/OXjb0nV1pdjEfY/za3kGo/9I45VCL4lsORA2uvZS/GEb/tTFgt4ujEnN97xHZvvol3/9FFKCKpJPR17B4rUpRJ9nWe/fHEs1FPn0VPMjgtLuVry0SykN7Vg3djg1Y/iKvDR/uKCNF+1WFalJR7S1dVa2GUcA7C0G2NyTEUFFLD9xTGHoVpsCqq2H3r0DyQ2GX0AhxJeeX/PhO9mYckNXPFtf6HYj4Dlvcu4ktVjCJ6bIltaQCwzYvoyYzy+RsiSm5GJ1z4u+4yevegy4Pl7Gny0F3ue9GxdS/Q36aXs6uTVLI454wjoinv78z0CesIyTFgGu4zOaF7HOyp8Myd3HLZxjMQxkyCtp/59IVza35KD680EjO3PhaeLBPXXl1fVXnckrxdVLOuSPmYgjuKrU2iz4AjoimP7CzoCCjo7Uqi8vugsA0Jek7v2rhgPhmXZvWbhqf19VJO9v+sp24Ciu74oqscE35zpr8lCaOgork5eAeMI6E/AQVHRBdmL47trR2h9KRhn8Psn1kj7C6pmwHt66Emivr488fDIpawmCFhuua5OuVVYU0dAR+wjbUKrGc7hlfRmhHi6OjKW5DuyYglgbGzM60QVew6OVRBULxb+2t9IK3RGjz3ntbO+KCoymYxmuzFE83Knob1dPEXAWBBLKaTwWMaZ7aXQKxiw1q4ENYt9GX8nA68NGLlVwKv9PVUzeHiOmVNWcdmsrzIT9S5ahHBp6jW1vsr/a6TX1OpUE1ZBtGB9yYX2D9ManGYNqMw7DWttdSoIqyBasL4AgKLMOw0AAADAC34aGwAAAJig0wAAAABM0GkAAAAAJv8f03ZDnES/eaUAAAAASUVORK5CYII="
                                height="200"
                width="700"
                margin="0 auto"/>
    
    
        <p style="width: 100%; text-align:center;">
      <a style="color:#0d0d0d;font-family:-apple-system, BlinkMacSystemFont, &#039;Segoe UI&#039;, Roboto, Oxygen-Sans, Cantarell, &#039;Helvetica Neue&#039;, sans-serif;; text-decoration:none; font-size: 9pt;" href="#reportTop">
          Back to top &#8593;
    </a></p>

    <hr style=" border: 0; margin-top: 50px;  height: 1px; background-image: linear-gradient(to right, rgba(231, 231, 231, 0), rgba(231, 231, 231, 1), rgba(2311, 2311, 231, 0));">

    <p style='font-size:15px;line-height:24px;margin:0 0 16px;color:&#x23;212121;font-family:-apple-system,&#x20;BlinkMacSystemFont,&#x20;&#x27;Segoe&#x20;UI&#x27;,&#x20;Roboto,&#x20;Oxygen-Sans,&#x20;Cantarell,&#x20;&#x27;Helvetica&#x20;Neue&#x27;,&#x20;sans-serif;text-align:center;font-size:13px; color:#666;padding-top:30px;margin-bottom:0;'>
        Powered by
        <a style="color:#439fe0;" rel="noreferrer" href="https://matomo.org/" title="Matomo Analytics">Matomo Analytics</a>
        <br />
        The leading open analytics platform that respects your privacy.
    </p>

        <p style='font-size:15px;line-height:24px;margin:0 0 16px;color:&#x23;212121;font-family:-apple-system,&#x20;BlinkMacSystemFont,&#x20;&#x27;Segoe&#x20;UI&#x27;,&#x20;Roboto,&#x20;Oxygen-Sans,&#x20;Cantarell,&#x20;&#x27;Helvetica&#x20;Neue&#x27;,&#x20;sans-serif;text-align:center;font-size:13px; color:#666;'>To unsubscribe from this report please follow this link: <a style="color:#439fe0;" href="__unsubscribeLink__">Unsubscribe</a>.</p>

</div>
</body>
</html>
