<?xml version="1.0" encoding="utf-8" ?>
<result>&lt;!-- Matomo Image Tracker--&gt;
&lt;img referrerpolicy=&quot;no-referrer-when-downgrade&quot; src=&quot;http://http://example.org/piwik/piwik.php?idsite=1&amp;amp;rec=1&quot; style=&quot;border:0&quot; alt=&quot;&quot; /&gt;
&lt;!-- End Matomo --&gt;</result>