<?xml version="1.0" encoding="utf-8" ?>
<result>
	<nb_uniq_visitors>2</nb_uniq_visitors>
	<nb_users>2</nb_users>
	<nb_visits>56</nb_visits>
	<nb_actions>88</nb_actions>
	<nb_visits_converted>0</nb_visits_converted>
	<bounce_count>27</bounce_count>
	<sum_visit_length>1476</sum_visit_length>
	<max_actions>4</max_actions>
	<bounce_rate>48%</bounce_rate>
	<nb_actions_per_visit>1.6</nb_actions_per_visit>
	<avg_time_on_site>26</avg_time_on_site>
</result>