<?xml version="1.0" encoding="utf-8" ?>
<result>
	<row>
		<idSite>5</idSite>
		<idVisit>186</idVisit>
		<visitIp>156.5.3.209</visitIp>
		
		<lastActionDateTime>2017-01-11 03:10:05</lastActionDateTime>
		<siteName>Site 5</siteName>
		<userId>userId209</userId>
		<deviceType>Unknown</deviceType>
		<deviceTypeIcon>plugins/Morpheus/icons/dist/devices/unknown.png</deviceTypeIcon>
		<deviceModel>Unknown</deviceModel>
		<operatingSystem>Unknown</operatingSystem>
		<operatingSystemIcon>plugins/Morpheus/icons/dist/os/UNK.png</operatingSystemIcon>
		<browserFamilyDescription>Unknown</browserFamilyDescription>
		<browser>Unknown</browser>
		<browserIcon>plugins/Morpheus/icons/dist/browsers/UNK.png</browserIcon>
		<country>China</country>
		<countryFlag>plugins/Morpheus/icons/dist/flags/cn.png</countryFlag>
		<region />
	</row>
	<row>
		<idSite>5</idSite>
		<idVisit>185</idVisit>
		<visitIp>156.5.3.209</visitIp>
		
		<lastActionDateTime>2017-01-11 01:10:05</lastActionDateTime>
		<siteName>Site 5</siteName>
		<userId>userId209</userId>
		<deviceType>Unknown</deviceType>
		<deviceTypeIcon>plugins/Morpheus/icons/dist/devices/unknown.png</deviceTypeIcon>
		<deviceModel>Unknown</deviceModel>
		<operatingSystem>Unknown</operatingSystem>
		<operatingSystemIcon>plugins/Morpheus/icons/dist/os/UNK.png</operatingSystemIcon>
		<browserFamilyDescription>Unknown</browserFamilyDescription>
		<browser>Unknown</browser>
		<browserIcon>plugins/Morpheus/icons/dist/browsers/UNK.png</browserIcon>
		<country>China</country>
		<countryFlag>plugins/Morpheus/icons/dist/flags/cn.png</countryFlag>
		<region />
	</row>
	<row>
		<idSite>5</idSite>
		<idVisit>218</idVisit>
		<visitIp>156.5.3.209</visitIp>
		
		<lastActionDateTime>2017-01-05 03:10:05</lastActionDateTime>
		<siteName>Site 5</siteName>
		<userId>userId209</userId>
		<deviceType>Unknown</deviceType>
		<deviceTypeIcon>plugins/Morpheus/icons/dist/devices/unknown.png</deviceTypeIcon>
		<deviceModel>Unknown</deviceModel>
		<operatingSystem>Unknown</operatingSystem>
		<operatingSystemIcon>plugins/Morpheus/icons/dist/os/UNK.png</operatingSystemIcon>
		<browserFamilyDescription>Unknown</browserFamilyDescription>
		<browser>Unknown</browser>
		<browserIcon>plugins/Morpheus/icons/dist/browsers/UNK.png</browserIcon>
		<country>China</country>
		<countryFlag>plugins/Morpheus/icons/dist/flags/cn.png</countryFlag>
		<region />
	</row>
	<row>
		<idSite>5</idSite>
		<idVisit>217</idVisit>
		<visitIp>156.5.3.209</visitIp>
		
		<lastActionDateTime>2017-01-05 01:10:05</lastActionDateTime>
		<siteName>Site 5</siteName>
		<userId>userId209</userId>
		<deviceType>Unknown</deviceType>
		<deviceTypeIcon>plugins/Morpheus/icons/dist/devices/unknown.png</deviceTypeIcon>
		<deviceModel>Unknown</deviceModel>
		<operatingSystem>Unknown</operatingSystem>
		<operatingSystemIcon>plugins/Morpheus/icons/dist/os/UNK.png</operatingSystemIcon>
		<browserFamilyDescription>Unknown</browserFamilyDescription>
		<browser>Unknown</browser>
		<browserIcon>plugins/Morpheus/icons/dist/browsers/UNK.png</browserIcon>
		<country>China</country>
		<countryFlag>plugins/Morpheus/icons/dist/flags/cn.png</countryFlag>
		<region />
	</row>
</result>