<?xml version="1.0" encoding="utf-8" ?>
<result>
	<row>194.57.91.215</row>
	<row>1.2.4.0</row>
	<row>1.2.4.1</row>
	<row>1.2.4.2</row>
	<row>1.2.4.3</row>
	<row>1.2.4.4</row>
	<row>1.2.4.5</row>
	<row>1.2.4.6</row>
	<row>1.2.4.7</row>
	<row>1.2.4.8</row>
	<row>103.29.196.229</row>
	<row>113.62.1.1</row>
	<row>137.82.0.0</row>
	<row>137.82.130.0</row>
	<row>151.100.101.92</row>
	<row>2003:f6:93bf:26f:9ec7:a6ff:fe29:27df</row>
	<row>::ffff:137.82.130.49</row>
</result>