<?xml version="1.0" encoding="utf-8" ?>
<result>
	<row>08f90c1a41715536</row>
	<row>1bd69c7df3112fb9</row>
	<row>908c9a564a864265</row>
	<row>a9b7ba70783b617e</row>
	<row>aa68c75c4a77c87f</row>
	<row>b8c37e33defde51c</row>
	<row>e93028bdc1aacdfb</row>
	<row>fba9d88164f3e2d9</row>
	<row>fed33392d3a48aa1</row>
	<row>e64bc481700c5d69</row>
</result>