<?xml version="1.0" encoding="utf-8" ?>
<result>
	<row>
		<label>Others</label>
		<nb_uniq_visitors>7</nb_uniq_visitors>
		<nb_visits>7</nb_visits>
		<nb_actions>7</nb_actions>
		<nb_users>7</nb_users>
		<max_actions>1</max_actions>
		<sum_visit_length>0</sum_visit_length>
		<bounce_count>7</bounce_count>
		<nb_visits_converted>0</nb_visits_converted>
		<is_summary>1</is_summary>
		<Referrers_Keyword>Others</Referrers_Keyword>
	</row>
	<row>
		<label>this search term - Others</label>
		<nb_uniq_visitors>2</nb_uniq_visitors>
		<nb_visits>2</nb_visits>
		<nb_actions>2</nb_actions>
		<nb_users>2</nb_users>
		<max_actions>1</max_actions>
		<sum_visit_length>0</sum_visit_length>
		<bounce_count>2</bounce_count>
		<nb_visits_converted>0</nb_visits_converted>
		<logo>plugins/Morpheus/icons/dist/searchEngines/xx.png</logo>
		<Referrers_Keyword>this search term</Referrers_Keyword>
		<is_summary>1</is_summary>
		<Referrers_SearchEngine>Others</Referrers_SearchEngine>
	</row>
	<row>
		<label>search term 2 - Alexa</label>
		<nb_uniq_visitors>1</nb_uniq_visitors>
		<nb_visits>1</nb_visits>
		<nb_actions>1</nb_actions>
		<nb_users>1</nb_users>
		<max_actions>1</max_actions>
		<sum_visit_length>0</sum_visit_length>
		<bounce_count>1</bounce_count>
		<nb_visits_converted>0</nb_visits_converted>
		<url>http://alexa.com/search?q=search+term+2</url>
		<logo>plugins/Morpheus/icons/dist/searchEngines/alexa.com.png</logo>
		<Referrers_Keyword>search term 2</Referrers_Keyword>
		<Referrers_SearchEngine>Alexa</Referrers_SearchEngine>
	</row>
	<row>
		<label>search term 2 - Babylon</label>
		<nb_uniq_visitors>1</nb_uniq_visitors>
		<nb_visits>1</nb_visits>
		<nb_actions>1</nb_actions>
		<nb_users>1</nb_users>
		<max_actions>1</max_actions>
		<sum_visit_length>0</sum_visit_length>
		<bounce_count>1</bounce_count>
		<nb_visits_converted>0</nb_visits_converted>
		<url>http://search.babylon.com/?q=search+term+2</url>
		<logo>plugins/Morpheus/icons/dist/searchEngines/search.babylon.com.png</logo>
		<Referrers_Keyword>search term 2</Referrers_Keyword>
		<Referrers_SearchEngine>Babylon</Referrers_SearchEngine>
	</row>
	<row>
		<label>this search term - Ask</label>
		<nb_uniq_visitors>1</nb_uniq_visitors>
		<nb_visits>1</nb_visits>
		<nb_actions>1</nb_actions>
		<nb_users>1</nb_users>
		<max_actions>1</max_actions>
		<sum_visit_length>0</sum_visit_length>
		<bounce_count>1</bounce_count>
		<nb_visits_converted>0</nb_visits_converted>
		<url>http://ask.com/web?q=this+search+term</url>
		<logo>plugins/Morpheus/icons/dist/searchEngines/ask.com.png</logo>
		<Referrers_Keyword>this search term</Referrers_Keyword>
		<Referrers_SearchEngine>Ask</Referrers_SearchEngine>
	</row>
</result>