<html style="background-color:#edecec">

<head>
    <meta charset="utf-8">
    <meta name="robots" content="noindex,nofollow">
    <meta name="generator" content="Matomo Analytics">
</head>

<body style="color:#212121;font-family:-apple-system, BlinkMacSystemFont, 'Segoe UI', Roboto, Oxygen-Sans, Cantarell, 'Helvetica Neue', sans-serif; line-height: 24px; margin:0 auto; max-width:1000px; background-color:rgb(255, 255, 255);box-shadow: 0px 0px 5px 1px rgba(0,0,0,0.75);">

<a name="reportTop"></a>

<table style="width:100%; background-color: &#x23;3450A3; color: &#x23;fff; padding:10px 0; margin: 0 0 25px 0; height:64px;">
    <tr>
        <td>
            <a style="color:#212121;font-family:-apple-system, BlinkMacSystemFont, 'Segoe UI', Roboto, Oxygen-Sans, Cantarell, 'Helvetica Neue', sans-serif;; font-size:16px;padding:0 15px;padding-bottom: 8px;color: &#x23;fff;height: 22px;display: inline-block;vertical-align: inherit;" rel="noreferrer noopener" target="_blank" href="http://example.com/piwik/tests/PHPUnit/proxy/">
                                    <img src="http://example.com/piwik/tests/PHPUnit/proxy//plugins/Morpheus/images/logo-email.png" height="30px" width="auto" alt="Matomo,&#x20;free&#x2F;libre&#x20;analytics&#x20;platform" />
                            </a>
        </td>
        <td align="right">
                        <a style="color:#212121;font-family:-apple-system, BlinkMacSystemFont, 'Segoe UI', Roboto, Oxygen-Sans, Cantarell, 'Helvetica Neue', sans-serif;; font-size:16px; padding:0 15px; color: &#x23;fff" title="View Web Analytics reports for Site 1." target="_blank" href="http://example.com/piwik/tests/PHPUnit/proxy/index.php?module=CoreHome&action=redirectToCoreHomeIndex&idSite=1&period=week&date=today-date-removed-in-tests">
                Dashboard
            </a>
                    </td>
    </tr>
</table>

<div style="margin:0 20px 25px 20px;">

    <h2 style='color:#212121;font-family:-apple-system, BlinkMacSystemFont, &#039;Segoe UI&#039;, Roboto, Oxygen-Sans, Cantarell, &#039;Helvetica Neue&#039;, sans-serif; color:#37474f; line-height:30px; margin:25px 0 15px 0;'>
        Hello,
    </h2>

    <p style='font-size:15px;line-height:24px;margin:0 0 16px;color:#212121;font-family:-apple-system, BlinkMacSystemFont, &#039;Segoe UI&#039;, Roboto, Oxygen-Sans, Cantarell, &#039;Helvetica Neue&#039;, sans-serif;'>
                Please find below your week report for Site 1.
                <br />Mail Test report (each in period)
        <br />Date range: January 2010
        <br />Sent from http://example.com/piwik/tests/PHPUnit/proxy/.
    </p>

    
    
<h2 id="Actions_getPageTitles" style=" color:#0d0d0d;font-family:-apple-system, BlinkMacSystemFont, &#039;Segoe UI&#039;, Roboto, Oxygen-Sans, Cantarell, &#039;Helvetica Neue&#039;, sans-serif; font-size: 24pt; font-weight:normal; margin:45px 0 30px 0;">
    Page titles
</h2>

            <img alt=""
                                    src="data:image/png;base64,iVBORw0KGgoAAAANSUhEUgAAArwAAADICAIAAACF9KXqAAAACXBIWXMAAA7EAAAOxAGVKw4bAAAgAElEQVR4nO2deZQcR53nI6uqu6urq7q7+lZf6kOHJUuyjHzbsvEBZsGYlfEgjEcrGHY8LBj7gWH2MbMLNTvjN8MDw/Ieb8zC2wXvGzH4wB7wPsae8S2ML9nIsiTbkqXW1a2Surv6qr7q3D+ylZ3KIyoyM7LyqO/n6ellZUb84hcR2RG/jPhFhFAsFsk5BgcHpesjR44QAAAAAIBzhKSrwcFBuaGg+AkAAACACicgXcFEAAAAAACFQOkgAAAAAADy6Qk58rmJ4eFh+aMzZ850dHRQJM7MzESjUUEQeKlolLu/9xoh5MNb2m+/oc8pHXzD4uIiIaSmpsZpRQAHisXi7OxsNBp1WhHAh4WFhWAwWFVV5bQigAP5fH5hYaGurs5pRUqgHGkYHBy06M2QyWTkzpVOceDIpNMq+IFsNpvNZp3WAvChWCyKViDwB5lMJpfLOa0F4EOhUMhkMk5rUZrzRho0zYWuri7KTzXpdLqjoyMU0h7DKBs1NdWdnZ3O6uADksmkIAjt7e1OKwI4kM1m5+bm8HfhG4rFYjgcbm5udloRwIH5+flcLuf+P8/lkQafLZfIFwrZXMFpLQAAAAD/oBxpkP+0z4bYf3jUJsnf/sffixenR2dffXs4Xh+2KaEKITUxRYgwOg2HWQ02rG51WgUAACgry0aDn4YZRKbSizAaAAAAAF74+QtyOg2fLwAAAIAb7jIaPvWxK8R/XKRN+d1o4FVQgAIKGQAAJFxkNHzqY1f85qlXxX9cWuqZObesFbSj4xGLiyKcnqitfaFk/HE0ARnT5S6T19sIAAA+wEVGgxyxO2REr01Pz7llzauh7LAgWQym4a6SWj5fE5AxUZvEwm4AAADiWqOBC+4xGiocdLoAAOAPHN6CSULsVMT/xT5G/j859xEp73vkd6T7F936fSlAJlv4jx+/5l9+93vpqeJLVC1NfV/+SE+OPKI6CSkjekIUTzWv6alQkJehPF1NlaQAehnRy4IhrBe7TeWspxjRKRMAAKg03GI06DXKlE5U8oGQ7oubNAx0N3z0iv6fPLZ3ZDRdVdvA2CXLew7NnoylOy8JFyFWEmX5yS7NRBbKU+wmYtGLBQAAAHH/9ASl4dZ7lM3mG+uXDliqCsflweTf3IY+4hX39cbbFffp/ZBaiHpUgAuUMjTaNTKWAyUWl2IvQznDYgAAADUcRhpu+9oTqnsH9AI//sNtphNSTFXoURUKhGuW8lVd20gJaah75tKXU0wNynSAq2AsB8pQfxmK3UQ5M75dAABQyZR7eiKRSCQSCdPR5XPPeo17bbgqcO5g7ip9o8HosDxjX6JwyDAnxM2wl4PmfV7Fbkc5s7xdAABQyXAwGh7/4bZEItHf3y/+TCaTbW1tgYD2xMfQkPUENVz55NSFl0+XrwrXa0pw4Xe8+pPXf7ih2EuWM/3tAgCASobPSIN88ODQoUMDAwN2HI3N2I7XRaql69D5RgNl7ly8oHjgszvKUT5/9YSoOzD2HsvK7IZefhWYK4eSWCx2vuUMKwEAAEriltUTLChafEXnQc6tt4xF5CMNMXoU9U+Wa2JhAJyXELqvn1GbQ3HNWD5Gs1C2YjcRix4FJgUAABBChGKxyFciy0iDTUdji0su//QT69esbBKv56dG/u6+T9dUB03LdGdvYZ9WCsmpiRQhQlM8bkda7Go4jqY+njsaO5vNDg0NrVmzxmlFAB+Gh4fD4XBzc7PTigAOzM/Pj4yMDA4OOq1ICdy+5JId0UpYuSJWX1dDCPkfX76GEFLb0Dk5s2BIDmUtn3vwn9+Dm4vdbfoAAIBTeGl6goXFbL7h3CYNIlMzi+3NdewSFGPjPJXjit6MvkdxbbH7qZABAMAizhgN9o3rtjRGtqzrCAQE6U6krtpockeOHOGtly3YoadCZjKZFwShvb0c4/DuLHZ3agUAAI7gn+kJkfpotdxiIISMTcw5pQwAAADgJ5wZacidetEmyTEyrhA+NnIsd2rMpuR8TyCVEoiQy5bbERLYQT6XI6THaS0AAB7GbyMN8TpljsZnCo5oAgAAAPgMvxkNTVFljibSMBoAAAAADvjNaGiMCoo7hWJxdqES7Ya11/0ZSxjxX9kS5ZgW0AOFDACwCbcYDVLvZa4P+8wDKULI6hWB1vrlHD1yXxMhJDlZPDOVVyenp4bRpL3L2uv+7P0X/4/4rzwZF1MkZsvfViUtvoFW0uUus2wVCgCoNFy0T4PYnYhIvYshFrOktV5j88fxmcJAu/KmuSScxT6dy1AU1pW3W0nrb6DFRPmK9eIbDgBwOW4ZaVBg7lMpWitUh5TTE4SQ0SmN6Ql8jQEKeD0AAECNi0YaKMibb8XnoHghHlVVHw5o3h/TWUBB/xrTTFQMLz1SDLZr6kaRr+iZ6NHFO3SxJYf9NaVJ5aBW6ZUnvl8yR4zOE+xfvXolIxeiSFSzKjXDm/v4LllNikeaBa6pHl1JxVP1tZ5iBIMNAAAb8IDRoGj45M2ldF/0aWisC2jeP6s10mAuUfU10Wri9cKbyJp0XbIPUEujKK8nTS3k1SceoJcApRM1DaX8TSTKWB1GlTFU4IZSYYxFLxYAAOCOS6cn5M2f3ie1+n5TNKB5f1x/1aXeKDSl8VV/z9F1owx0s2SNcZxcr8MwKs2QEEd8LIwmar082d9ASnKKdOn9vVpJ9eiLGlgMAAC74TDSMPOjsPznCkLm9QPH7tU9c5Iy0Mr4/RqPCorAS9MT08rVE3Io39wsiWriqulwLsq4KkdGYVTe+htoIjA9Fn3aRW6RmEgRAACMUu7piUQikUgkNB+xj+HrCW+pDyrkiNMTwaAwNVdoiOgOq6ibZouj7q5qxLko46ocGYVReetvIF2OwnfEnJKasWA6AADKAwejIXbvQiKR6O/vF38mk8m2trZAQKeHnhgyJJxlLFq0DGYnTrbUb1A8euS+ps88kErNFM9O5SlGg4lEQYXghpdBPbSgQNPHAgAAuMPHpyGRSOw8x7Zt23bs2LFTB71hBkbk7uWK1jMYqm6KBvRa1bOTJXwhKRPGJoYZ1BPSpqMz9gTqWFyUoQvRS9SEQGI5p2ppemlxmXgyV+CUYQa9WJQxCU/PGQEAvIjbV08oGlP5T+ladFzILc5WBQV1FPHp6AzNrUEhkJKoabVNR9fzj6N3PHrXJpShC6EkpI5O9/VjV0wzUZZXxWhC7GKtJ2ciFj0KBh4AANwRisUiX4mHDh0aGBgIhWjmCN+jscXpiYnhvf/+gxv0nt60sfquj0Y5JlohpFIpgQjxJg5HY9vXh7mkd3SJGhJqfXK53IlMz5o1a5xSCfBleHg4HA43Nzc7rQjgwPz8/MjIyODgoNOKlMClSy5ZUHyn3nHL5ZTAozgg22lMDNi4HBOzSGXDbfoAAPyB26cnKCimJ5rqaAbQWdWZVaD86M3oexT6bJGD+KmQAQCuwhmjIdR9HRc5R44cIYTc9rUnCCFtfReGunu0Qj1BCDk7VQx0XhsIaJxMASgUQklBEELtqvO+zCJWGV/skOn+pCnoaVXMZsmQseVLAAAgx8PTEwra4rWUp/kCSU1RNp0CAAAAQAmcGWmY2TPCS9TOXa8RQtqj1bUnZ2ZSGXWAh+68XAxz7JUTNW31vNKtEBZTKSIIM3FM7viBXC6XS07MTJ/31xe7pNMpfQAAnsMnIw3ZfLGhtpoeZiy9WB5lAAAAAF/iE6MhHqkOlvJXGJuF0QAAAACYxwNGw+btW0uGiUdKDDMQQsZnNSYv7INFba+kYis+yIL7QSEDALjguiWX8tZt78O7GWM1shgNc+UzGjZv36pWXtFws+fObjS1LXPSejrQdbNVc6fqy45M7X149+btW/fsep6vWABApeEuo0HRXLK3nk0MRsMED6PBYoNuLnd247jFYBq7NXekvmxKRbQbnnzgl3YIBwBUCC6anlA3yuytZ0tdTckwE3OZfIHzntlWEBtxp7UArKC+AADALSMNJT/jNKctxLWUhJB777/71Z/+s2Z4KfBcNj8+u9gWC6vHMxQh1cqId8SQ6vBG81IyvJSclKhcN3XqenM6mvfVN9XJ0UURHl/DhkpJTze5ELWGegWrCG8uL0YLytBrxhhL85oywbdn1/OX3Hm9S8a3AABexC1GAx36tEWsJvj0j/4vvTEVzYvR2cWP/ueP6Ikq2Y1p9kO2Qsm4njcA/T69JNU/n3vwN5r3+WWRFaOas0szUafsZW4lOROxTE/wAQAACy6anqCg5yInXhQKxVg4JB8JkIeXX9/9ve9QmtQyjz+zNOh0bdVh9OKyyNeLcsOXbnVDx8PRHdJcvctjGfLZ1EtOkS69v1crqR59UeOGigMA+AkOIw1vXvJTxZ23yQt6gbfsuct6igpGR0986LNfZwl5z85vcE9dQUlvf+m6DA26ukdRz3dUJozWIaW+DNmX5oxRzVj0aRfULwDAVso9PZFIJBKJBF+ZV2/Y8OhXmJrI//3kr7dtupdv6oZwdmpDrkOFdy2MGWd0WylpE1BGgzSnjQwpqRmrwusXAGATHIyGLXvuSiQS/f394s9kMtnW1hYI6Ex86JyxZ8VdoJlh6YTIDVfdXCGzvCz+GSzBgBo3FJp6aEEB6hcAYAd8fBoSicTOc2zbtm3Hjh07daAMM2jO2lISlVrDlnObNOhNFUvXE/PZt371kvybmzKpzKiGIiSXZQWa9yn5YpdpYpz8uZ/8lpKuoZ8UNDs/xvJkLBm9ejekJ7tYxuQowwx6sShjEo74qAIAKgd3rZ7Yq7/kj8Lf/6+//VZyvzy8XI5cyMxCNpcvyJtpzZBqNTQ7AF7fcJTkKCFZFnqof5orYb0SsIK6s1RLZi9hTQ0Z69FQQuxirSdnIhY9yiV3Xo/NnQAAVhCKRc77HR06dGhgYCAUopkjXI7GFldRttVVf+maVYMtMcbwf3/Lxs6GiPXUNfHfaHAqlSKC0BSPy2/yyqZ9xeWSinCJGhKbt2998oFf9nT3yG/iaGzvMjw8HA6Hm5ubnVYEcGB+fn5kZGRwcNBpRUrgjSWXFNKZXEd9LXv4MduOrXJbD8ERlkkcE5R5jWsZsKmguLAZZ08AACzjrukJEwQDgbpqA7ngcgKFJq7qIfhix6SMXLJvis6+grKIWMi5XM5pRQAA3sYZo4HPiOguQgjpaI+xSttFCCGz8RqMx7IzmwwIghBrbz9y5IhNSdgh2T5t3Zw0BVGrbDYbGlqIrcH7DwAwieenJ1rjxhwUUlMLNmkCAAAA+BtnRhpG9szwEhXJhAxJO30izTF135NKLQoCycdRYn4gl8tNJHMj06hNk3ReUtrhGgB/4/mRhqa6sKHw6YVMgfeCEQAAAKAS8LzREDdoNMxncxm4gwEAAADG8arRcPeuZwgh7fWRlijressf33kTIeTM9Nx4WtutYev2zbzU40XZVLIvoTJkwYUVZxOVk1MHQSEDQMGrRoPIfCbXzGw0SEzOLVpPmtKy8Gp0tm7fvPvhvVxE+Rj3lxKvV0XKqV4sujRb+8Kt2zfL/9mXkDpd7jJ3P7wXdgMAenjbaAhXhapDQaOxJuc4LKCgdFTSI47WAxc57sTfuSOcXhXrtpHdptXuh/dK/8pWpzZlCnYDAHp422hojLCebymHy0gDAEAPdLoA+BUX7Qgpb2XkHxDSffVXxStvPP3oz75IDyx+oon3L7r1+4SQ6YWMOjxFK0W6kkD1WLF0R0pRoQ9dPUVG5FE0C0eum+JaEVIvayXv/+bB5yiFoKcYS4qauTNdSnry1Qoo+jOWl4d+racMsfaq0CVT0Mvj1u2bn9+1R5FTKQClium6MaqkUEZPDb3kSpZtyVia15QXRrNMAABuMRrUrb+8VdUMQwi58+Pbb/nWX5UMLF2L7pO/2/30HZev00yUl9pEq9Ex1ANJ6LWMLCpRJOvlXX3/tz95jiWtkhnRDMyrlNiVMfemWcfQq2JfWpo/2aWZ0JOlwInOG8ienIlYht5eAICIS6cnNJsV9TeZuEkDPTBRfUMEq+vyhQJjG6H4aCvZwes9YlePEfUHJT0VSjA5mvcZC4GeERPtuKFSYixGFktCr2Dp/SuvV8U6FOGfu++ThpJmfKMosVgKvGRy9LLlVX30TAEACJeRhp9e8qbizgvkbb3Ad+3Zonl/t9bgMyn1GRSPGNukQSQQDM1nsiYiqtFT2yL0Tp0+kswldcaQRrPP2N8wpq5ZDoxxGdPlWNo2vSplgLFUKUP9hurFXCWaqD7v1ggADlLu6YlEIpFIJDQfSQMGRPZnrPn3LLomdDdGja63/PGdN92965lIY09q1oAvpNT0aPYWmmp7F71BY71CYM8+46i46TK0ONnEpe58+apYGcIhxuulpLlMKVujeLRGAHAQDkbDXXu2JBKJ/v5+8WcymWxrawsEdCY+hkpI05xr0GQhmzO6h7QEl1WXctjV5oL6a4mvWKOUzL7dJWOrfL6lXeZXxVnckM2S1VdRNQKARfj4NCQSiZ3n2LZt244dO3bqoDfMQBld1AsWqakKBQNE9qHAPqM8Ob+oDk/JoN73jYmR/JLqlWy8KJ9Z7M4HLHlX3FcXgukelDLMQKlxxX1KKZkYZtBL1+hHrfVXpSSanR9jn/fLB540VPXsNcKCnljG5CjDDCaqj2ONAFA5uGX1hOLPXq8XlDcB7xx4Zesv/kIvML0BFbdqUIQ30YhQ1FPLZ1ePkkrJiIyBNfOuzg6LLSX/yR5Ss+R3q7YGYh8bN6Q5iwRD0S3Kp9ea5qyQ2qQzoQlL1VspGfZ6t5iciVj0KBh4AEATocj7yMdDhw4NDAyEQjRzxOLh1OLKya2ru7Zfts5c3KsGOz93xXorOtiHq1qrVColCCQebxJ/ukc392hSHrjkN5fLnU6e7unu4S7ZOi5RQ0JTH7cdjT08PBwOh5ubm51WBHBgfn5+ZGRkcHDQaUVK4NIllyw0mlo6ITKzyGf1BHfc1nTKcY9u7tGkbPB1XnED7JOJ5cdt+gDgHtwyPWECc+stReYz2XyhENTz1nQONFUsVGYp6c3oexTTs3V246dCBoA7SqNBHBs5cuSIralaHeXbRQghqz4U71xlXM4uQggJRgJ1a6qbGg2fkFlpBJKzgiC0t8eI/W8FKInFKshmswtDoc415/3VOFit7nyj3KkVAC7hvE/twcFB9//B3Pa1Jwghq3oaWuMRE9Ef/+E2Qsj7x1Jjk3OcNQMAAAB8zXkjDWWzGI4l91iUMDOXTi8enE8KpiW8e/xAddiM2VFRpFIpQoT5YtxpRQAHcrncmalkdXLaaUUqkb6OS5xWAQAOuG5Sn5FoXSgYMG8xEEKm03leygAAAACVQGlHyKmpKfnPdDpdX19PCZ/L5WZnZ3V3hCSEEDI3Z3VqIFJTtChkfGJhbi6o+ajnyY8SQqYGbp++8C5zwh/d/XXzmgG3cnXV1zqv6Ckdzq3k8/lCIW/9rw+YYGbG0jpzTTKZjE2SQflZXFzM5XLur83SRsPIyIj859DQEH0haSaTGRkZoRsNY1PjjPrpEQpkxsYsCRmfWBgbO28z6S/c8Y2f//P3CSFitxA7+sTR9k9bSQL4jOMH369epTulJb0/rqVYLGSzWYt/OMAcwexI6UAGWVxcDAQC6XSau2RQfvL5vNh7Oq1ICUobDevWraP8VMOyuVNN0ooxdZIQ0tPZ0NtLG/AoKYEEwr29rYoHvb09zQ9fI14HSH5la6RYq71xyo1Xb3/25Yc1Hz309JcIIaEzXbVzres6rzKrJHlr/+6upr6OTvOftkOn9leTus6e/pIhf/3IU5/+zMc0JBw7GCTBnpVrTevwxqu727pa+noMb8MlcXp4aKGQ7u/ZqPn08Uf/9bY/+Q90CWdOn5zNjff3mN/n4PDw65MDe06t/t2NvbdSgvX2unQcQnxdc7nc6dPJnp5u0xKI6s2/8ertdVFdQ2o2PVe2wGVWzyh9Heb/iPTA5k5+wiubO3l1n4aGmPbMAjuLmUI2V6wK0RwjQqmD2a6tmo9KNh+hXM3B30/e9k+bTGt493fvf/blrxCqgULnAsKa+vP/cP9/++Rfqu+3p7oJEZqazDtCfvW799OVL5m7ddRcPPfd+//61v9K14EugYXwMzW781a9dx3ESm8nSbjx6u1qUXXRyG+f/rlerFtv/kJ5ApdfPQAqE+WSS9HMkS7cxte/e1K8iNdbNRo+OJGZTufoYUKp90zLz4XnXjm+33R04CoGblr6TBw9eMZZTZxCtO2kvtltuFw9AHyDM0suNZH/tSvGDBU3+7qqmxqq1Pc1A4utiUK4aHxMzhQ+8wlaExOcGlJ/B0sCpeFQTbWDY40LhaxCH7p6esOteqnIdVNcq/VRo9e8yu8/+uSDRGswoGT2S0rWzJ3pUqJoolcaRt+f//TtOCHkkR8//JV/vEczR3pZlr9+ejroqaFWRlOOIjlNBShCKC+SdG19rMJWXK4eAL7BLdMT6plI9QzljVdvv+jW7xNC8vnitps/p27aWNo+uZxvfv0HivuiQ0NmxZWZzmuib36vZviltmiHIbXFrqXuxLqW8CAhr1B6OD31FOi1+CwqUSSrNde7/+iTP2FJq2RGNAMrckfR34RwRmmMgV/62VNDvf8S/dRByvR5Sd3oryVdLHtpUPj8Z+8zJ0SeO9Op24fL1QPAN7h0nwbN1lO6PvD2PvV9deCSn2X3fPMrmveLucVs25LT3GM/+zJ7eyQ9KgRyXb0D8kcm1KOjHkGhp0IJppkFxU2WQqBnhCWbvEqJ/kpovlclk+4ZXEVRtaQyjDnSE8tYs/Sauvm6O3/xqwcoQjRfKum+9E8rl07icvUA8BMcRhr+5iHVTmev6Ab+zk5tbzLNwWei+noTRwiyC3xWss7MFjTvC6RQqF8pXldNvEuRoKd2IZhdec0qnUiloXfqlMkCLpQczFAoQ5h7dBbJ7KkrBs9Z3h8r9G7tJ88RQsj6lj5eMg2pxyUvn//sfeqb9JfK5R/uLlcPAJ9R7umJRCKRSCQ0H0ktFJE1/YrmQPRFyC3yMRrSc9qbQuYbl/v74ORRqUnVbJ401a5baKuOVnNRsszojY3rFYJm9g1JVmC6A2B5f6wQrFryvV3fw2ddJWOBSLAPbFBe11/86gFzSy4BAIBwMRq+s3NPIpHo71/aDCCZTLa1telt7jREhujSWD5usgtTeo8MMTt/3kjD3nuGCSGLK67KxS8ghIzf/nzzY9dXJ18LpIdLihK1FXdoqPpgdWN1JxcN9ZDKR2+Y2qJYo5SstbJ9Dtr6cbx6+NOHu34d+SSHRTEu/D626aUCAPgJPj4NiURi5zm2bdu2Y8eOnTroDTOwTNBK/Pfv/Lli4lYdmKVRfu3VfZlsQaGAkM/mWjcSQkiwSrwTHNuv992mqZ4QynUPDChusqtXUnO90Q72VNTB9DRRxzL0cawHZZhBPcuuJ6GkJnrSNLPPUnS9F6zRE85YFBSXBbpY9pIhWjUl8vSLuxTTExQHC6MvlVM4pR69OmB1Ab/iltUTir98zQZLdGgghDTWBzUdyoz6zcVa13zq43dn5saXwot7QQaChWiXPFjV+MFs380saotLJ4rFQNflfWp9jKqnmUrJiIyBFcE0O86SX5x6tcYSUrM7fFa11N7QmLw6Fst99ven/UNd5EVCCBl+/WTXZT16uVDAqJhegeglYa5r/MWvHrBYvIoos+k5yq5Hs+m5MgR2RD0AKhOhWCzylciyjbS5o7FFh4aB7urPb2uJRqxu7iRK+9JnW9esDIt3xPWWc2s/N7/5y/I72ZaN0zc+yCJTnJ5oPnrFLf/l86YVc9WXnHg0trQjpHt0c0oTsYpXn7r9qi/exBLeup4cc2plG2lgETuOxsY20n7CK9tIu3TJJR3rFoPE9MySL6RoHyx2XJlvWt4ifvz25wkhVWPvBKZPlBQldieRE+vjNeYbZff0ymrco5uDmqxNfpYQcrj7MfuScPNcAACgwnHL9AQ7HC0GQsj07HkLKITcfK5FdjDSObeG0Ni+TH0vi8BCcLFnjXlTET0ECw6WUs/6Ve+n7E3C9DQWAADYjTNGg9mRupOEkBUtHX0d5o8rVEgTiq19HRsJIeIiznCsu3ng4/JA4v347Egtm87BYs1lN38iHNM9K89bhElSEIT29nbi9C7jLqHrxo3PPPp3hJD03tyGj11RMry5QrOpqLPZbGFuqK9jTemgAACghfemJxpjNRylTaUX5D+DLes1g+VPv8YoMJZr943FANRURZZev4N79bcwAwAAn+I9o6GpoZajtPRchhAy86MwISTQe1Ow9WJFgOhX04SQ4sT7+fGDFDnitpiRU2vbY253YwEW+dDElwgh767Y5bQiAABQbrxoNPAcacjmCnMLWfG6sDgZ7LpaEUAILM3g5E69VFJaPrh4wcWXclQPuJALr7jSaRUAAMAZPGM03Pa1J8SLlkaeg//vHB4bn5oXrwORFYFIm17I/MkXSkoL5cN9l6zjpRtwJz2blnYZf+s3LzqrCQAAlBnPGA0iGwabWxr5TE88/sNt4sVYamnPllDrBkr4/KkXi0XtA64kYrkVcGjwPZJbw4H9LzurCQAAlBmPGQ3BYKAuwvkgqFX/1kcIEbquDbRt0QwgujWQxYnC6D7NAKJDQ/jU6hX1q/nqBtzJZTNfJYQc7X7caUUAAKCseMxoiEV5OjTIKaZPBbuu0XwkuTXkh3dTJOTD6fWY7a4MNl23VbxYmMHWwgCACsJjRkNDnV3nTQcbVwk19fQw+eTrlKehbGTlRVgBXxF0XLC009c7/46FlwCACsJjRkNjLGyT5GDbxYJQojQKYweKuQW9p/WL3dJsN/A3waqlwadD75k5RQUAADyKx4yGeANno+GhvjsIIUL7ZYEO2u5+0XvmCCGF1MH82DuKR0sODSP9XQ1YN1FBXD5zDyHkg65HnVYEAADKh8eMhmauOztJFJ3SKkIAAA+ESURBVMcPBnuuowSQBiEKp7WHoxdj45u2buWvGXArmz96vXiRHp1yVhMAACgb3jAaZJs02DI9kalfJ4SYJOdHlSMNIqFMXfcm7AVZQbT2rxAv9j3zB2c1AQCAsuENo0Fk46qWJq47O0lbNUxHSzs0iBSmjhYzafX9hul+aZ4bVAJSdQ8dfdtZTQAAoGx4yWiorgrW1vDsmMUjJ44sDCTDl5UMHLt3gRBSGHk5P75fuik6NNQk+wZatPd4AD7mqoVvEEI+6H7MaUUAAKBMeMloqLdnk4b2qjMnipvYwxdOKxdeZiOTF994PVelgAe49JabxIvx42ec1QQAAMqDt4wGWzZpGMoMTqTz7OHzY/sVd6rnGzvW9XJVCniAxq4W8eLgS7QNPAAAwDd4yWhosGek4dDC2qn0Inv44uxwcXFSfic+DxfIiubYcW33WAAA8BleMhri9TyXTogODe/OXfDewrrpWSajQXRryJ94VlxDITo01A6v7mu/iKNiwENcm/8rQsjRHhxCAQCoCLxkNPA631JOLDR9ZHF1QAhMzuhu9aimINtPOl89t/lG7NBQoVx887XixdnDJ53VBAAAyoAHjAZxk4aNq1ta4vyNhr71l+dJ6MCRsbEJAycPyRdQVGfq21b3cFcMeAK4NQAAKgoPGA1LFIV4PX+jIdCxtNhyNDVvQJe50cL8mHgdz/dz1wp4jmMjSvdYAADwH54xGmrDoeqqIC9pokNDoOeGYOfV4p3UNJPRcM6t4Zm/feRjhJDIqbV9Kzby0gp4kesD3yaEHO990mlFAADAdjxjNMQiNqy3zC8EW5d2aEhNGfBpkCgGcptuuJqrTsBjbLrhKvFiZP8xRxUBAADb8YzRYMcmDYGGQenICUOOkBLVuVjLQCdXpYDHkNwaDrz8qrOaAACA3XjGaGjkut5SJNh+sXQ9lc6YkNAs9PFSBnidk2cOOK0CAADYi2eMhqYGbkbDOYeGGwMdVyzfnM3k8wWW6LF7F37QuIEQEjmxpq8HDg2A3By+nxBycuW/Oq0IAADYi2eMhpYG3ksnBCHYvF76dfjExMS0wRkKobj+w1eUDgb8zvrrLhUvTu37wFlNAADAVtxuNIibNFw40NzMe5OGYEO/6NAgHZB9NmVgqwZCSE0m3Lyyna9WwIvUdzSJF/t3v+KsJgAAYCtuNxpEAkGhIcpnekKcmyCEBFo3Kx6NTzGtuhR3jyaENM3mC7NJLloBf/Ba9EdOqwAAADbiDaMhEq6qCvFUNdD94eAK5czC+KSB/Z1qj/f3BM7kR/BlCQgh5OPRf3BaBQAAsB1vGA31dbzPtwzWBBqVR1NOTBs461Igwqqm/fnTMBoAIYSsu3bJreHEHw85qwkAANiHN4yGxhhnoyHYuEraoUEixTY9IVK7EK6PjMNoACLR1gbx4u0XdzurCQAA2Ic3jIaGKB+jQebQsEn9dDJdeqRBcmiILxJCSCH5RiE9wkU34A/eij/otAoAAGAX3jAaOG7SQAgRVlyudmgghMzOZbI5pq0awiODa67YIV7nTuHLEhBCyLbW/+m0CgAAYC+uNhrE9ZaEkOZ4hKNYoaoh0KBxNOWxkenxSaZVl0JRWLt1i3idO/UCR92Ad1l15UXixdFXsTUkAMCfuNpoELmgL97K1WgIxtcIwfNOspC2ahidYHJriGRbpKX5+ZMvFItM4xPA30TiMfHird3POasJAADYhAeMhmAoEItUWZez7NDQ8SG9MGMTtJEGyaGhrWZg+e70UGH6pHX1gG840PaQ0yoAAIAteMBoiEVqgkFuegrNF4ZWXKn3dIxhq4bqs72r120hhMTuXdp2ujD8Ei/1gKf5k+6fiBfZOQPLdwEAwCt4wGior+N5KLYQbhJiPXpPmVZdCsW11543VpE//Zp1xYAPGLhs6TSTo3vedVYTAACwAw8YDXwPxQ42XygEQnpPx6dKn1kVnVshzV6L5Mf2FQs5DsoBjxOOLTnfHHj9ZWc1AQAAO/CA0RDnYTRIDg2aiy0lJvSNBsmhob1mjeJRIfl6cWrImoLAV7zT+nOnVQAAAP54wGho4jjSUNcV6LqG8nwxm1vM0MYMQqnWtRddJv2U3BpyI3/goiDwOnes/Jl4sTBj7NBUAABwP+41GmSbNHA7FFuoaQxEOykBTp1J030hC6Hc+mu3aNw/+0erygFfMHj1RvHig5ffdlYTAADgjnuNBpGBroY2fps0BDouEQTtLEtbNZwdp30gRid6qyIae1rnJw4X8xnrGgKvE6xa8ph57509zmoCAADccbvRUFMTioStbtIgOTRUrfxIycCjWptCSg4N3WGNQysIIYWTzxYmPjCrIPAh2K0BAOA/3G40NERrAgGBj6xoT7D72pKhxvQ3hQyl2jddvlVxU3JryCdft6Id8A071/+TeJEenXJWEwAA4IsHjAZeogLRjkCkrWSwcX2fBkEga6/T3U0yPwq3BkAIIX2XXiBefPDqPmc1AQAAvrjdaIjXczMagiuuZgk2pn9mVcPUgN4jQkhx+ngxV3qbB1A5HDoItwYAgK9wu9FgfWen5R0aupiMhvFJZce/7NAQu5ASMX/sqcLE+8YVBL7l3Y5dTqsAAAA8cbvR0NLIZ72l0LY5uOJylpC5fH5uIau+H072bbhCe4+HZbcG7CcNCCGEfGHTL8WL6WTKWU0AAIAjLjUapE0aeK23DIRbWBwaCCFnU/NnUrPq+wIJDF61gR43P/aOGeWA7+i9eGnb0EMvv+WsJgAAwBGXGg0iXe3RFl5GQ/slJcNIWzWMpTR8IesXektKKEwfL2axDyBY5vAhuMcCAPyDq42GWG11dVXQigTGIycUyEcalh0aGteXjFg4/m/58YNGFAQ+51Dnw06rAAAA3HC10dAQ47NJQ6Bra7Cj9EiDhHqrhsjw6g1XXUWJInNreNWoesCXfPHiX4kXcGsAAPgGVxsN8Rifo6qE2pZAbQt7+NGUcoohUKySFt/TKYzixAFACCHdm1aJFweehx0JAPAJ7jYaGvgYDcHWiwyFV59Z1ZDrZoxbmD4GtwYg58hR2JEAAJ/gaqOh2dp6y2WHho7L6CEVnD3n0yA5NHS1MA0zEEIKw7vzZ/caSg74myPdv3ZaBQAA4IOrjYaWBg6bNAR6PxJs22woiiAIM7PLR1ZGTl2wcSvNoUFE5tbwB0PJAb/yF5c9Ll5MDo85qwkAAHDBjUaDtElDS5yH0RBpFcJNhqJMziwmx5cXUFQVaqT5aRYKZ940lBzwKx3rlpbp7nvm985qAgAAXHCj0SDSGq9tbaqzLifQUmJHJjnSVg2jslWXDUVWhwaRwuQRuDUAOUdPwK0BAOAH3Gs0NNaHq0Lm1TPt0CByZnxOcmjo6VhnKG5hbF/uNI7JBssc733SaRUAAIAD7jUamnistwz03hRs2WQi4ujE0lBB7fCaDQwODSLLbg0ju00kCvzHV7b+VryAWwMAwAe412ho5LHeMhDtEmrqTUQ8c86noToXlWam2cknMdIACCGkZaBTvHjrd885qwkAAFjHvUZDK4/zLQOtZoYZCCFnz+3vFA/0mIheGDsAtwYg5+hpuDUAADyPe42GZgvrLZcdGtovNSehpfNb4kVvZ+kjJzSYHckNY4YCLDO88mmnVQAAAKucZzQMynBKIQnr6y2FruuCzaa6/HPUJPs23XiNoSjLbg2nYDQAQgi596anxAu4NQAAvM6y0TA4OHhEhlN2g7RJQ5vl9ZbBhj6hOmpFQu1iU/PKdnNxcyeeLRYLVlIH/qCxa+nckz88/v+c1QQAACzi0umJxmh1k2VHSKNHTohIWzUQQuKCGYcGkeLEoWImbTo68B/Hx/c7rQIAAFjCpUZDU2NtMGhSt2WHhhVXmpNw0eb7xYu+XpN+lIQQkpvNn3rRfHTgO872v5DP5pzWAgAAzCMUi0XxSpyekB4ofrIj7YnkdQJT8YOH/3wxVGUi7kN9d3DXB3iX+Uzdg239TmsBAAAlqD018Jd//QglQKikiDfeeEP+87333lu/3pJ3oVcILETMWQwAKKitni0dCAAAnGahOfnmm7Tjk0obDZdeeinlp5pnnxqITbcGLEx8nOnb13JyXW3A/OqJU517m86sj1V1mIxfJMnC4TjZ+qe3XGhOwHO5PzTt+yaJ9dTFV5jUgZDY8GOzVb2FdpOTLISQyKnHF4NN+c7rTUuoPvnbAglluz9hXsLpp4OFhYXuW01LCI68EM6PzXbfblqCcPaVWGZoumu7aQnF8b1N8wdSXeYHkNa8MX2qYbwxbf59mBPSU71HVpzYaFpCprAwNvBex5AZXx+J5OAfO4YutiLhTN/brUMXBol5izy5cl/8xOpwMWJeQs87sZG+uryZnd9EznQdiJztqs/GzevQ8W5ksqVhoc28Dq2HqmZjTXOdpiWcbfogkK1pmTHvvDXaMEQIaZ0yP5A2Fj1ZqF5onzBwKKCC8fDpTHS6Y/QC0xIma5Lz8fEVSWMnBsiZDk2k24c7TpnsMgghc4Gpqe7jVv7A58ncZN/hjmPmZ9ULJD9TP7ZlyxZKGP7TE2+++ebmzZuDwaCJuMBtnDx5MhAIdHV1Oa0I4EA2m92/f//FF1vq8oF7GBoaikajra2tTisCODA7O3v06NGNG80bDeVheaRBsczSnMUAAAAAAL9y3vQEDAUAAAAA6OHSJZcAAAAAcBvLPg0AAAAAABSWpycU+0YrpipY/CJN+04qdMAsiXUcr034x1jH8Uokqj9J9e7yqFxGHK9NzT9J/J2apmIrlNWnoQzvk1iCbjgryx84WJu8VuIAF/5JoipN47Y/SfydWqQyK5Tm0yA2FvL/2VGclikJoRyhiffVVspcm8AO8CfpJ8pZm5pVifrli+MVWh5KbO5k2lSRj5aI13JRMGkdAbXpAxyvRAxoc8Tx2gR8qYQKPc9oUDcHHBV1T54rBAdrE3t+8MJtf5ImJm6BhEtqU7PWUJUmcHOF2odd+zRg1NpxHKzN8kytVQL4k/QTjtfmoJanueZNwILbKrQ8ToGlz54wgWJcxY4kQNlAbfoAVKKfMFebGGBwLRwrVPG1xkU9BYY3d0KL4ydQmz6gnJWIF8ZubCphWAxOUc4KNRTANLaMNJgbJFE4juJtdgkmahM+DW6D158katYNWKxNSYjeTVBm7KhQ+6rS8I6QFPsFdqvnQG36AFSin0Bt+gz/Vaix6QmPZhJogtr0AahEP4Ha9Bm+rFA+Z09gQsFPoDZ9ACrRT6A2fYanKxQHVgEAAACACRyNDQAAAAAmYDQAAAAAgAkYDQAAAABg4v8D6hrCl4ozEwYAAAAASUVORK5CYII="
                                height="200"
                width="700"
                margin="0 auto"/>
    
    
        <p style="width: 100%; text-align:center;">
      <a style="color:#0d0d0d;font-family:-apple-system, BlinkMacSystemFont, &#039;Segoe UI&#039;, Roboto, Oxygen-Sans, Cantarell, &#039;Helvetica Neue&#039;, sans-serif;; text-decoration:none; font-size: 9pt;" href="#reportTop">
          Back to top &#8593;
    </a></p>

    <hr style=" border: 0; margin-top: 50px;  height: 1px; background-image: linear-gradient(to right, rgba(231, 231, 231, 0), rgba(231, 231, 231, 1), rgba(2311, 2311, 231, 0));">

    <p style='font-size:15px;line-height:24px;margin:0 0 16px;color:&#x23;212121;font-family:-apple-system,&#x20;BlinkMacSystemFont,&#x20;&#x27;Segoe&#x20;UI&#x27;,&#x20;Roboto,&#x20;Oxygen-Sans,&#x20;Cantarell,&#x20;&#x27;Helvetica&#x20;Neue&#x27;,&#x20;sans-serif;text-align:center;font-size:13px; color:#666;padding-top:30px;margin-bottom:0;'>
        Powered by
        <a style="color:#439fe0;" rel="noreferrer" href="https://matomo.org/" title="Matomo Analytics">Matomo Analytics</a>
        <br />
        The leading open analytics platform that respects your privacy.
    </p>

        <p style='font-size:15px;line-height:24px;margin:0 0 16px;color:&#x23;212121;font-family:-apple-system,&#x20;BlinkMacSystemFont,&#x20;&#x27;Segoe&#x20;UI&#x27;,&#x20;Roboto,&#x20;Oxygen-Sans,&#x20;Cantarell,&#x20;&#x27;Helvetica&#x20;Neue&#x27;,&#x20;sans-serif;text-align:center;font-size:13px; color:#666;'>To unsubscribe from this report please follow this link: <a style="color:#439fe0;" href="__unsubscribeLink__">Unsubscribe</a>.</p>

</div>
</body>
</html>
