<html style="background-color:#edecec">

<head>
    <meta charset="utf-8">
    <meta name="robots" content="noindex,nofollow">
    <meta name="generator" content="Matomo Analytics">
</head>

<body style="color:#212121;font-family:-apple-system, BlinkMacSystemFont, 'Segoe UI', Roboto, Oxygen-Sans, Cantarell, 'Helvetica Neue', sans-serif; line-height: 24px; margin:0 auto; max-width:1000px; background-color:rgb(255, 255, 255);box-shadow: 0px 0px 5px 1px rgba(0,0,0,0.75);">

<a name="reportTop"></a>

<table style="width:100%; background-color: &#x23;3450A3; color: &#x23;fff; padding:10px 0; margin: 0 0 25px 0; height:64px;">
    <tr>
        <td>
            <a style="color:#212121;font-family:-apple-system, BlinkMacSystemFont, 'Segoe UI', Roboto, Oxygen-Sans, Cantarell, 'Helvetica Neue', sans-serif;; font-size:16px;padding:0 15px;padding-bottom: 8px;color: &#x23;fff;height: 22px;display: inline-block;vertical-align: inherit;" rel="noreferrer noopener" target="_blank" href="http://example.com/piwik/tests/PHPUnit/proxy/">
                                    <img src="http://example.com/piwik/tests/PHPUnit/proxy//plugins/Morpheus/images/logo-email.png" height="30px" width="auto" alt="Matomo,&#x20;free&#x2F;libre&#x20;analytics&#x20;platform" />
                            </a>
        </td>
        <td align="right">
                        <a style="color:#212121;font-family:-apple-system, BlinkMacSystemFont, 'Segoe UI', Roboto, Oxygen-Sans, Cantarell, 'Helvetica Neue', sans-serif;; font-size:16px; padding:0 15px; color: &#x23;fff" title="View Web Analytics reports for Site 1." target="_blank" href="http://example.com/piwik/tests/PHPUnit/proxy/index.php?module=CoreHome&action=redirectToCoreHomeIndex&idSite=1&period=day&date=today-date-removed-in-tests">
                Dashboard
            </a>
                    </td>
    </tr>
</table>

<div style="margin:0 20px 25px 20px;">

    <h2 style='color:#212121;font-family:-apple-system, BlinkMacSystemFont, &#039;Segoe UI&#039;, Roboto, Oxygen-Sans, Cantarell, &#039;Helvetica Neue&#039;, sans-serif; color:#37474f; line-height:30px; margin:25px 0 15px 0;'>
        Hello,
    </h2>

    <p style='font-size:15px;line-height:24px;margin:0 0 16px;color:#212121;font-family:-apple-system, BlinkMacSystemFont, &#039;Segoe UI&#039;, Roboto, Oxygen-Sans, Cantarell, &#039;Helvetica Neue&#039;, sans-serif;'>
                Please find below your day report for Site 1.
                <br />Mail Test report (previous default)
        <br />Date range: January 2010
        <br />Sent from http://example.com/piwik/tests/PHPUnit/proxy/.
    </p>

    
    
<h2 id="Actions_getPageTitles" style=" color:#0d0d0d;font-family:-apple-system, BlinkMacSystemFont, &#039;Segoe UI&#039;, Roboto, Oxygen-Sans, Cantarell, &#039;Helvetica Neue&#039;, sans-serif; font-size: 24pt; font-weight:normal; margin:45px 0 30px 0;">
    Page titles
</h2>

            <img alt=""
                                    src="data:image/png;base64,iVBORw0KGgoAAAANSUhEUgAAArwAAADICAIAAACF9KXqAAAACXBIWXMAAA7EAAAOxAGVKw4bAAAgAElEQVR4nO3de3Acx30n8F5gFwsQWJAgAeJFQARACiQoUZQJ8UgrNBVLSkUKLct2GND2JYyUOubysB1XHN9VUhevHacq8fkipxI7CWNLkePExzudFSsqn1OWr8zSqeJEpE3ZkiXIAhgDAkCIK66WwAL7xOaPIYfDmemenp6emd7B91Ms1uygp/s3Pa/e7tmZWK1WI9eMjIzo01NTUwQAAADgmrg+NTIyYmwomD4CAADAOtcQdgAAAABQH9BoAAAAAC4xx3sa5ubmjAssLi729PQwciwUCg0NDU1NTVLjDEe1Wi0UCq2trWEHIkc+n29ubm5sbAw7EAlKpdLa2lpzc3PYgcixtLSUSqXCjkIOnAGUhTOAshQ5Ayw88DQhpPVP9rTvGKKlud7ToN3EoDM2IFwplUqVSkVsWdVUq9VSqRR2FNKUSqVqtRp2FHJUKpUobZpisRh2CNLgDKAsnAGUpcIZoHIthirz+I0z/qbp7+9nfLSq1WrJZLKzs9MxZ/Xl8/m1tbW+vr6wA5GjUCh0dXVF42tTJpMpFouR2TRLS0uRWRecAZSFM4CyVDgDXDz/Q21izzuPMJLhngYAAID1LvvyazzJrvc0mIYkfP295Ys/vuRf5hKtFgrZ7PJKtT6idTS/sPxmPtHSvBJ2IBLkruRKpXJ2JQoD54SQmbl8uSGc3eyWnV2hlAsASln5H5cIIWTvPDvZDcMTeDADAADA+tWRZP8dwxMAAABACCGNne3sBHXQaHj3zx5UJBMFSwx+vaSLwCqoD5UMADyS27rZCZx/PREw49nt69/8boiRePHunz1oDd504lZn7WyjDbhoWgzs2HyNPKzt5cdKff2b3w1xKwNAvdi4y+FpC2o1GkznNQVPcx5DUnPtQm8xCPM78lC2l0+loN0AADRXFi5qE5t338xOqdDwhPWMFu0TnHYSDzsK4IXtBQBR9eaLr2gTzW0Oj/FQpafB8TsQbdhCn29anDbfWpY1pTUYbY6WkpEz57o4pteL0ws1xmYt3bFybHPQZ1qLY2dFZLTnXNWSNbYv/69/MmVijZBWsab0YuvitqJc7WacS9lOMwb40NkAALaWX5vhTKlKo4GNNmzheAJlLOuY0ir4cy5PtDyVo338i8eePP7gXZy1wc5K3iryssbwxa88zfgrf24C29RtRYkVJ7CU+gN8AKCg0pcKhJDaHYuOKRUanmDguUXO2BNgmk9bhJZDMHhO6OxorWloy/LkT1tEkQuPxNshxba7cSlXFUUrzlSu253T2vtipcKGA4B60bB5g2MaCT0N7/3ok/yJv/bIe7yXqHN1jQ/m4ud4t78+HUwwpjn/8x++YxrvWJ849xzG9nK77/EnZi/FHnaxjmcBAHCK93Q4pwkgDqN0Op1Op2Xl5urMqMKAbrhDG8YY1vmlhXPFOW9bcWwTMHqDtKw+9J+OWdOIbR1sXwAQ0zq8zTGNhEbD1x55TzqdHhq6+vrtbDYbj8dprwa/cME+k2Cu6Cq0G4LBc38GTzKwUqHSrF0LJti+AOBW594xxzRy7mlIp9Mnrjl27Njx48dPUDC6GWxHbRmF0tJbh4ppS7EHlTnDMKX0fo6mFcdeL848jz94l9t42OW6+shfir44550ZPDVD2+6u4uTPlrM47a9/9tf/25QtYylGn0Qo96gCQF279KNXtYmNA4H0NEhkOlHy3Cdom97UMrBdyvpFzXZxaxpGzmIYxTFSOnYk2Oap39PAkwmtXClXJmuvjzVn/hq2jZBzO7oqiD9b78UJLMVeBB0PAGB1+cWX+RPHarWa3OLn5uaSyWRnZycjTV29Gjvb19vLmV7xk/L8wkJHR0dLc7PHfGStppd8tFdjd1F2M0U2BH8YM7OzgwMDocQj/dXYPGeAepHP5xcXF4eHh8MORI7p6enu7u7WVoen99SFTCZTLBb7+/vDDkSOycnJ0dHRsEo/N36KEFK7dX78sbRj4vr4yWVdUORC5QeeQRwBsjot1OFTRUmhWjwAoJTYJoeXYmvUGp6oaxE+I/sxKGPMOTJV519FeRSlSgYAPzR02v98wSScRoP0HlGf5PP5xcXy8HB9ROtoQ+NSd/dmsc7Jqakp6fF4yTmTiRWLxf5++03jX7SOxIpOrF0e9fOgCLFCAKAuJAe28iTD8AQAAMB6l9pxE0+ycHoaKq+fCaVct2qrhUQ2W2maDTsQORKZhVq1o9Li9UZIFcRyucZSuVKLwt12hJCmN2crr18MOwo5Gi9lYk2JSmFj2IFIYDoDxLcdCTceAOlW37qiTXSO7eZJj54GAACAdeqN7/9Am2jZ1M6THo0GAACAdWp5ivel2Bo0Gq4bPfJw2CGYBRaSfwUFsAoKbjifrJ81DREqGdaVwl8uE0Jq+3mHR9FoEMQ4s8g66YweeXjyzKNSsoow9WtJ1q6iryltKXZuvl4LR488rP+78+c/7l9B1nKl5zl55lG0G2C9iXW0cKZEo0EQ40Kl/0li60FKPmqK9toRvl3lnl/8BDsT720jv5tWk2ce1f4998RnDjzwUV/LMhbqU7aR3y0BjOLdzi/F1qDRAACS/etTj+CiC1BHWob7OFMq9ERI41nG+AVCn2/6VmE73zpT+4rmmDnNXe//PWu5WobWvmJ9jl6iKR52eKbAjIvYxm/89mmatq6pFU8vt3GNrJVAC4ynRNu1E64lWv7WAHh2Bp4atuZPqyWxXYWdMwNtHW33ED0BYxOzY+MMyRQMLQxacY5167iU7TRjh9Eyf+GbX3C3qgD1qXMP1+8tiTqNBuvZ3/ZM53gK4DnF26YnQv3ktJyJ3YnY1RVIRzsz8oTEyJm27oyYeTJxm1hWLfEH43ZPk8XVruJfWbYf+XMTiNPt0SdWnMBSrvZegEjKTv2bNpHq530vo6LDE7anFeN3MtN8RmLC/NLpGMl3vvqHxrOq4wWe9ie34TmyfqFkl8JIZmQ735QPbXH2igicx13VEmc18uwMtIplX185a8lVtGL490NHnHuUyYEHPmpsEvGHQSuOXbeyNh97pQCiJ/PDV7SJBPdD/yT0NCz96Q2FaY+HWKIkTn2kYDt/0q7zmQh9+w8SLWyP2Bd1dk+ylNI5U7pdfZ6c+Uu/8+c/LnFvsV1WYm37tKsEgLNWjcn+9alHBHIQSMxeir356neLAMhy5dMzhJDa2Ov8iwQ9PJFOp9PptO2f9A4DYjiMVTie9VOP7dXCNuz6Res0plUC/+pz9ooL16HHwSYp2y6Su4rbLpzMpYxxvtvt4thcZtStW3W6RQDkirUn+BNLaDSkPlJIp9NDQ0Pax2w2G4/HUynKSzazF9i52Y41qC/gsK3fluRm65bj6vtdM77mL7e263QPF6PCajpuvnW1RQCsYl1cL8XWyLmnIZ1On7jm2LFjx48fP0FB62Zg9C5ak1kHOG1nOg6xWzNhJ7ZmKNCT7xgeT+S0Ofw3H/Csu2m+tRKEr6CMbgbbLW514IGPPvfEZ9zmT8Mo1+2XWu+7iiPbix/nNc/tpuffIjxo2XIWx+hmENh8ig99AgSmqb+LP7Eqv54wHfa0q6DtfPZMzkLFvkTSwrPN3214tHykJLZdd+vq8LSljB/5U9rWvKmW2Hly5s9JrFxZ+T/zt59kX+eso0LWJp1AJDyb3kvN8G93j8UJLMVeRKvwwqr9PVgAUZLaOcSfOFar1eQWPzc3l0wmOztZ7yyul1djF1YL2Wy2t4/3tyhS+NdNujC/0NHR0ezh1djqdOGOHnn4uSc+09kVkVdjz87MDgwOMBL4V/PSc85cyiSaEhs3uns1tjq7lkZvNBjPAPX+auzp6enu7u7W1tawA5Egk8kUi8X+/v6wA5FjcnJydHQ04EIr5coLhx4lhIw9c5zzFZdE2Z9crluqnTqN1Ilt9MjDpvvzI0/uzSsqcDWYGDDV4gHww8Wz39cm+FsMRJ3hCdDgVMVj8syjuVwu7CiCRhvRr1PCo3V+i1IlAzDkXp4SWCqcRkO99PLF8vly42J823DYgchRLk3Hurvjop2TU1Mie5hPas2ZarEYj0rnZCk/Gd/m3DnpxyaQnmc1NhdPJuPMAUqfipbCGFXEzgAARoUvXCGEkL1zrpbC8AQAAMB6tcndXW7h9DQsnZ0PpVy3VguFcvby0mXxOweVUl64nJ8na81RWJ1CLlcql5cWYmEHIkdl9q2lpfo4KBwVM2/WEomljaWwA5FA4hkgNc77FkGAIDX2bHKVHj0NAAAA69SGIXeDvGg0AAAArFMbd+1wlR6Nhuv2TRwOOwSzwELyr6AAVkGRDadIGAAAjq4sXNQmNu9wd58vfnIpaN/E4fOnn3X7J1lFgA61xMN7Lek5mLLaN3E4taHNmHKtVosREovFCCFLK8vsxEYeE3OG56rEGqnVarWGWIM1MUBde+P589oE/0uxNWg0CGKcPvQ/ofXAI9prpwjvNXz+9LNaV4opq9SGtmcf+7/GOZcymabE1SdCHn7oPnZiIy+J+cNzVeJqoZDNXu7r7bMmBqhruU/NEELIiIuXYmswPAEAzrS2nX5tVo3i4QGoqbap0e0iCvU0GI92U5+hdSZtvnWmdjZxzJzm/t+asJarZah3h5pyNpZoiocdHq271bYUcuN3dNO0dU2taOtOWyNrJdAC4ynRdu2Ea4kRSbj7j2lxWgzsbPm3LG1LsXcPxo6kTyveG6R4eABqim1x/aw/VRoN1pFI6+XKcZonMS09EbqRjZYzudZfyrjCcY5i0M74PCHx33ihZ8uImScTt4ll1ZLK+w9PtjOzs47Z8tcGg3AmxrVTcERJ8fAA1JTY5vqdf4oOT9iePY1f303zGYkJ5VsI55nlG587zX8+4r+qOYbnyPoNmF0KI5mR7XxTPrTF2SvCs5qyakmd/ce0uHC2nFuWvaUcM7HdqfT5+j+7tQyT4uEBKKttZNDtIhJ6Gs6Nn7LO/Akl8f6zJ23nn6fcxyTw7T9ItLA9Yl/UaV3QEkvnTOl29Xly5i/93t94j6lfxxqJ4vuPq/CkrAujqUHbqRT/4q54eAAKqpQr2kTXbbe6XTbo4Yl0Op1Op23/pJ+hiOHUr8LpQD+l2p6ebMOuX7S+cVol8K8+Z2e+cB0qu//QmIYnHvjYB9jp+Ts2HHdXAFjP3vjBi9pEy5YOt8tKaDTsP3synU4PDQ1pH7PZbDweT6VS9qkvOORWF19urAIOWy+I1k3tMVu3HFc/sJqpl/1HwQh92qkAQDVv/ejH2kQ84boNIOeehnQ6feKaY8eOHT9+/AQFrZuBZ4CWGL5HmgZubWc6DrFbM2EntmYo0JPvGB5P5LQ5/Dcf8Ky7ab61EoQvLYxuBtstbnXk5NFvff5JdjJ19h/HbPVuBlq2/DVD6LsrIxPvO1VYwgqPvTnQ6gKVrf5plhBCRmcFllXl1xOmI592wrKdz57JWajYtytaeLb5uw2Plo+UxLbrbl0dnraU8SN/StuaP2/5qb2rPnnrUirsPzyBPfXZv7dtNzCKEO4T8li9pkWWVpZNTz0yPRGSndj0V7HErsJzVaLpiZC0fADqUW1zUmCpWK1WkxvH3NxcMpns7GT9kKOOXo2tPw8uMP59VZpfmO/o2Nzi4dXY6nzL3Ddx+Fuff7KLuZupgLPGZmZnBwcGvOSgDuMTIeudxDOACq/Gnp6e7u7ubm11/dN8BWUymWKx2N/v7g2NypqcnBwdHQ2sOO3nC7F3F9723z7sdllFf3K5bql8hVAntn0Th8+cejrsKPyi8lgAAERG8/ZegaVUGZ4ADa4QPM6ffjaXy4UdhV+Eh7EAABzpv7fcNLZTYPFwGg0q9NTxaMjnlxdJarg+onWUmC60euicnJqakhuPF8VMU6xYTPWrvmk4Ky2eWkqNXl8XpararStztWQymVJ+5IhHxM4AAISQ1Tez2sTWvbcILI7hCQAAgPXi0gs/1CYEfm9JwuppmD+7FEq5bhUKq5ez5ebL9RGto8sLZTKfb25eCzsQCXK5Qrlcii2EuWn6xikPIwEAUFX2914jhJB+1y/F1qCnAQAAYH2ptQsuiEYDAADA+hLrbBFbUK1Gw+GJfdq/sAOpD6ioAKCSASB64oNdYgsq1Gg4PLHv2dPntX8RO1P7sTpadTEyZxfqaw3rjb+Am4B+lBW9vREAoHVkm9iCCjUajLTLISf1z+muVoeH3mIQJj0ka/7BNwF9Wim0GwAgGsqrBW1i6x2C5zRFGw0QJbjoAgCo4PJr09pEe2+PWA6qPBFSu6ho/2vXGOP/5NqXSOO1xzhHn2/6rmnMwfavptys841/ouVjKs42AEYmpr/aTrNLYTDVADHUmzUkPQFtRWir4Ir3aj88se/pU2es4XmsZ1pghFInAAD1JffKax5zUKXRQDspMy6i+j0Q7LM55yXZeOXQ5xcKq/eeOOS4LD8pmQgXOr8wv7mjg7bi+kfO3KzLugrG9JEWhlhxAkuxqwUAIAKW/vgiIYSMCD6kgag/PME4cXOe043JGL0OGs4v97T+dtN89nXImom1V0AKzhYVD856YCwlpdqfPX3+6MkjtGRS6hktBgCIrA7x/gIJPQ2nxs/Zzf6JbeKTZ/cLF2QaqvDO1eVZyrWc0dRgDAcohbMeGF39AVS7QD1L37sAANQU6xZ9tFPwwxPpdDqdTgsvbhx79nhyd9stz9+xYR1fd5uJygQ6eIxkVfvTp84cPXlEbj1L3LsAAJSVvEnwLkgipdFw8uz+dDo9NDSkfcxms/F4PJWiPJb/gvcCbW7lc0vB7/HWr7zRo0K1O9az970LAEBlG3ePCC8rp6fB2HkwNzeXTCY7fXgxrvfzOGPsXJswfXPV74K0fqNlBMP4+kvLxHoB419TL6MbtF8cmNDqh78gV9lyFvfk578lsZ7RSgCAaFt964o20TN+u3Amqvx6gofpjG+8t45xe6PjItYc9OlvPf7PpnaDNSspqyCQCfteP7dtDtM0Z/24XQXObL0XJ7AUexE0KQCg3r3xwovahNhLsTWxWq0mKZ6reHoaAns1tsdzvfaTSwWvFmLrpf3ksrmZ9Z4SRa6OjmHkcrlyudTZKfj4dCnxSHw19uTk5OjoqKzcwuVfX2Pw8vn84uLi8PBw2IHIMT093d3d3draGnYgEmQymWKx2N/fH3YgcgRzBjg3fooQEht4/W1Pfko4E9V/chk849fNe08cOv25b4QYDE307ntg/FQ1dKrFAwAgrNYe87J4PQ1PBMM0PHE5mw03HhranRN1ij3GFKIoVTIAAOls9rK0faNhZGRkamrKS75sEvt12cTWQl8qn8+TxeW+4YCidcvt2hWmE93drezOSV+3O5uropsyxWIx1tfv+6YJsUIAAKRr7N3iZXGb4YmREfEfYwAAAICyWncMelnc3NOg9TH43W74t4tnfc1fltXVQvatbMPFy2EHIsfFtxaKsfmWFk99U4rI5XKlUrncuBB2IHIs5maTF4O4O3h7z3gApQCAavSXYnfeustLPjf0NPg9KgEAAADBW5q7+hWrY2S7l3yu9zTQWgy5XM74cXl5ub2d9djqUqlUq9WWllhfm1ZWVlzGGY5SqVStVuslWkfVarVYLNRqa2EHIkGpVKpUKlHaNMGsC/vAlILnDFAvCoVCpVKJxroQQrRDZm0tCmeAQqFQLpejtGn8Xpf5772gTXgs6PpzGqxDElob4uWXXzbOvHDhAnvwolgsNjQ0JBIJRprF3I9Egg1ctVqtVqtNTU1hByLiofd/7LGvftY4p1QqNTY2NjY2GtNoE6aUEgt1m4BTtVpZW6uxd7M6UiwWkklpw0aMSu7eOCarFBqeM0C9qFQqlUqluTkKI3qEkEKhEI/H4/Eo/GiuXC6vra0lk8mwA5FjZWVlw4YNvhax/MEzhJC1kZn2T/2il3yu7z3GbgZjr8Pu3buNC5g+WvE82sU6fHv3nRPGj99+7jS7FI/uvnPCtgjT/NXVQjab7evr9TUY/wwODhg/zs8vdHR06Pc0GFeWViHeCzXSS+Gsf8ZftXsaurqkPUEo4D3QWO63nzs9MzPLqDe3vv3caVpNbu/x/QEyeLiTsvBwJ2UF8HCnc+QMIaRhS9JjQQo1OY3nOInXMJoAipDOv5gDqArvwfsdZMB7oLVQudnW4x4OAL6KdXn9mbqiT4TUTnn1XgTUL+weABA9yYGtHnOw72lQ7TcUxtO36eugMZmxs92a2Ir9bcy2UC29KX/b4hxjMGXluLg2h50t7Tqnz3/6mcetuen14DYkdqGmNPzfemlhGDN57/0njYvYbkrT+Itt8PwhmYKxzifMPZAWHjtI2hCScaDHNjCCzgYAsGgb8fSQBqLU8ASN6cRHGxfXz55Shuq1BfV7GhjnbmJ3iueMgWfV9GnHa4BjhczPLxy95wQ7N1chMQr1iBaG/vFr3zil39PgWKjHXSKYPVBgKXYtAQBo9Jdib719r8esFB2eMJ7+XN0xZ5rv2MlMS8A4+Vq/zwnHIGUVbJeizX/6mccdK4Q/pFDusXBbqPf6lLIHmso1JXvo/R9jB2ntfbFCiwEAbGV+dPVXkC2bWE9M4CGhp+GTj7t4xtwnTlCfBcnoaHX1/dXtl13Gd25X+chaVjopwSi1Rm5xBh/WHshYij3sYmyRCJQIAOvEGx9+QVZWQQ9PpNPpdDpt+yf+Pnx2EQInUOup2To84TZDtzH4Rw/G9JNLsUzqEWfwfu+BpntHxIK0XQpNBwBwtnfeex4SGg2fOHE2nU4PDQ1pH7PZbDweT6Xsf9dxgVxwlXkow7QYGwadCjuDtWvBxPYeCwCAG3RIeEyZnHsa0un0iWuOHTt2/PjxExS0bgZOxtvLTSPEtvMJd18xY8BYbLxDOAf24Df/UlKCYWdCK1QgQ+J5Ta250cqSMvAkVuG0bobHvvpZ2lKMPom6HjMCgIA19mzynonqv54wnYKNH3mmiZs+W9o9a5y3zrHDFl6cdn+c7bVEboXQMjdmwijIujj7Xj+BLUX4tpqXGghsDxRYir0IOh4AwKjlJglPN77+7glZeB4i68ersf04Rdb7Y6RNvNzT4J3cDWR8jLQiV0cvYch9jDQjngBejY3HSCsLj5FWlt+PkT43fooQMvjlu7rGbvaYlaI/ueQh0IcPIRLosFGcynugavEAQFhys69rE95bDET94QkGdl89KIg2ol+nlN0Do1TJAODRa+/5hsTcwmk0yOoj9ftx1/l8Pllb3N4Tkc7JtZXp7q0hd07K2mSZeKZYLPb39EvMU4Csoou5lMT3T6r2GHgACN+u16VkU8fDEwAAAMClPSElGzQaAAAAIi7W1SYlHzQaAAAAIi7Rs0VKPmg0AAAARFzbDq8vxdag0QAAABBNheW8NrHlll1SMkSjAQAAIJouv/yqNtHe2yMlQzQaAAAAomnh156XmyEaDQAAAJF2m4SXYmvQaAAAAIg0GS/F1qDRAAAAEGWN3R2yskKjAQAAIMqS27bKygqNBgAAgCjr2L1DVlZoNAAAAETQlYWL2sSW0Z2y8kSjAQAAIIJ+/K6ntIlEC26EBAAAAEeSXoqtQaMBAAAgsmqSXoqtQaMBAAAgsmKbN0jMDY0GAACAyEr0bpaYGxoNAAAAkdW2Y7vE3NBoAAAAiJryakGb2DIm7feWBI0GAACA6Ln82rQ2sXFgm8Rs0WgAAACImtcf+v9+ZItGAwAAQDTV5L0UW4NGAwAAQDTFNkl7FqQGjQYAAIBoatzSJjdDNBoAAACiKTnYIzdDNBoAAACiKbXzJv7Ep8bPFZcq7DRoNAAAAETK8huXtIkto6Oci5waP0cIefynXyivVhnJ0GgAAACIlMn7n9QmWja1u1pw59HN8SSrYYBGAwAAQBSN8r4UW+tmIITc/lBvrCHGSIlGAwAAQBS1x10l3/dwz6abHH6iiUYDAABAFG1u5UmldzPsfrDTMTEaDQAAABGU6NnkmKZaXtMm7viNvlRf0jE9Gg0AAAAR1Lrd+VVVXzr0fW1iF0c3A0GjAQAAIJI6dt/MTqB3M/yHD/e3dCR48kSjAQAAIDoyr76mTbTfNMBOqXcz3PZLvA+ORKMBAAAgOn7ygf+nTcQTXL+euCvt4qmRaDQAAABEzi1z7L/rP5rYef8W/lzRaAAAAIicTU08qe7978PspzmZoNEAAAAQNQ1bUoy/6t0MA2/f6C5b8YgAAABASU39XbQ/FXJXX2V535/vYL9pwgqNBgAAgKhp3zlE+9OX735Bm+jbz+qNsIVGAwAAQEQUlvPaROetY7YJ9IGJB7402phw3QZAowEAACAiXrrr77QJ9kuxd9y3uee2NoH80WgAAACIlh32L8XWuxn2/sdusYzRaAAAAIiUWqqR8dc9E12doxvEckajAQAAIFJiHS3WmXo3w9j7qD+scIRGAwAAQKRYX4q9VqlpE/se6u4YtmlScEKjAQAAIFKah/pNc7548HvaxJ5f2Gq7SG554ZOPj3/vx//AzhmNBgAAgEjZMjZqO3/fL3e3dtk8XvpKfvFz/+ddw70Hvn3u8+yc0WgAAACIgrcuzGgT7YPbjPP1uxnu+HVzDwQhJLe88MgTPze67R3VtfJH3vd1dhFc780EAAAAxU0d+6Y2kWhptv710G9vs76b6uLlyb/6xw+O9B1KJlqPvv13mxIOv6pAowEAACBCdt3wkAa9m2HXg52mhIuXX/2rf/zgSO/BZKLtvoMfb25yfqo0Gg0AAADRUWtPWGe+4/dvSrTc8PCGn1z83t/808mh3gOp1q6jB3+3sdFmKSs0GgAAAKIj1nn9+dB6N8PwOzv0mbXa2qe+fIAQsqP/7R1t/e98269zthgIGg0AAABRktx29dlNeovh7j8aamq73s2gtRgGt+7r7th5z/4PucocjQYAAIDoaN2x3fhx28HU4J0b9Y+ffHycEDLUM76ta+87bvsVt5mj0QAAABAdPW/bS4wPjT62Vb+bQWsx9G+5ZRbVsToAAAWaSURBVNfgTx/YPSGQOZ7TAAAAUPfOjZ/SJowvxR78qfbtR64+UlprMWxp3z62/W6xFgNBTwMAAEB0DM4SQzfDbSd6CCHVavnTXzlECNnRd2jfjnftGfoZ4ezRaAAAAIiKtuuPb7r56Jbe21OEEK3F0NzUfvvOB8e23+0lezQaAAAAomJzs97NsGeiq1ha/qOv3kUI2dl/54HdEyN9Bz1mj0YDAABARMR6rj6PYc8vdHXuatF+Xdm1cfjQng8O9R7wnj8aDQAAABFx9omrLYObJzZoLYZtXbfed+B3+jrHpOSPRgMAAEB9q5Qrxo8LH/rVL3yHEEJG+t/+zn3/WVaLgZgaDSMjI/r01NSUrDIAAADAP8uXMoSQc2Q/IWThQ7+qzdzU1n/04H/d1NYnsaDrjYaRkRFjQ8H0EQAAANQ09cBT2oTeYhi76Z579v+m3BYDwfAEAABABJwj+/UWw0DXbfeOf1h6i4Gg0QAAABABeoth18Bd7zvyh/HGpB+lyG80fPGZd0vPM2TPhh0ArAffDTsAoMEZAALg8Qxw7V2VO7uP3H/wv/jUYiA8jYbnn3/e+PGVV14ZG5N2HyYAAABI0XFx9+gtH3j15RlCZnwqwrnRcMcddzA+Wv3L6QPVhsqGWpuXsC5unWy/1N9ca/WUycAPtr7uqX2Tj+cKG7Ndl3Z4ySTXerHaWOlcGvCSyaWOC0351MZSp5dMZNVq58yuWEz8VWcrCdSqJRPU6o1QqyaoVZMo1WqlWrm0/aWts56uVtVYpdZcmfiVP+ga6PWSjyP5wxP3/drvbNiwobu7W3rOwVtaWpqZmdmzZ0/Ygcjx0ksvDQ4OplKpsAORYHFxcWVlZWhoKOxA5Hj++efv+E2H5ni9uHDhAs4AasIZQFl1dAa43miYmprCcxoAAACA5oaeBjQUAAAAgEZ8XAoAAADWlVitVgs7BgAAAKgD1MdIC7O9MYJzpnGOKbGr0mU9DzvcdXEVp/pDS7abhohWi5dNQ5spFkboRw1tptvSVThqaDP9gKNGykyxMHDU2ObGE2G4Rw0hhNRqtVqtNjw8rP/vhSkH22wZM9m5cQbAkzNnVtaPQa5L7drq6DhDdcxK1kyBdWHP4c/K+lHu9uIPI/SjxvvqqHPUSAkDRw0tK+tHHDW2uXEGEKWjhh/1J5e091eZvkCbGjUS2zjCrTbtZyDWZW07A4wtNQXXRVYYtlvT40yBMIxZ6TnreeppSICbRq7QjxphCh41XuCoUXbTWOGoUWFd+Ll7ToN168qOxy9ReocnrSfKdAYxUn9lGUdUvcNRowIcNfUFR42y4sSwVrR2kxiPAzxewuBcET2ZY+IQ14Wdm+kriB8lhsLXTTMl45Ek6hw1UlaHqHHUyFoXdiQ4asJaWXWOGllUOGoC5stbLr3cqiOLrJ0y9HXhPIfyRxjuqVzPypSJwDcJ4U2j5lcBFVYn9KNG1rqocNRIpMJRYzoJKEKF1Qn9qAl401xtNEgs0nv1KXISJ2qsC3vAzG0wthnyLOjrVdb0hU8gpFAoddSoQ4V1UeGo8ftUHvxRI2W8QJ2jRqnhjzpal7g1Vts51iVpM0M/X+h4DlpGI1GpdTHy2J0eOs4wVN40OGqU3TQ0oRw1Ek/lSh01Ylkpe9RI+WqnyFETwAFIHZ4w1oKxc8w608Q0c2pqyrZzm9bj7dM6i3Wwq7kupgh5ilD2VK4R+E7mZdNIHG0xCeWoCWZ1+HNWc11MEQZ81PhxAAZ81BgXl7suIV5rTHOkCOta46o4Lzw9EVLxS1EE2Nawdaex7nCMRWgLWvc/x5l+i+QOFsmVUoqCR02QWzySO1gkV6pOuW40hHLxgHUoSqcJHDUQDBw14De8ewIAAAC44C2XAAAAwAWNBgAAAOCCRgMAAABwQaMBAAAAuPw7A3bP3AgdHYkAAAAASUVORK5CYII="
                                height="200"
                width="700"
                margin="0 auto"/>
    
    
        <p style="width: 100%; text-align:center;">
      <a style="color:#0d0d0d;font-family:-apple-system, BlinkMacSystemFont, &#039;Segoe UI&#039;, Roboto, Oxygen-Sans, Cantarell, &#039;Helvetica Neue&#039;, sans-serif;; text-decoration:none; font-size: 9pt;" href="#reportTop">
          Back to top &#8593;
    </a></p>

    <hr style=" border: 0; margin-top: 50px;  height: 1px; background-image: linear-gradient(to right, rgba(231, 231, 231, 0), rgba(231, 231, 231, 1), rgba(2311, 2311, 231, 0));">

    <p style='font-size:15px;line-height:24px;margin:0 0 16px;color:&#x23;212121;font-family:-apple-system,&#x20;BlinkMacSystemFont,&#x20;&#x27;Segoe&#x20;UI&#x27;,&#x20;Roboto,&#x20;Oxygen-Sans,&#x20;Cantarell,&#x20;&#x27;Helvetica&#x20;Neue&#x27;,&#x20;sans-serif;text-align:center;font-size:13px; color:#666;padding-top:30px;margin-bottom:0;'>
        Powered by
        <a style="color:#439fe0;" rel="noreferrer" href="https://matomo.org/" title="Matomo Analytics">Matomo Analytics</a>
        <br />
        The leading open analytics platform that respects your privacy.
    </p>

        <p style='font-size:15px;line-height:24px;margin:0 0 16px;color:&#x23;212121;font-family:-apple-system,&#x20;BlinkMacSystemFont,&#x20;&#x27;Segoe&#x20;UI&#x27;,&#x20;Roboto,&#x20;Oxygen-Sans,&#x20;Cantarell,&#x20;&#x27;Helvetica&#x20;Neue&#x27;,&#x20;sans-serif;text-align:center;font-size:13px; color:#666;'>To unsubscribe from this report please follow this link: <a style="color:#439fe0;" href="__unsubscribeLink__">Unsubscribe</a>.</p>

</div>
</body>
</html>
