<?xml version="1.0" encoding="utf-8" ?>
<result>
	<row>
		<label>/dir1/sub/dir/page0.html</label>
		<nb_visits>2</nb_visits>
		<nb_hits>2</nb_hits>
		<sum_time_spent>0</sum_time_spent>
		<sum_bandwidth>0</sum_bandwidth>
		<nb_hits_with_bandwidth>0</nb_hits_with_bandwidth>
		<min_bandwidth />
		<max_bandwidth />
		<entry_nb_visits>2</entry_nb_visits>
		<entry_nb_actions>6</entry_nb_actions>
		<entry_sum_visit_length>2</entry_sum_visit_length>
		<entry_bounce_count>0</entry_bounce_count>
		<sum_daily_nb_uniq_visitors>2</sum_daily_nb_uniq_visitors>
		<sum_daily_entry_nb_uniq_visitors>2</sum_daily_entry_nb_uniq_visitors>
		<avg_bandwidth>0</avg_bandwidth>
		<avg_page_load_time>0</avg_page_load_time>
		<avg_time_on_page>0</avg_time_on_page>
		<bounce_rate>0%</bounce_rate>
		<exit_rate>0%</exit_rate>
		<url>http://example.org/dir1/sub/dir/page0.html</url>
		<Actions_PageUrl>/dir1/sub/dir/page0.html</Actions_PageUrl>
		<segment>pageUrl==http%253A%252F%252Fexample.org%252Fdir1%252Fsub%252Fdir%252Fpage0.html</segment>
	</row>
	<row>
		<label>/dir1/sub/dir/page1.html</label>
		<nb_visits>2</nb_visits>
		<nb_hits>2</nb_hits>
		<sum_time_spent>0</sum_time_spent>
		<sum_bandwidth>0</sum_bandwidth>
		<nb_hits_with_bandwidth>0</nb_hits_with_bandwidth>
		<min_bandwidth />
		<max_bandwidth />
		<sum_daily_nb_uniq_visitors>2</sum_daily_nb_uniq_visitors>
		<avg_bandwidth>0</avg_bandwidth>
		<avg_page_load_time>0</avg_page_load_time>
		<avg_time_on_page>0</avg_time_on_page>
		<bounce_rate>0%</bounce_rate>
		<exit_rate>0%</exit_rate>
		<url>http://example.org/dir1/sub/dir/page1.html</url>
		<Actions_PageUrl>/dir1/sub/dir/page1.html</Actions_PageUrl>
		<segment>pageUrl==http%253A%252F%252Fexample.org%252Fdir1%252Fsub%252Fdir%252Fpage1.html</segment>
	</row>
	<row>
		<label>/dir1/sub/dir/page2.html</label>
		<nb_visits>2</nb_visits>
		<nb_hits>2</nb_hits>
		<sum_time_spent>0</sum_time_spent>
		<sum_bandwidth>0</sum_bandwidth>
		<nb_hits_with_bandwidth>0</nb_hits_with_bandwidth>
		<min_bandwidth />
		<max_bandwidth />
		<exit_nb_visits>2</exit_nb_visits>
		<sum_daily_nb_uniq_visitors>2</sum_daily_nb_uniq_visitors>
		<sum_daily_exit_nb_uniq_visitors>2</sum_daily_exit_nb_uniq_visitors>
		<avg_bandwidth>0</avg_bandwidth>
		<avg_page_load_time>0</avg_page_load_time>
		<avg_time_on_page>0</avg_time_on_page>
		<bounce_rate>0%</bounce_rate>
		<exit_rate>100%</exit_rate>
		<url>http://example.org/dir1/sub/dir/page2.html</url>
		<Actions_PageUrl>/dir1/sub/dir/page2.html</Actions_PageUrl>
		<segment>pageUrl==http%253A%252F%252Fexample.org%252Fdir1%252Fsub%252Fdir%252Fpage2.html</segment>
	</row>
	<row>
		<label>/dir2/sub/dir/page0.html</label>
		<nb_visits>2</nb_visits>
		<nb_hits>2</nb_hits>
		<sum_time_spent>0</sum_time_spent>
		<sum_bandwidth>0</sum_bandwidth>
		<nb_hits_with_bandwidth>0</nb_hits_with_bandwidth>
		<min_bandwidth />
		<max_bandwidth />
		<entry_nb_visits>2</entry_nb_visits>
		<entry_nb_actions>6</entry_nb_actions>
		<entry_sum_visit_length>2</entry_sum_visit_length>
		<entry_bounce_count>0</entry_bounce_count>
		<sum_daily_nb_uniq_visitors>2</sum_daily_nb_uniq_visitors>
		<sum_daily_entry_nb_uniq_visitors>2</sum_daily_entry_nb_uniq_visitors>
		<avg_bandwidth>0</avg_bandwidth>
		<avg_page_load_time>0</avg_page_load_time>
		<avg_time_on_page>0</avg_time_on_page>
		<bounce_rate>0%</bounce_rate>
		<exit_rate>0%</exit_rate>
		<url>http://example.org/dir2/sub/dir/page0.html</url>
		<Actions_PageUrl>/dir2/sub/dir/page0.html</Actions_PageUrl>
		<segment>pageUrl==http%253A%252F%252Fexample.org%252Fdir2%252Fsub%252Fdir%252Fpage0.html</segment>
	</row>
	<row>
		<label>/dir2/sub/dir/page1.html</label>
		<nb_visits>2</nb_visits>
		<nb_hits>2</nb_hits>
		<sum_time_spent>0</sum_time_spent>
		<sum_bandwidth>0</sum_bandwidth>
		<nb_hits_with_bandwidth>0</nb_hits_with_bandwidth>
		<min_bandwidth />
		<max_bandwidth />
		<sum_daily_nb_uniq_visitors>2</sum_daily_nb_uniq_visitors>
		<avg_bandwidth>0</avg_bandwidth>
		<avg_page_load_time>0</avg_page_load_time>
		<avg_time_on_page>0</avg_time_on_page>
		<bounce_rate>0%</bounce_rate>
		<exit_rate>0%</exit_rate>
		<url>http://example.org/dir2/sub/dir/page1.html</url>
		<Actions_PageUrl>/dir2/sub/dir/page1.html</Actions_PageUrl>
		<segment>pageUrl==http%253A%252F%252Fexample.org%252Fdir2%252Fsub%252Fdir%252Fpage1.html</segment>
	</row>
	<row>
		<label>/dir2/sub/dir/page2.html</label>
		<nb_visits>2</nb_visits>
		<nb_hits>2</nb_hits>
		<sum_time_spent>0</sum_time_spent>
		<sum_bandwidth>0</sum_bandwidth>
		<nb_hits_with_bandwidth>0</nb_hits_with_bandwidth>
		<min_bandwidth />
		<max_bandwidth />
		<exit_nb_visits>2</exit_nb_visits>
		<sum_daily_nb_uniq_visitors>2</sum_daily_nb_uniq_visitors>
		<sum_daily_exit_nb_uniq_visitors>2</sum_daily_exit_nb_uniq_visitors>
		<avg_bandwidth>0</avg_bandwidth>
		<avg_page_load_time>0</avg_page_load_time>
		<avg_time_on_page>0</avg_time_on_page>
		<bounce_rate>0%</bounce_rate>
		<exit_rate>100%</exit_rate>
		<url>http://example.org/dir2/sub/dir/page2.html</url>
		<Actions_PageUrl>/dir2/sub/dir/page2.html</Actions_PageUrl>
		<segment>pageUrl==http%253A%252F%252Fexample.org%252Fdir2%252Fsub%252Fdir%252Fpage2.html</segment>
	</row>
	<row>
		<label>/dir3/sub/dir/page0.html</label>
		<nb_visits>2</nb_visits>
		<nb_hits>2</nb_hits>
		<sum_time_spent>0</sum_time_spent>
		<sum_bandwidth>0</sum_bandwidth>
		<nb_hits_with_bandwidth>0</nb_hits_with_bandwidth>
		<min_bandwidth />
		<max_bandwidth />
		<entry_nb_visits>2</entry_nb_visits>
		<entry_nb_actions>6</entry_nb_actions>
		<entry_sum_visit_length>2</entry_sum_visit_length>
		<entry_bounce_count>0</entry_bounce_count>
		<sum_daily_nb_uniq_visitors>2</sum_daily_nb_uniq_visitors>
		<sum_daily_entry_nb_uniq_visitors>2</sum_daily_entry_nb_uniq_visitors>
		<avg_bandwidth>0</avg_bandwidth>
		<avg_page_load_time>0</avg_page_load_time>
		<avg_time_on_page>0</avg_time_on_page>
		<bounce_rate>0%</bounce_rate>
		<exit_rate>0%</exit_rate>
		<url>http://example.org/dir3/sub/dir/page0.html</url>
		<Actions_PageUrl>/dir3/sub/dir/page0.html</Actions_PageUrl>
		<segment>pageUrl==http%253A%252F%252Fexample.org%252Fdir3%252Fsub%252Fdir%252Fpage0.html</segment>
	</row>
	<row>
		<label>/dir3/sub/dir/page1.html</label>
		<nb_visits>2</nb_visits>
		<nb_hits>2</nb_hits>
		<sum_time_spent>0</sum_time_spent>
		<sum_bandwidth>0</sum_bandwidth>
		<nb_hits_with_bandwidth>0</nb_hits_with_bandwidth>
		<min_bandwidth />
		<max_bandwidth />
		<sum_daily_nb_uniq_visitors>2</sum_daily_nb_uniq_visitors>
		<avg_bandwidth>0</avg_bandwidth>
		<avg_page_load_time>0</avg_page_load_time>
		<avg_time_on_page>0</avg_time_on_page>
		<bounce_rate>0%</bounce_rate>
		<exit_rate>0%</exit_rate>
		<url>http://example.org/dir3/sub/dir/page1.html</url>
		<Actions_PageUrl>/dir3/sub/dir/page1.html</Actions_PageUrl>
		<segment>pageUrl==http%253A%252F%252Fexample.org%252Fdir3%252Fsub%252Fdir%252Fpage1.html</segment>
	</row>
	<row>
		<label>/dir3/sub/dir/page2.html</label>
		<nb_visits>2</nb_visits>
		<nb_hits>2</nb_hits>
		<sum_time_spent>0</sum_time_spent>
		<sum_bandwidth>0</sum_bandwidth>
		<nb_hits_with_bandwidth>0</nb_hits_with_bandwidth>
		<min_bandwidth />
		<max_bandwidth />
		<exit_nb_visits>2</exit_nb_visits>
		<sum_daily_nb_uniq_visitors>2</sum_daily_nb_uniq_visitors>
		<sum_daily_exit_nb_uniq_visitors>2</sum_daily_exit_nb_uniq_visitors>
		<avg_bandwidth>0</avg_bandwidth>
		<avg_page_load_time>0</avg_page_load_time>
		<avg_time_on_page>0</avg_time_on_page>
		<bounce_rate>0%</bounce_rate>
		<exit_rate>100%</exit_rate>
		<url>http://example.org/dir3/sub/dir/page2.html</url>
		<Actions_PageUrl>/dir3/sub/dir/page2.html</Actions_PageUrl>
		<segment>pageUrl==http%253A%252F%252Fexample.org%252Fdir3%252Fsub%252Fdir%252Fpage2.html</segment>
	</row>
	<row>
		<label>/page1.html</label>
		<nb_visits>1</nb_visits>
		<nb_hits>1</nb_hits>
		<sum_time_spent>0</sum_time_spent>
		<sum_bandwidth>0</sum_bandwidth>
		<nb_hits_with_bandwidth>0</nb_hits_with_bandwidth>
		<min_bandwidth />
		<max_bandwidth />
		<exit_nb_visits>1</exit_nb_visits>
		<sum_daily_nb_uniq_visitors>1</sum_daily_nb_uniq_visitors>
		<sum_daily_exit_nb_uniq_visitors>1</sum_daily_exit_nb_uniq_visitors>
		<avg_bandwidth>0</avg_bandwidth>
		<avg_page_load_time>0</avg_page_load_time>
		<avg_time_on_page>0</avg_time_on_page>
		<bounce_rate>0%</bounce_rate>
		<exit_rate>100%</exit_rate>
		<url>http://example.org/page1.html</url>
		<Actions_PageUrl>/page1.html</Actions_PageUrl>
		<segment>pageUrl==http%253A%252F%252Fexample.org%252Fpage1.html</segment>
	</row>
	<row>
		<label>/sub/dir/dir1/page1.html</label>
		<nb_visits>1</nb_visits>
		<nb_hits>1</nb_hits>
		<sum_time_spent>0</sum_time_spent>
		<sum_bandwidth>0</sum_bandwidth>
		<nb_hits_with_bandwidth>0</nb_hits_with_bandwidth>
		<min_bandwidth />
		<max_bandwidth />
		<entry_nb_visits>1</entry_nb_visits>
		<entry_nb_actions>2</entry_nb_actions>
		<entry_sum_visit_length>1</entry_sum_visit_length>
		<entry_bounce_count>0</entry_bounce_count>
		<sum_daily_nb_uniq_visitors>1</sum_daily_nb_uniq_visitors>
		<sum_daily_entry_nb_uniq_visitors>1</sum_daily_entry_nb_uniq_visitors>
		<avg_bandwidth>0</avg_bandwidth>
		<avg_page_load_time>0</avg_page_load_time>
		<avg_time_on_page>0</avg_time_on_page>
		<bounce_rate>0%</bounce_rate>
		<exit_rate>0%</exit_rate>
		<url>http://example.org/sub/dir/dir1/page1.html</url>
		<Actions_PageUrl>/sub/dir/dir1/page1.html</Actions_PageUrl>
		<segment>pageUrl==http%253A%252F%252Fexample.org%252Fsub%252Fdir%252Fdir1%252Fpage1.html</segment>
	</row>
</result>