<?xml version="1.0" encoding="utf-8" ?>
<result>
	<row>
		<label>event action 1</label>
		<nb_uniq_visitors>1</nb_uniq_visitors>
		<nb_visits>5</nb_visits>
		<nb_events>5</nb_events>
		<nb_events_with_value>0</nb_events_with_value>
		<sum_event_value>0</sum_event_value>
		<min_event_value>0</min_event_value>
		<max_event_value>0</max_event_value>
		<avg_event_value>0</avg_event_value>
		<segment>eventAction==event+action+1</segment>
		<subtable>
			<row>
				<label>event name0</label>
				<nb_uniq_visitors>1</nb_uniq_visitors>
				<nb_visits>5</nb_visits>
				<nb_events>5</nb_events>
				<nb_events_with_value>0</nb_events_with_value>
				<sum_event_value>0</sum_event_value>
				<min_event_value>0</min_event_value>
				<max_event_value>0</max_event_value>
				<avg_event_value>0</avg_event_value>
			</row>
		</subtable>
	</row>
	<row>
		<label>event action 2</label>
		<nb_uniq_visitors>1</nb_uniq_visitors>
		<nb_visits>5</nb_visits>
		<nb_events>5</nb_events>
		<nb_events_with_value>0</nb_events_with_value>
		<sum_event_value>0</sum_event_value>
		<min_event_value>0</min_event_value>
		<max_event_value>0</max_event_value>
		<avg_event_value>0</avg_event_value>
		<segment>eventAction==event+action+2</segment>
		<subtable>
			<row>
				<label>event name1</label>
				<nb_uniq_visitors>1</nb_uniq_visitors>
				<nb_visits>5</nb_visits>
				<nb_events>5</nb_events>
				<nb_events_with_value>0</nb_events_with_value>
				<sum_event_value>0</sum_event_value>
				<min_event_value>0</min_event_value>
				<max_event_value>0</max_event_value>
				<avg_event_value>0</avg_event_value>
			</row>
		</subtable>
	</row>
	<row>
		<label>Others</label>
		<nb_uniq_visitors>3</nb_uniq_visitors>
		<nb_visits>15</nb_visits>
		<nb_events>15</nb_events>
		<nb_events_with_value>0</nb_events_with_value>
		<sum_event_value>0</sum_event_value>
		<min_event_value>0</min_event_value>
		<max_event_value>0</max_event_value>
		<avg_event_value>0</avg_event_value>
	</row>
</result>