<?xml version="1.0" encoding="utf-8" ?>
<result>
	<nb_visits>0</nb_visits>
	<nb_actions>0</nb_actions>
	<visits_evolution>0%</visits_evolution>
	<visits_evolution_trend>0</visits_evolution_trend>
	<actions_evolution>0%</actions_evolution>
	<actions_evolution_trend>0</actions_evolution_trend>
	<pageviews_evolution>0%</pageviews_evolution>
	<pageviews_evolution_trend>0</pageviews_evolution_trend>
	<revenue_evolution>0%</revenue_evolution>
	<revenue_evolution_trend>0</revenue_evolution_trend>
	<nb_pageviews>0</nb_pageviews>
	<revenue>0</revenue>
</result>