<?xml version="1.0" encoding="utf-8" ?>
<result>
	<row>
		<label>id_book0</label>
		<nb_visits>1</nb_visits>
		<nb_uniq_visitors>1</nb_uniq_visitors>
		<nb_actions>1</nb_actions>
		<avg_price>7.5</avg_price>
		<avg_quantity>0</avg_quantity>
		<conversion_rate>0%</conversion_rate>
		<Ecommerce_ProductSku>id_book0</Ecommerce_ProductSku>
	</row>
	<row>
		<label>id_book1</label>
		<nb_visits>1</nb_visits>
		<nb_uniq_visitors>1</nb_uniq_visitors>
		<nb_actions>1</nb_actions>
		<avg_price>7.5</avg_price>
		<avg_quantity>0</avg_quantity>
		<conversion_rate>0%</conversion_rate>
		<Ecommerce_ProductSku>id_book1</Ecommerce_ProductSku>
	</row>
	<row>
		<label>id_book2</label>
		<nb_visits>1</nb_visits>
		<nb_uniq_visitors>1</nb_uniq_visitors>
		<nb_actions>1</nb_actions>
		<avg_price>7.5</avg_price>
		<avg_quantity>0</avg_quantity>
		<conversion_rate>0%</conversion_rate>
		<Ecommerce_ProductSku>id_book2</Ecommerce_ProductSku>
	</row>
	<row>
		<label>id_book3</label>
		<nb_visits>1</nb_visits>
		<nb_uniq_visitors>1</nb_uniq_visitors>
		<nb_actions>1</nb_actions>
		<avg_price>7.5</avg_price>
		<avg_quantity>0</avg_quantity>
		<conversion_rate>0%</conversion_rate>
		<Ecommerce_ProductSku>id_book3</Ecommerce_ProductSku>
	</row>
	<row>
		<label>id_book4</label>
		<nb_visits>1</nb_visits>
		<nb_uniq_visitors>1</nb_uniq_visitors>
		<nb_actions>1</nb_actions>
		<avg_price>7.5</avg_price>
		<avg_quantity>0</avg_quantity>
		<conversion_rate>0%</conversion_rate>
		<Ecommerce_ProductSku>id_book4</Ecommerce_ProductSku>
	</row>
	<row>
		<label>id_book5</label>
		<nb_visits>1</nb_visits>
		<nb_uniq_visitors>1</nb_uniq_visitors>
		<nb_actions>1</nb_actions>
		<avg_price>7.5</avg_price>
		<avg_quantity>0</avg_quantity>
		<conversion_rate>0%</conversion_rate>
		<Ecommerce_ProductSku>id_book5</Ecommerce_ProductSku>
	</row>
	<row>
		<label>id_book6</label>
		<nb_visits>1</nb_visits>
		<nb_uniq_visitors>1</nb_uniq_visitors>
		<nb_actions>1</nb_actions>
		<avg_price>7.5</avg_price>
		<avg_quantity>0</avg_quantity>
		<conversion_rate>0%</conversion_rate>
		<Ecommerce_ProductSku>id_book6</Ecommerce_ProductSku>
	</row>
	<row>
		<label>id_book7</label>
		<nb_visits>1</nb_visits>
		<nb_uniq_visitors>1</nb_uniq_visitors>
		<nb_actions>1</nb_actions>
		<avg_price>7.5</avg_price>
		<avg_quantity>0</avg_quantity>
		<conversion_rate>0%</conversion_rate>
		<Ecommerce_ProductSku>id_book7</Ecommerce_ProductSku>
	</row>
	<row>
		<label>id_book8</label>
		<nb_visits>1</nb_visits>
		<nb_uniq_visitors>1</nb_uniq_visitors>
		<nb_actions>1</nb_actions>
		<avg_price>7.5</avg_price>
		<avg_quantity>0</avg_quantity>
		<conversion_rate>0%</conversion_rate>
		<Ecommerce_ProductSku>id_book8</Ecommerce_ProductSku>
	</row>
	<row>
		<label>id_book9</label>
		<nb_visits>1</nb_visits>
		<nb_uniq_visitors>1</nb_uniq_visitors>
		<nb_actions>1</nb_actions>
		<avg_price>7.5</avg_price>
		<avg_quantity>0</avg_quantity>
		<conversion_rate>0%</conversion_rate>
		<Ecommerce_ProductSku>id_book9</Ecommerce_ProductSku>
	</row>
	<row>
		<label>id_book10</label>
		<nb_visits>1</nb_visits>
		<nb_uniq_visitors>1</nb_uniq_visitors>
		<nb_actions>1</nb_actions>
		<avg_price>7.5</avg_price>
		<avg_quantity>0</avg_quantity>
		<conversion_rate>0%</conversion_rate>
		<Ecommerce_ProductSku>id_book10</Ecommerce_ProductSku>
	</row>
	<row>
		<label>id_book11</label>
		<nb_visits>1</nb_visits>
		<nb_uniq_visitors>1</nb_uniq_visitors>
		<nb_actions>1</nb_actions>
		<avg_price>7.5</avg_price>
		<avg_quantity>0</avg_quantity>
		<conversion_rate>0%</conversion_rate>
		<Ecommerce_ProductSku>id_book11</Ecommerce_ProductSku>
	</row>
	<row>
		<label>id_book12</label>
		<nb_visits>1</nb_visits>
		<nb_uniq_visitors>1</nb_uniq_visitors>
		<nb_actions>1</nb_actions>
		<avg_price>7.5</avg_price>
		<avg_quantity>0</avg_quantity>
		<conversion_rate>0%</conversion_rate>
		<Ecommerce_ProductSku>id_book12</Ecommerce_ProductSku>
	</row>
	<row>
		<label>id_book13</label>
		<nb_visits>1</nb_visits>
		<nb_uniq_visitors>1</nb_uniq_visitors>
		<nb_actions>1</nb_actions>
		<avg_price>7.5</avg_price>
		<avg_quantity>0</avg_quantity>
		<conversion_rate>0%</conversion_rate>
		<Ecommerce_ProductSku>id_book13</Ecommerce_ProductSku>
	</row>
	<row>
		<label>id_book14</label>
		<nb_visits>1</nb_visits>
		<nb_uniq_visitors>1</nb_uniq_visitors>
		<nb_actions>1</nb_actions>
		<avg_price>7.5</avg_price>
		<avg_quantity>0</avg_quantity>
		<conversion_rate>0%</conversion_rate>
		<Ecommerce_ProductSku>id_book14</Ecommerce_ProductSku>
	</row>
	<row>
		<label>id_book15</label>
		<nb_visits>1</nb_visits>
		<nb_uniq_visitors>1</nb_uniq_visitors>
		<nb_actions>1</nb_actions>
		<avg_price>7.5</avg_price>
		<avg_quantity>0</avg_quantity>
		<conversion_rate>0%</conversion_rate>
		<Ecommerce_ProductSku>id_book15</Ecommerce_ProductSku>
	</row>
	<row>
		<label>id_book16</label>
		<nb_visits>1</nb_visits>
		<nb_uniq_visitors>1</nb_uniq_visitors>
		<nb_actions>1</nb_actions>
		<avg_price>7.5</avg_price>
		<avg_quantity>0</avg_quantity>
		<conversion_rate>0%</conversion_rate>
		<Ecommerce_ProductSku>id_book16</Ecommerce_ProductSku>
	</row>
	<row>
		<label>id_book17</label>
		<nb_visits>1</nb_visits>
		<nb_uniq_visitors>1</nb_uniq_visitors>
		<nb_actions>1</nb_actions>
		<avg_price>7.5</avg_price>
		<avg_quantity>0</avg_quantity>
		<conversion_rate>0%</conversion_rate>
		<Ecommerce_ProductSku>id_book17</Ecommerce_ProductSku>
	</row>
	<row>
		<label>id_book18</label>
		<nb_visits>1</nb_visits>
		<nb_uniq_visitors>1</nb_uniq_visitors>
		<nb_actions>1</nb_actions>
		<avg_price>7.5</avg_price>
		<avg_quantity>0</avg_quantity>
		<conversion_rate>0%</conversion_rate>
		<Ecommerce_ProductSku>id_book18</Ecommerce_ProductSku>
	</row>
	<row>
		<label>id_book19</label>
		<nb_visits>1</nb_visits>
		<nb_uniq_visitors>1</nb_uniq_visitors>
		<nb_actions>1</nb_actions>
		<avg_price>7.5</avg_price>
		<avg_quantity>0</avg_quantity>
		<conversion_rate>0%</conversion_rate>
		<Ecommerce_ProductSku>id_book19</Ecommerce_ProductSku>
	</row>
	<row>
		<label>id_book20</label>
		<nb_visits>1</nb_visits>
		<nb_uniq_visitors>1</nb_uniq_visitors>
		<nb_actions>1</nb_actions>
		<avg_price>7.5</avg_price>
		<avg_quantity>0</avg_quantity>
		<conversion_rate>0%</conversion_rate>
		<Ecommerce_ProductSku>id_book20</Ecommerce_ProductSku>
	</row>
	<row>
		<label>id_book21</label>
		<nb_visits>1</nb_visits>
		<nb_uniq_visitors>1</nb_uniq_visitors>
		<nb_actions>1</nb_actions>
		<avg_price>7.5</avg_price>
		<avg_quantity>0</avg_quantity>
		<conversion_rate>0%</conversion_rate>
		<Ecommerce_ProductSku>id_book21</Ecommerce_ProductSku>
	</row>
	<row>
		<label>id_book22</label>
		<nb_visits>1</nb_visits>
		<nb_uniq_visitors>1</nb_uniq_visitors>
		<nb_actions>1</nb_actions>
		<avg_price>7.5</avg_price>
		<avg_quantity>0</avg_quantity>
		<conversion_rate>0%</conversion_rate>
		<Ecommerce_ProductSku>id_book22</Ecommerce_ProductSku>
	</row>
	<row>
		<label>id_book23</label>
		<nb_visits>1</nb_visits>
		<nb_uniq_visitors>1</nb_uniq_visitors>
		<nb_actions>1</nb_actions>
		<avg_price>7.5</avg_price>
		<avg_quantity>0</avg_quantity>
		<conversion_rate>0%</conversion_rate>
		<Ecommerce_ProductSku>id_book23</Ecommerce_ProductSku>
	</row>
	<row>
		<label>id_book24</label>
		<nb_visits>1</nb_visits>
		<nb_uniq_visitors>1</nb_uniq_visitors>
		<nb_actions>1</nb_actions>
		<avg_price>7.5</avg_price>
		<avg_quantity>0</avg_quantity>
		<conversion_rate>0%</conversion_rate>
		<Ecommerce_ProductSku>id_book24</Ecommerce_ProductSku>
	</row>
</result>