<?xml version="1.0" encoding="utf-8" ?>
<result>
	<nb_visits_new>13</nb_visits_new>
	<nb_actions_new>19</nb_actions_new>
	<nb_visits_converted_new>0</nb_visits_converted_new>
	<bounce_count_new>9</bounce_count_new>
	<sum_visit_length_new>124</sum_visit_length_new>
	<max_actions_new>3</max_actions_new>
	<bounce_rate_new>69%</bounce_rate_new>
	<nb_actions_per_visit_new>1.5</nb_actions_per_visit_new>
	<avg_time_on_site_new>10</avg_time_on_site_new>
	<nb_visits_returning>2</nb_visits_returning>
	<nb_actions_returning>2</nb_actions_returning>
	<nb_visits_converted_returning>0</nb_visits_converted_returning>
	<bounce_count_returning>2</bounce_count_returning>
	<sum_visit_length_returning>0</sum_visit_length_returning>
	<max_actions_returning>1</max_actions_returning>
	<bounce_rate_returning>100%</bounce_rate_returning>
	<nb_actions_per_visit_returning>1</nb_actions_per_visit_returning>
	<avg_time_on_site_returning>0</avg_time_on_site_returning>
</result>