<?xml version="1.0" encoding="utf-8" ?>
<result>
	<nb_visits>2</nb_visits>
	<nb_actions>8</nb_actions>
	<visits_evolution>100%</visits_evolution>
	<visits_evolution_trend>1</visits_evolution_trend>
	<actions_evolution>100%</actions_evolution>
	<actions_evolution_trend>1</actions_evolution_trend>
	<pageviews_evolution>100%</pageviews_evolution>
	<pageviews_evolution_trend>1</pageviews_evolution_trend>
	<revenue_evolution>100%</revenue_evolution>
	<revenue_evolution_trend>1</revenue_evolution_trend>
	<nb_pageviews>4</nb_pageviews>
	<revenue>43</revenue>
</result>