<?xml version="1.0" encoding="utf-8" ?>
<result>
	<row>
		<label> Page Name not defined</label>
		<nb_visits>32</nb_visits>
		<nb_hits>34</nb_hits>
		<sum_time_spent>0</sum_time_spent>
		<nb_hits_with_time_server>7</nb_hits_with_time_server>
		<min_time_server>0.001</min_time_server>
		<max_time_server>0.001</max_time_server>
		<sum_bandwidth>99897</sum_bandwidth>
		<nb_hits_with_bandwidth>30</nb_hits_with_bandwidth>
		<min_bandwidth>20087</min_bandwidth>
		<max_bandwidth>20087</max_bandwidth>
		<sum_daily_nb_uniq_visitors>32</sum_daily_nb_uniq_visitors>
		<avg_bandwidth>3329</avg_bandwidth>
		<avg_time_server>0.135</avg_time_server>
		<avg_page_load_time>0.135</avg_page_load_time>
		<avg_time_on_page>0</avg_time_on_page>
		<bounce_rate>0%</bounce_rate>
		<exit_rate>0%</exit_rate>
		<segment>pageTitle==</segment>
	</row>
	<row>
		<label> 301/URL = http://example.hello.com/Topic/hw43061</label>
		<nb_visits>2</nb_visits>
		<nb_hits>2</nb_hits>
		<sum_time_spent>0</sum_time_spent>
		<nb_hits_with_time_server>0</nb_hits_with_time_server>
		<min_time_server />
		<max_time_server />
		<sum_bandwidth>0</sum_bandwidth>
		<nb_hits_with_bandwidth>0</nb_hits_with_bandwidth>
		<min_bandwidth />
		<max_bandwidth />
		<entry_nb_visits>1</entry_nb_visits>
		<entry_nb_actions>1</entry_nb_actions>
		<entry_sum_visit_length>0</entry_sum_visit_length>
		<entry_bounce_count>1</entry_bounce_count>
		<exit_nb_visits>2</exit_nb_visits>
		<sum_daily_nb_uniq_visitors>2</sum_daily_nb_uniq_visitors>
		<sum_daily_entry_nb_uniq_visitors>1</sum_daily_entry_nb_uniq_visitors>
		<sum_daily_exit_nb_uniq_visitors>2</sum_daily_exit_nb_uniq_visitors>
		<avg_bandwidth>0</avg_bandwidth>
		<avg_time_server>0</avg_time_server>
		<avg_page_load_time>0</avg_page_load_time>
		<avg_time_on_page>0</avg_time_on_page>
		<bounce_rate>100%</bounce_rate>
		<exit_rate>100%</exit_rate>
		<segment>pageTitle==301%252FURL%2B%253D%2Bhttp%25253A%25252F%25252Fexample.hello.com%25252FTopic%25252Fhw43061</segment>
	</row>
	<row>
		<label> 404/URL = http://hello.example.com/hello/world/6,681965</label>
		<nb_visits>2</nb_visits>
		<nb_hits>2</nb_hits>
		<sum_time_spent>0</sum_time_spent>
		<nb_hits_with_time_server>2</nb_hits_with_time_server>
		<min_time_server>0.359</min_time_server>
		<max_time_server>0.359</max_time_server>
		<sum_bandwidth>0</sum_bandwidth>
		<nb_hits_with_bandwidth>0</nb_hits_with_bandwidth>
		<min_bandwidth />
		<max_bandwidth />
		<entry_nb_visits>1</entry_nb_visits>
		<entry_nb_actions>1</entry_nb_actions>
		<entry_sum_visit_length>0</entry_sum_visit_length>
		<entry_bounce_count>1</entry_bounce_count>
		<exit_nb_visits>2</exit_nb_visits>
		<sum_daily_nb_uniq_visitors>1</sum_daily_nb_uniq_visitors>
		<sum_daily_entry_nb_uniq_visitors>1</sum_daily_entry_nb_uniq_visitors>
		<sum_daily_exit_nb_uniq_visitors>1</sum_daily_exit_nb_uniq_visitors>
		<avg_bandwidth>0</avg_bandwidth>
		<avg_time_server>0.359</avg_time_server>
		<avg_page_load_time>0.359</avg_page_load_time>
		<avg_time_on_page>0</avg_time_on_page>
		<bounce_rate>100%</bounce_rate>
		<exit_rate>100%</exit_rate>
		<segment>pageTitle==404%252FURL%2B%253D%2Bhttp%25253A%25252F%25252Fhello.example.com%25252Fhello%25252Fworld%25252F6%25252C681965</segment>
	</row>
	<row>
		<label> 301/URL = http://piwik.net/moved-permanently</label>
		<nb_visits>1</nb_visits>
		<nb_hits>1</nb_hits>
		<sum_time_spent>180</sum_time_spent>
		<nb_hits_with_time_server>0</nb_hits_with_time_server>
		<min_time_server />
		<max_time_server />
		<sum_bandwidth>3574</sum_bandwidth>
		<nb_hits_with_bandwidth>1</nb_hits_with_bandwidth>
		<min_bandwidth>3574</min_bandwidth>
		<max_bandwidth>3574</max_bandwidth>
		<entry_nb_visits>1</entry_nb_visits>
		<entry_nb_actions>2</entry_nb_actions>
		<entry_sum_visit_length>182</entry_sum_visit_length>
		<entry_bounce_count>0</entry_bounce_count>
		<sum_daily_nb_uniq_visitors>1</sum_daily_nb_uniq_visitors>
		<sum_daily_entry_nb_uniq_visitors>1</sum_daily_entry_nb_uniq_visitors>
		<avg_bandwidth>3574</avg_bandwidth>
		<avg_time_server>0</avg_time_server>
		<avg_page_load_time>0</avg_page_load_time>
		<avg_time_on_page>180</avg_time_on_page>
		<bounce_rate>0%</bounce_rate>
		<exit_rate>0%</exit_rate>
		<segment>pageTitle==301%252FURL%2B%253D%2Bhttp%25253A%25252F%25252Fpiwik.net%25252Fmoved-permanently</segment>
	</row>
	<row>
		<label> 302/URL = http://piwik.net/Citrix/XenApp/Wan/auth/login.jsp</label>
		<nb_visits>1</nb_visits>
		<nb_hits>1</nb_hits>
		<sum_time_spent>240</sum_time_spent>
		<nb_hits_with_time_server>0</nb_hits_with_time_server>
		<min_time_server />
		<max_time_server />
		<sum_bandwidth>355</sum_bandwidth>
		<nb_hits_with_bandwidth>1</nb_hits_with_bandwidth>
		<min_bandwidth>355</min_bandwidth>
		<max_bandwidth>355</max_bandwidth>
		<entry_nb_visits>1</entry_nb_visits>
		<entry_nb_actions>2</entry_nb_actions>
		<entry_sum_visit_length>242</entry_sum_visit_length>
		<entry_bounce_count>0</entry_bounce_count>
		<exit_nb_visits>1</exit_nb_visits>
		<sum_daily_nb_uniq_visitors>1</sum_daily_nb_uniq_visitors>
		<sum_daily_entry_nb_uniq_visitors>1</sum_daily_entry_nb_uniq_visitors>
		<sum_daily_exit_nb_uniq_visitors>1</sum_daily_exit_nb_uniq_visitors>
		<avg_bandwidth>355</avg_bandwidth>
		<avg_time_server>0</avg_time_server>
		<avg_page_load_time>0</avg_page_load_time>
		<avg_time_on_page>240</avg_time_on_page>
		<bounce_rate>0%</bounce_rate>
		<exit_rate>100%</exit_rate>
		<segment>pageTitle==302%252FURL%2B%253D%2Bhttp%25253A%25252F%25252Fpiwik.net%25252FCitrix%25252FXenApp%25252FWan%25252Fauth%25252Flogin.jsp</segment>
	</row>
	<row>
		<label> 307/URL = http://piwik.net/temp-redirect</label>
		<nb_visits>1</nb_visits>
		<nb_hits>1</nb_hits>
		<sum_time_spent>0</sum_time_spent>
		<nb_hits_with_time_server>0</nb_hits_with_time_server>
		<min_time_server />
		<max_time_server />
		<sum_bandwidth>3574</sum_bandwidth>
		<nb_hits_with_bandwidth>1</nb_hits_with_bandwidth>
		<min_bandwidth>3574</min_bandwidth>
		<max_bandwidth>3574</max_bandwidth>
		<exit_nb_visits>1</exit_nb_visits>
		<sum_daily_nb_uniq_visitors>1</sum_daily_nb_uniq_visitors>
		<sum_daily_exit_nb_uniq_visitors>1</sum_daily_exit_nb_uniq_visitors>
		<avg_bandwidth>3574</avg_bandwidth>
		<avg_time_server>0</avg_time_server>
		<avg_page_load_time>0</avg_page_load_time>
		<avg_time_on_page>0</avg_time_on_page>
		<bounce_rate>0%</bounce_rate>
		<exit_rate>100%</exit_rate>
		<segment>pageTitle==307%252FURL%2B%253D%2Bhttp%25253A%25252F%25252Fpiwik.net%25252Ftemp-redirect</segment>
	</row>
	<row>
		<label> 404/URL = http://piwik.net/this/is/not/the/page/i/am/looking/for/</label>
		<nb_visits>1</nb_visits>
		<nb_hits>1</nb_hits>
		<sum_time_spent>0</sum_time_spent>
		<nb_hits_with_time_server>0</nb_hits_with_time_server>
		<min_time_server />
		<max_time_server />
		<sum_bandwidth>3574</sum_bandwidth>
		<nb_hits_with_bandwidth>1</nb_hits_with_bandwidth>
		<min_bandwidth>3574</min_bandwidth>
		<max_bandwidth>3574</max_bandwidth>
		<entry_nb_visits>1</entry_nb_visits>
		<entry_nb_actions>1</entry_nb_actions>
		<entry_sum_visit_length>0</entry_sum_visit_length>
		<entry_bounce_count>1</entry_bounce_count>
		<exit_nb_visits>1</exit_nb_visits>
		<sum_daily_nb_uniq_visitors>1</sum_daily_nb_uniq_visitors>
		<sum_daily_entry_nb_uniq_visitors>1</sum_daily_entry_nb_uniq_visitors>
		<sum_daily_exit_nb_uniq_visitors>1</sum_daily_exit_nb_uniq_visitors>
		<avg_bandwidth>3574</avg_bandwidth>
		<avg_time_server>0</avg_time_server>
		<avg_page_load_time>0</avg_page_load_time>
		<avg_time_on_page>0</avg_time_on_page>
		<bounce_rate>100%</bounce_rate>
		<exit_rate>100%</exit_rate>
		<segment>pageTitle==404%252FURL%2B%253D%2Bhttp%25253A%25252F%25252Fpiwik.net%25252Fthis%25252Fis%25252Fnot%25252Fthe%25252Fpage%25252Fi%25252Fam%25252Flooking%25252Ffor%25252F</segment>
	</row>
	<row>
		<label> 500/URL = http://piwik.net/to-an-error</label>
		<nb_visits>1</nb_visits>
		<nb_hits>1</nb_hits>
		<sum_time_spent>0</sum_time_spent>
		<nb_hits_with_time_server>0</nb_hits_with_time_server>
		<min_time_server />
		<max_time_server />
		<sum_bandwidth>3574</sum_bandwidth>
		<nb_hits_with_bandwidth>1</nb_hits_with_bandwidth>
		<min_bandwidth>3574</min_bandwidth>
		<max_bandwidth>3574</max_bandwidth>
		<entry_nb_visits>1</entry_nb_visits>
		<entry_nb_actions>1</entry_nb_actions>
		<entry_sum_visit_length>0</entry_sum_visit_length>
		<entry_bounce_count>1</entry_bounce_count>
		<exit_nb_visits>1</exit_nb_visits>
		<sum_daily_nb_uniq_visitors>1</sum_daily_nb_uniq_visitors>
		<sum_daily_entry_nb_uniq_visitors>1</sum_daily_entry_nb_uniq_visitors>
		<sum_daily_exit_nb_uniq_visitors>1</sum_daily_exit_nb_uniq_visitors>
		<avg_bandwidth>3574</avg_bandwidth>
		<avg_time_server>0</avg_time_server>
		<avg_page_load_time>0</avg_page_load_time>
		<avg_time_on_page>0</avg_time_on_page>
		<bounce_rate>100%</bounce_rate>
		<exit_rate>100%</exit_rate>
		<segment>pageTitle==500%252FURL%2B%253D%2Bhttp%25253A%25252F%25252Fpiwik.net%25252Fto-an-error</segment>
	</row>
	<row>
		<label> incredible title!</label>
		<nb_visits>1</nb_visits>
		<nb_hits>1</nb_hits>
		<sum_time_spent>0</sum_time_spent>
		<nb_hits_with_time_server>0</nb_hits_with_time_server>
		<min_time_server />
		<max_time_server />
		<sum_bandwidth>43</sum_bandwidth>
		<nb_hits_with_bandwidth>1</nb_hits_with_bandwidth>
		<min_bandwidth>43</min_bandwidth>
		<max_bandwidth>43</max_bandwidth>
		<entry_nb_visits>1</entry_nb_visits>
		<entry_nb_actions>1</entry_nb_actions>
		<entry_sum_visit_length>0</entry_sum_visit_length>
		<entry_bounce_count>1</entry_bounce_count>
		<exit_nb_visits>1</exit_nb_visits>
		<sum_daily_nb_uniq_visitors>1</sum_daily_nb_uniq_visitors>
		<sum_daily_entry_nb_uniq_visitors>1</sum_daily_entry_nb_uniq_visitors>
		<sum_daily_exit_nb_uniq_visitors>1</sum_daily_exit_nb_uniq_visitors>
		<avg_bandwidth>43</avg_bandwidth>
		<avg_time_server>0</avg_time_server>
		<avg_page_load_time>0</avg_page_load_time>
		<avg_time_on_page>0</avg_time_on_page>
		<bounce_rate>100%</bounce_rate>
		<exit_rate>100%</exit_rate>
		<segment>pageTitle==incredible%2Btitle%2521</segment>
	</row>
	<row>
		<label> Piwik Forums</label>
		<nb_visits>1</nb_visits>
		<nb_hits>1</nb_hits>
		<sum_time_spent>0</sum_time_spent>
		<nb_hits_with_time_server>0</nb_hits_with_time_server>
		<min_time_server />
		<max_time_server />
		<sum_bandwidth>43</sum_bandwidth>
		<nb_hits_with_bandwidth>1</nb_hits_with_bandwidth>
		<min_bandwidth>43</min_bandwidth>
		<max_bandwidth>43</max_bandwidth>
		<entry_nb_visits>1</entry_nb_visits>
		<entry_nb_actions>1</entry_nb_actions>
		<entry_sum_visit_length>0</entry_sum_visit_length>
		<entry_bounce_count>1</entry_bounce_count>
		<exit_nb_visits>1</exit_nb_visits>
		<sum_daily_nb_uniq_visitors>1</sum_daily_nb_uniq_visitors>
		<sum_daily_entry_nb_uniq_visitors>1</sum_daily_entry_nb_uniq_visitors>
		<sum_daily_exit_nb_uniq_visitors>1</sum_daily_exit_nb_uniq_visitors>
		<avg_bandwidth>43</avg_bandwidth>
		<avg_time_server>0</avg_time_server>
		<avg_page_load_time>0</avg_page_load_time>
		<avg_time_on_page>0</avg_time_on_page>
		<bounce_rate>100%</bounce_rate>
		<exit_rate>100%</exit_rate>
		<segment>pageTitle==Piwik%2BForums</segment>
	</row>
</result>