<?xml version="1.0" encoding="utf-8" ?>
<results>
	<result period="2009-01-04" />
	<result period="2009-01-05" />
	<result period="2009-01-06" />
	<result period="2009-01-07" />
	<result period="2009-01-08" />
	<result period="2009-01-09" />
	<result period="2009-01-10" />
</results>