<?xml version="1.0" encoding="utf-8" ?>
<result>
	<website>Site 1</website>
	<prettyDate>January 3 â€“ 9, 2010</prettyDate>
	<metadata>
		<category>Actions</category>
		<subcategory>Page titles</subcategory>
		<name>Page titles</name>
		<module>Actions</module>
		<action>getPageTitles</action>
		<dimension>Page Title</dimension>
		<documentation>This report contains information about the titles of the pages that have been visited. &lt;br /&gt; The page title is the HTML &lt;title&gt; Tag that most browsers show in their window title.</documentation>
		<metrics>
			<nb_hits>Pageviews</nb_hits>
			<nb_visits>Unique Pageviews</nb_visits>
		</metrics>
		<metricsDocumentation>
			<nb_hits>The number of times this page was visited.</nb_hits>
			<nb_visits>The number of visits that included this page. If a page was viewed multiple times during one visit, it is only counted once.</nb_visits>
			<avg_time_on_page>The average amount of time visitors spent on this page (only the page, not the entire website).</avg_time_on_page>
			<bounce_rate>The percentage of visits that started on this page and left the website straight away.</bounce_rate>
			<exit_rate>The percentage of visits that left the website after viewing this page.</exit_rate>
		</metricsDocumentation>
		<processedMetrics>
			<avg_time_on_page>Avg. time on page</avg_time_on_page>
			<bounce_rate>Bounce Rate</bounce_rate>
			<exit_rate>Exit rate</exit_rate>
			<avg_time_generation>Avg. generation time</avg_time_generation>
		</processedMetrics>
		<actionToLoadSubTables>getPageTitles</actionToLoadSubTables>
		<relatedReports>
			<row>
				<name>Entry page titles</name>
				<module>Actions</module>
				<action>getEntryPageTitles</action>
			</row>
			<row>
				<name>Exit page titles</name>
				<module>Actions</module>
				<action>getExitPageTitles</action>
			</row>
		</relatedReports>
		<imageGraphUrl>index.php?module=API&amp;method=ImageGraph.get&amp;idSite=1&amp;apiModule=Actions&amp;apiAction=getPageTitles&amp;period=range&amp;date=2010-01-03,2010-01-09</imageGraphUrl>
		<imageGraphEvolutionUrl>index.php?module=API&amp;method=ImageGraph.get&amp;idSite=1&amp;apiModule=Actions&amp;apiAction=getPageTitles&amp;period=day&amp;date=2010-01-03,2010-01-09</imageGraphEvolutionUrl>
		<uniqueId>Actions_getPageTitles</uniqueId>
	</metadata>
	<columns>
		<label>Page Title</label>
		<nb_hits>Pageviews</nb_hits>
		<nb_visits>Unique Pageviews</nb_visits>
		<avg_time_on_page>Avg. time on page</avg_time_on_page>
		<bounce_rate>Bounce Rate</bounce_rate>
		<exit_rate>Exit rate</exit_rate>
	</columns>
	<reportData>
		<result prettyDate="Sunday, January 3, 2010">
			<row>
				<label> first page view</label>
				<nb_visits>2</nb_visits>
				<nb_hits>2</nb_hits>
				<bounce_rate>100%</bounce_rate>
				<avg_time_on_page>00:00:00</avg_time_on_page>
				<exit_rate>100%</exit_rate>
			</row>
		</result>
		<result prettyDate="Monday, January 4, 2010">
			<row>
				<label> Page Name not defined</label>
				<nb_visits>1</nb_visits>
				<nb_hits>1</nb_hits>
				<bounce_rate>0%</bounce_rate>
				<avg_time_on_page>00:00:00</avg_time_on_page>
				<exit_rate>0%</exit_rate>
			</row>
		</result>
		<result prettyDate="Tuesday, January 5, 2010">
			<row>
				<label> Checkout / Purchasing...</label>
				<nb_visits>1</nb_visits>
				<nb_hits>1</nb_hits>
				<bounce_rate>0%</bounce_rate>
				<avg_time_on_page>00:00:00</avg_time_on_page>
				<exit_rate>100%</exit_rate>
			</row>
			<row>
				<label> second visitor/two days later/a new visit</label>
				<nb_visits>1</nb_visits>
				<nb_hits>1</nb_hits>
				<bounce_rate>0%</bounce_rate>
				<avg_time_on_page>00:06:00</avg_time_on_page>
				<exit_rate>0%</exit_rate>
			</row>
			<row>
				<label> second visitor/two days later/second page viewðŸ˜€ðŸ’©ðŸ˜€ðŸ’©</label>
				<nb_visits>1</nb_visits>
				<nb_hits>1</nb_hits>
				<bounce_rate>0%</bounce_rate>
				<avg_time_on_page>00:09:00</avg_time_on_page>
				<exit_rate>0%</exit_rate>
			</row>
		</result>
		<result prettyDate="Wednesday, January 6, 2010">
			<row>
				<label> Checkout / Purchasing...</label>
				<nb_visits>1</nb_visits>
				<nb_hits>1</nb_hits>
				<bounce_rate>0%</bounce_rate>
				<avg_time_on_page>00:00:00</avg_time_on_page>
				<exit_rate>100%</exit_rate>
			</row>
			<row>
				<label> second visitor/two days later/a new visit</label>
				<nb_visits>1</nb_visits>
				<nb_hits>1</nb_hits>
				<bounce_rate>0%</bounce_rate>
				<avg_time_on_page>00:06:00</avg_time_on_page>
				<exit_rate>0%</exit_rate>
			</row>
			<row>
				<label> second visitor/two days later/second page viewðŸ˜€ðŸ’©ðŸ˜€ðŸ’©</label>
				<nb_visits>1</nb_visits>
				<nb_hits>1</nb_hits>
				<bounce_rate>0%</bounce_rate>
				<avg_time_on_page>00:09:00</avg_time_on_page>
				<exit_rate>0%</exit_rate>
			</row>
		</result>
		<result prettyDate="Thursday, January 7, 2010">
			<row>
				<label> Checkout / Purchasing...</label>
				<nb_visits>1</nb_visits>
				<nb_hits>1</nb_hits>
				<bounce_rate>0%</bounce_rate>
				<avg_time_on_page>00:00:00</avg_time_on_page>
				<exit_rate>100%</exit_rate>
			</row>
			<row>
				<label> second visitor/two days later/a new visit</label>
				<nb_visits>1</nb_visits>
				<nb_hits>1</nb_hits>
				<bounce_rate>0%</bounce_rate>
				<avg_time_on_page>00:06:00</avg_time_on_page>
				<exit_rate>0%</exit_rate>
			</row>
			<row>
				<label> second visitor/two days later/second page viewðŸ˜€ðŸ’©ðŸ˜€ðŸ’©</label>
				<nb_visits>1</nb_visits>
				<nb_hits>1</nb_hits>
				<bounce_rate>0%</bounce_rate>
				<avg_time_on_page>00:09:00</avg_time_on_page>
				<exit_rate>0%</exit_rate>
			</row>
		</result>
		<result prettyDate="Friday, January 8, 2010">
			<row>
				<label> Checkout / Purchasing...</label>
				<nb_visits>1</nb_visits>
				<nb_hits>1</nb_hits>
				<bounce_rate>0%</bounce_rate>
				<avg_time_on_page>00:00:00</avg_time_on_page>
				<exit_rate>100%</exit_rate>
			</row>
			<row>
				<label> second visitor/two days later/a new visit</label>
				<nb_visits>1</nb_visits>
				<nb_hits>1</nb_hits>
				<bounce_rate>0%</bounce_rate>
				<avg_time_on_page>00:06:00</avg_time_on_page>
				<exit_rate>0%</exit_rate>
			</row>
			<row>
				<label> second visitor/two days later/second page viewðŸ˜€ðŸ’©ðŸ˜€ðŸ’©</label>
				<nb_visits>1</nb_visits>
				<nb_hits>1</nb_hits>
				<bounce_rate>0%</bounce_rate>
				<avg_time_on_page>00:09:00</avg_time_on_page>
				<exit_rate>0%</exit_rate>
			</row>
		</result>
		<result prettyDate="Saturday, January 9, 2010">
			<row>
				<label> Checkout / Purchasing...</label>
				<nb_visits>1</nb_visits>
				<nb_hits>1</nb_hits>
				<bounce_rate>0%</bounce_rate>
				<avg_time_on_page>00:00:00</avg_time_on_page>
				<exit_rate>100%</exit_rate>
			</row>
			<row>
				<label> second visitor/two days later/a new visit</label>
				<nb_visits>1</nb_visits>
				<nb_hits>1</nb_hits>
				<bounce_rate>0%</bounce_rate>
				<avg_time_on_page>00:06:00</avg_time_on_page>
				<exit_rate>0%</exit_rate>
			</row>
			<row>
				<label> second visitor/two days later/second page viewðŸ˜€ðŸ’©ðŸ˜€ðŸ’©</label>
				<nb_visits>1</nb_visits>
				<nb_hits>1</nb_hits>
				<bounce_rate>0%</bounce_rate>
				<avg_time_on_page>00:09:00</avg_time_on_page>
				<exit_rate>0%</exit_rate>
			</row>
		</result>
	</reportData>
	<reportMetadata>
		<result prettyDate="Sunday, January 3, 2010">
			<row>
				<segment>pageTitle==first%2Bpage%2Bview</segment>
			</row>
		</result>
		<result prettyDate="Monday, January 4, 2010">
			<row>
				<segment>pageTitle==</segment>
			</row>
		</result>
		<result prettyDate="Tuesday, January 5, 2010">
			<row>
				<segment>pageTitle==Checkout%2B%252F%2BPurchasing...</segment>
			</row>
			<row>
				<segment>pageTitle==second%2Bvisitor%252Ftwo%2Bdays%2Blater%252Fa%2Bnew%2Bvisit</segment>
			</row>
			<row>
				<segment>pageTitle==second%2Bvisitor%252Ftwo%2Bdays%2Blater%252Fsecond%2Bpage%2Bview%25F0%259F%2598%2580%25F0%259F%2592%25A9%25F0%259F%2598%2580%25F0%259F%2592%25A9</segment>
			</row>
		</result>
		<result prettyDate="Wednesday, January 6, 2010">
			<row>
				<segment>pageTitle==Checkout%2B%252F%2BPurchasing...</segment>
			</row>
			<row>
				<segment>pageTitle==second%2Bvisitor%252Ftwo%2Bdays%2Blater%252Fa%2Bnew%2Bvisit</segment>
			</row>
			<row>
				<segment>pageTitle==second%2Bvisitor%252Ftwo%2Bdays%2Blater%252Fsecond%2Bpage%2Bview%25F0%259F%2598%2580%25F0%259F%2592%25A9%25F0%259F%2598%2580%25F0%259F%2592%25A9</segment>
			</row>
		</result>
		<result prettyDate="Thursday, January 7, 2010">
			<row>
				<segment>pageTitle==Checkout%2B%252F%2BPurchasing...</segment>
			</row>
			<row>
				<segment>pageTitle==second%2Bvisitor%252Ftwo%2Bdays%2Blater%252Fa%2Bnew%2Bvisit</segment>
			</row>
			<row>
				<segment>pageTitle==second%2Bvisitor%252Ftwo%2Bdays%2Blater%252Fsecond%2Bpage%2Bview%25F0%259F%2598%2580%25F0%259F%2592%25A9%25F0%259F%2598%2580%25F0%259F%2592%25A9</segment>
			</row>
		</result>
		<result prettyDate="Friday, January 8, 2010">
			<row>
				<segment>pageTitle==Checkout%2B%252F%2BPurchasing...</segment>
			</row>
			<row>
				<segment>pageTitle==second%2Bvisitor%252Ftwo%2Bdays%2Blater%252Fa%2Bnew%2Bvisit</segment>
			</row>
			<row>
				<segment>pageTitle==second%2Bvisitor%252Ftwo%2Bdays%2Blater%252Fsecond%2Bpage%2Bview%25F0%259F%2598%2580%25F0%259F%2592%25A9%25F0%259F%2598%2580%25F0%259F%2592%25A9</segment>
			</row>
		</result>
		<result prettyDate="Saturday, January 9, 2010">
			<row>
				<segment>pageTitle==Checkout%2B%252F%2BPurchasing...</segment>
			</row>
			<row>
				<segment>pageTitle==second%2Bvisitor%252Ftwo%2Bdays%2Blater%252Fa%2Bnew%2Bvisit</segment>
			</row>
			<row>
				<segment>pageTitle==second%2Bvisitor%252Ftwo%2Bdays%2Blater%252Fsecond%2Bpage%2Bview%25F0%259F%2598%2580%25F0%259F%2592%25A9%25F0%259F%2598%2580%25F0%259F%2592%25A9</segment>
			</row>
		</result>
	</reportMetadata>
	<reportTotal>
		<nb_visits>18</nb_visits>
		<nb_uniq_visitors>18</nb_uniq_visitors>
		<nb_hits>18</nb_hits>
		<sum_time_spent>4500</sum_time_spent>
		<sum_time_network>0.398</sum_time_network>
		<nb_hits_with_time_network>17</nb_hits_with_time_network>
		<min_time_network>0.0360</min_time_network>
		<max_time_network>0.0620</max_time_network>
		<sum_time_server>4.648</sum_time_server>
		<nb_hits_with_time_server>17</nb_hits_with_time_server>
		<min_time_server>0.2280</min_time_server>
		<max_time_server>0.823</max_time_server>
		<sum_time_transfer>6.26</sum_time_transfer>
		<nb_hits_with_time_transfer>17</nb_hits_with_time_transfer>
		<min_time_transfer>0.3350</min_time_transfer>
		<max_time_transfer>1.097</max_time_transfer>
		<sum_time_dom_processing>19.784</sum_time_dom_processing>
		<nb_hits_with_time_dom_processing>17</nb_hits_with_time_dom_processing>
		<min_time_dom_processing>1.0150</min_time_dom_processing>
		<max_time_dom_processing>3.522</max_time_dom_processing>
		<sum_time_dom_completion>4.815</sum_time_dom_completion>
		<nb_hits_with_time_dom_completion>17</nb_hits_with_time_dom_completion>
		<min_time_dom_completion>0.2090</min_time_dom_completion>
		<max_time_dom_completion>0.85</max_time_dom_completion>
		<sum_time_on_load>5.256</sum_time_on_load>
		<nb_hits_with_time_on_load>17</nb_hits_with_time_on_load>
		<min_time_on_load>0.3010</min_time_on_load>
		<max_time_on_load>0.903</max_time_on_load>
		<sum_bandwidth>0</sum_bandwidth>
		<nb_hits_with_bandwidth>0</nb_hits_with_bandwidth>
		<entry_nb_uniq_visitors>7</entry_nb_uniq_visitors>
		<entry_nb_visits>7</entry_nb_visits>
		<entry_nb_actions>27</entry_nb_actions>
		<entry_sum_visit_length>4505</entry_sum_visit_length>
		<entry_bounce_count>2</entry_bounce_count>
		<exit_nb_uniq_visitors>7</exit_nb_uniq_visitors>
		<exit_nb_visits>7</exit_nb_visits>
	</reportTotal>
</result>