<?xml version="1.0" encoding="utf-8" ?>
<result>
	<website>Piwik test</website>
	<prettyDate>Friday, August 10, 2012</prettyDate>
	<metadata>
		<category>Visitors</category>
		<subcategory>Locations</subcategory>
		<name>Continent</name>
		<module>UserCountry</module>
		<action>getContinent</action>
		<dimension>Continent</dimension>
		<documentation>This report shows which continent your visitors were in when they accessed your website.</documentation>
		<metrics>
			<nb_visits>Visits</nb_visits>
			<nb_uniq_visitors>Unique visitors</nb_uniq_visitors>
			<nb_actions>Actions</nb_actions>
		</metrics>
		<metricsDocumentation>
			<nb_visits>If a visitor comes to your website for the first time or if they visit a page more than 30 minutes after their last page view, this will be recorded as a new visit.</nb_visits>
			<nb_uniq_visitors>The number of unduplicated visitors coming to your website. Every user is only counted once, even if they visit the website multiple times a day.</nb_uniq_visitors>
			<nb_actions>The number of actions performed by your visitors. Actions can be page views, internal site searches, downloads or outlinks.</nb_actions>
			<nb_actions_per_visit>The average number of actions (page views, site searches, downloads or outlinks) that were performed during the visits.</nb_actions_per_visit>
			<avg_time_on_site>The average duration of a visit.</avg_time_on_site>
			<bounce_rate>The percentage of visits that only had a single pageview. This means, that the visitor left the website directly from the entrance page.</bounce_rate>
			<conversion_rate>The percentage of visits that triggered a goal conversion.</conversion_rate>
		</metricsDocumentation>
		<processedMetrics>
			<nb_actions_per_visit>Actions per Visit</nb_actions_per_visit>
			<avg_time_on_site>Avg. Time on Website</avg_time_on_site>
			<bounce_rate>Bounce Rate</bounce_rate>
		</processedMetrics>
		<metricsGoal>
			<nb_conversions>Conversions</nb_conversions>
			<revenue>Revenue</revenue>
		</metricsGoal>
		<processedMetricsGoal>
			<revenue_per_visit>Revenue per Visit</revenue_per_visit>
		</processedMetricsGoal>
		<imageGraphUrl>index.php?module=API&amp;method=ImageGraph.get&amp;idSite=1&amp;apiModule=UserCountry&amp;apiAction=getContinent&amp;period=day&amp;date=2012-08-10</imageGraphUrl>
		<imageGraphEvolutionUrl>index.php?module=API&amp;method=ImageGraph.get&amp;idSite=1&amp;apiModule=UserCountry&amp;apiAction=getContinent&amp;period=day&amp;date=2012-07-12,2012-08-10</imageGraphEvolutionUrl>
		<uniqueId>UserCountry_getContinent</uniqueId>
	</metadata>
	<columns>
		<label>Continent</label>
		<nb_visits>Visits</nb_visits>
		<nb_uniq_visitors>Unique visitors</nb_uniq_visitors>
		<nb_actions>Actions</nb_actions>
		<nb_actions_per_visit>Actions per Visit</nb_actions_per_visit>
		<avg_time_on_site>Avg. Time on Website</avg_time_on_site>
		<bounce_rate>Bounce Rate</bounce_rate>
		<revenue>Revenue</revenue>
	</columns>
	<reportData>
		<row>
			<label>Asia</label>
			<nb_uniq_visitors>4</nb_uniq_visitors>
			<nb_visits>4</nb_visits>
			<nb_actions>4</nb_actions>
			<revenue>$20</revenue>
			<nb_actions_per_visit>1</nb_actions_per_visit>
			<avg_time_on_site>00:00:00</avg_time_on_site>
			<bounce_rate>100%</bounce_rate>
			<comparisons>
				<row>
					<nb_uniq_visitors>4</nb_uniq_visitors>
					<nb_visits>4</nb_visits>
					<nb_actions>4</nb_actions>
					<revenue>$20</revenue>
					<nb_actions_per_visit>1</nb_actions_per_visit>
					<avg_time_on_site>00:00:00</avg_time_on_site>
					<bounce_rate>100%</bounce_rate>
					<label>0</label>
					<label_change>+0%</label_change>
					<nb_visits_change>+0%</nb_visits_change>
					<nb_uniq_visitors_change>+0%</nb_uniq_visitors_change>
					<nb_actions_change>+0%</nb_actions_change>
					<nb_actions_per_visit_change>+0%</nb_actions_per_visit_change>
					<avg_time_on_site_change>+0%</avg_time_on_site_change>
					<bounce_rate_change>+0%</bounce_rate_change>
					<revenue_change>+0%</revenue_change>
					<compareSegment />
					<compareSegmentPretty>All visits</compareSegmentPretty>
					<comparePeriod>day</comparePeriod>
					<compareDate>2012-08-10</compareDate>
					<comparePeriodPretty>Friday, August 10, 2012</comparePeriodPretty>
					<compareSeriesPretty>(Friday, August 10, 2012) (All visits)</compareSeriesPretty>
					<idsubdatatable>-1</idsubdatatable>
				</row>
				<row>
					<nb_uniq_visitors>1</nb_uniq_visitors>
					<nb_visits>1</nb_visits>
					<nb_actions>1</nb_actions>
					<revenue>$5</revenue>
					<nb_actions_per_visit>1</nb_actions_per_visit>
					<avg_time_on_site>00:00:00</avg_time_on_site>
					<bounce_rate>100%</bounce_rate>
					<label>0</label>
					<label_change>+0%</label_change>
					<nb_visits_change>+0%</nb_visits_change>
					<nb_uniq_visitors_change>+0%</nb_uniq_visitors_change>
					<nb_actions_change>+0%</nb_actions_change>
					<nb_actions_per_visit_change>+0%</nb_actions_per_visit_change>
					<avg_time_on_site_change>+0%</avg_time_on_site_change>
					<bounce_rate_change>+0%</bounce_rate_change>
					<revenue_change>+0%</revenue_change>
					<compareSegment>browserCode%3D%3Die</compareSegment>
					<compareSegmentPretty>browserCode==ie</compareSegmentPretty>
					<comparePeriod>day</comparePeriod>
					<compareDate>2012-08-10</compareDate>
					<comparePeriodPretty>Friday, August 10, 2012</comparePeriodPretty>
					<compareSeriesPretty>(Friday, August 10, 2012) (browserCode==ie)</compareSeriesPretty>
					<idsubdatatable>-1</idsubdatatable>
				</row>
				<row>
					<nb_visits>1</nb_visits>
					<nb_actions>1</nb_actions>
					<revenue>$5</revenue>
					<nb_actions_per_visit>1</nb_actions_per_visit>
					<avg_time_on_site>00:00:00</avg_time_on_site>
					<bounce_rate>100%</bounce_rate>
					<nb_visits_change>-75%</nb_visits_change>
					<nb_actions_change>-75%</nb_actions_change>
					<revenue_change>-75%</revenue_change>
					<nb_actions_per_visit_change>+0%</nb_actions_per_visit_change>
					<avg_time_on_site_change>+0%</avg_time_on_site_change>
					<bounce_rate_change>+0%</bounce_rate_change>
					<label>0</label>
					<nb_uniq_visitors>0</nb_uniq_visitors>
					<label_change>+0%</label_change>
					<nb_uniq_visitors_change>+0%</nb_uniq_visitors_change>
					<compareSegment />
					<compareSegmentPretty>All visits</compareSegmentPretty>
					<comparePeriod>week</comparePeriod>
					<compareDate>2012-08-16</compareDate>
					<comparePeriodPretty>Week August 13 – 19, 2012</comparePeriodPretty>
					<compareSeriesPretty>(Week August 13 – 19, 2012) (All visits)</compareSeriesPretty>
					<idsubdatatable>-1</idsubdatatable>
				</row>
				<row>
					<nb_uniq_visitors>0</nb_uniq_visitors>
					<nb_visits>0</nb_visits>
					<nb_actions>0</nb_actions>
					<revenue>$0</revenue>
					<nb_actions_per_visit>0</nb_actions_per_visit>
					<avg_time_on_site>00:00:00</avg_time_on_site>
					<bounce_rate>0%</bounce_rate>
					<nb_uniq_visitors_change>-100%</nb_uniq_visitors_change>
					<nb_visits_change>-100%</nb_visits_change>
					<nb_actions_change>-100%</nb_actions_change>
					<revenue_change>-100%</revenue_change>
					<nb_actions_per_visit_change>-100%</nb_actions_per_visit_change>
					<avg_time_on_site_change>+0%</avg_time_on_site_change>
					<bounce_rate_change>-100%</bounce_rate_change>
					<label>0</label>
					<label_change>+0%</label_change>
					<compareSegment>browserCode%3D%3Die</compareSegment>
					<compareSegmentPretty>browserCode==ie</compareSegmentPretty>
					<comparePeriod>week</comparePeriod>
					<compareDate>2012-08-16</compareDate>
					<comparePeriodPretty>Week August 13 – 19, 2012</comparePeriodPretty>
					<compareSeriesPretty>(Week August 13 – 19, 2012) (browserCode==ie)</compareSeriesPretty>
					<idsubdatatable>-1</idsubdatatable>
				</row>
			</comparisons>
		</row>
		<row>
			<label>South America</label>
			<nb_uniq_visitors>3</nb_uniq_visitors>
			<nb_visits>3</nb_visits>
			<nb_actions>3</nb_actions>
			<revenue>$15</revenue>
			<nb_actions_per_visit>1</nb_actions_per_visit>
			<avg_time_on_site>00:00:00</avg_time_on_site>
			<bounce_rate>100%</bounce_rate>
			<comparisons>
				<row>
					<nb_uniq_visitors>3</nb_uniq_visitors>
					<nb_visits>3</nb_visits>
					<nb_actions>3</nb_actions>
					<revenue>$15</revenue>
					<nb_actions_per_visit>1</nb_actions_per_visit>
					<avg_time_on_site>00:00:00</avg_time_on_site>
					<bounce_rate>100%</bounce_rate>
					<label>0</label>
					<label_change>+0%</label_change>
					<nb_visits_change>+0%</nb_visits_change>
					<nb_uniq_visitors_change>+0%</nb_uniq_visitors_change>
					<nb_actions_change>+0%</nb_actions_change>
					<nb_actions_per_visit_change>+0%</nb_actions_per_visit_change>
					<avg_time_on_site_change>+0%</avg_time_on_site_change>
					<bounce_rate_change>+0%</bounce_rate_change>
					<revenue_change>+0%</revenue_change>
					<compareSegment />
					<compareSegmentPretty>All visits</compareSegmentPretty>
					<comparePeriod>day</comparePeriod>
					<compareDate>2012-08-10</compareDate>
					<comparePeriodPretty>Friday, August 10, 2012</comparePeriodPretty>
					<compareSeriesPretty>(Friday, August 10, 2012) (All visits)</compareSeriesPretty>
					<idsubdatatable>-1</idsubdatatable>
				</row>
				<row>
					<nb_uniq_visitors>1</nb_uniq_visitors>
					<nb_visits>1</nb_visits>
					<nb_actions>1</nb_actions>
					<revenue>$5</revenue>
					<nb_actions_per_visit>1</nb_actions_per_visit>
					<avg_time_on_site>00:00:00</avg_time_on_site>
					<bounce_rate>100%</bounce_rate>
					<label>0</label>
					<label_change>+0%</label_change>
					<nb_visits_change>+0%</nb_visits_change>
					<nb_uniq_visitors_change>+0%</nb_uniq_visitors_change>
					<nb_actions_change>+0%</nb_actions_change>
					<nb_actions_per_visit_change>+0%</nb_actions_per_visit_change>
					<avg_time_on_site_change>+0%</avg_time_on_site_change>
					<bounce_rate_change>+0%</bounce_rate_change>
					<revenue_change>+0%</revenue_change>
					<compareSegment>browserCode%3D%3Die</compareSegment>
					<compareSegmentPretty>browserCode==ie</compareSegmentPretty>
					<comparePeriod>day</comparePeriod>
					<compareDate>2012-08-10</compareDate>
					<comparePeriodPretty>Friday, August 10, 2012</comparePeriodPretty>
					<compareSeriesPretty>(Friday, August 10, 2012) (browserCode==ie)</compareSeriesPretty>
					<idsubdatatable>-1</idsubdatatable>
				</row>
				<row>
					<nb_uniq_visitors>0</nb_uniq_visitors>
					<nb_visits>0</nb_visits>
					<nb_actions>0</nb_actions>
					<revenue>$0</revenue>
					<nb_actions_per_visit>0</nb_actions_per_visit>
					<avg_time_on_site>00:00:00</avg_time_on_site>
					<bounce_rate>0%</bounce_rate>
					<nb_uniq_visitors_change>-100%</nb_uniq_visitors_change>
					<nb_visits_change>-100%</nb_visits_change>
					<nb_actions_change>-100%</nb_actions_change>
					<revenue_change>-100%</revenue_change>
					<nb_actions_per_visit_change>-100%</nb_actions_per_visit_change>
					<avg_time_on_site_change>+0%</avg_time_on_site_change>
					<bounce_rate_change>-100%</bounce_rate_change>
					<label>0</label>
					<label_change>+0%</label_change>
					<compareSegment />
					<compareSegmentPretty>All visits</compareSegmentPretty>
					<comparePeriod>week</comparePeriod>
					<compareDate>2012-08-16</compareDate>
					<comparePeriodPretty>Week August 13 – 19, 2012</comparePeriodPretty>
					<compareSeriesPretty>(Week August 13 – 19, 2012) (All visits)</compareSeriesPretty>
					<idsubdatatable>-1</idsubdatatable>
				</row>
				<row>
					<nb_uniq_visitors>0</nb_uniq_visitors>
					<nb_visits>0</nb_visits>
					<nb_actions>0</nb_actions>
					<revenue>$0</revenue>
					<nb_actions_per_visit>0</nb_actions_per_visit>
					<avg_time_on_site>00:00:00</avg_time_on_site>
					<bounce_rate>0%</bounce_rate>
					<nb_uniq_visitors_change>-100%</nb_uniq_visitors_change>
					<nb_visits_change>-100%</nb_visits_change>
					<nb_actions_change>-100%</nb_actions_change>
					<revenue_change>-100%</revenue_change>
					<nb_actions_per_visit_change>-100%</nb_actions_per_visit_change>
					<avg_time_on_site_change>+0%</avg_time_on_site_change>
					<bounce_rate_change>-100%</bounce_rate_change>
					<label>0</label>
					<label_change>+0%</label_change>
					<compareSegment>browserCode%3D%3Die</compareSegment>
					<compareSegmentPretty>browserCode==ie</compareSegmentPretty>
					<comparePeriod>week</comparePeriod>
					<compareDate>2012-08-16</compareDate>
					<comparePeriodPretty>Week August 13 – 19, 2012</comparePeriodPretty>
					<compareSeriesPretty>(Week August 13 – 19, 2012) (browserCode==ie)</compareSeriesPretty>
					<idsubdatatable>-1</idsubdatatable>
				</row>
			</comparisons>
			<code>South America</code>
		</row>
		<row>
			<label>Unknown</label>
			<nb_uniq_visitors>1</nb_uniq_visitors>
			<nb_visits>1</nb_visits>
			<nb_actions>1</nb_actions>
			<revenue>$5</revenue>
			<nb_actions_per_visit>1</nb_actions_per_visit>
			<avg_time_on_site>00:00:00</avg_time_on_site>
			<bounce_rate>100%</bounce_rate>
			<comparisons>
				<row>
					<nb_uniq_visitors>1</nb_uniq_visitors>
					<nb_visits>1</nb_visits>
					<nb_actions>1</nb_actions>
					<revenue>$5</revenue>
					<nb_actions_per_visit>1</nb_actions_per_visit>
					<avg_time_on_site>00:00:00</avg_time_on_site>
					<bounce_rate>100%</bounce_rate>
					<label>0</label>
					<label_change>+0%</label_change>
					<nb_visits_change>+0%</nb_visits_change>
					<nb_uniq_visitors_change>+0%</nb_uniq_visitors_change>
					<nb_actions_change>+0%</nb_actions_change>
					<nb_actions_per_visit_change>+0%</nb_actions_per_visit_change>
					<avg_time_on_site_change>+0%</avg_time_on_site_change>
					<bounce_rate_change>+0%</bounce_rate_change>
					<revenue_change>+0%</revenue_change>
					<compareSegment />
					<compareSegmentPretty>All visits</compareSegmentPretty>
					<comparePeriod>day</comparePeriod>
					<compareDate>2012-08-10</compareDate>
					<comparePeriodPretty>Friday, August 10, 2012</comparePeriodPretty>
					<compareSeriesPretty>(Friday, August 10, 2012) (All visits)</compareSeriesPretty>
					<idsubdatatable>-1</idsubdatatable>
				</row>
				<row>
					<nb_uniq_visitors>1</nb_uniq_visitors>
					<nb_visits>1</nb_visits>
					<nb_actions>1</nb_actions>
					<revenue>$5</revenue>
					<nb_actions_per_visit>1</nb_actions_per_visit>
					<avg_time_on_site>00:00:00</avg_time_on_site>
					<bounce_rate>100%</bounce_rate>
					<label>0</label>
					<label_change>+0%</label_change>
					<nb_visits_change>+0%</nb_visits_change>
					<nb_uniq_visitors_change>+0%</nb_uniq_visitors_change>
					<nb_actions_change>+0%</nb_actions_change>
					<nb_actions_per_visit_change>+0%</nb_actions_per_visit_change>
					<avg_time_on_site_change>+0%</avg_time_on_site_change>
					<bounce_rate_change>+0%</bounce_rate_change>
					<revenue_change>+0%</revenue_change>
					<compareSegment>browserCode%3D%3Die</compareSegment>
					<compareSegmentPretty>browserCode==ie</compareSegmentPretty>
					<comparePeriod>day</comparePeriod>
					<compareDate>2012-08-10</compareDate>
					<comparePeriodPretty>Friday, August 10, 2012</comparePeriodPretty>
					<compareSeriesPretty>(Friday, August 10, 2012) (browserCode==ie)</compareSeriesPretty>
					<idsubdatatable>-1</idsubdatatable>
				</row>
				<row>
					<nb_visits>2</nb_visits>
					<nb_actions>2</nb_actions>
					<revenue>$10</revenue>
					<nb_actions_per_visit>1</nb_actions_per_visit>
					<avg_time_on_site>00:00:00</avg_time_on_site>
					<bounce_rate>100%</bounce_rate>
					<nb_visits_change>+100%</nb_visits_change>
					<nb_actions_change>+100%</nb_actions_change>
					<revenue_change>+100%</revenue_change>
					<nb_actions_per_visit_change>+0%</nb_actions_per_visit_change>
					<avg_time_on_site_change>+0%</avg_time_on_site_change>
					<bounce_rate_change>+0%</bounce_rate_change>
					<label>0</label>
					<nb_uniq_visitors>0</nb_uniq_visitors>
					<label_change>+0%</label_change>
					<nb_uniq_visitors_change>+0%</nb_uniq_visitors_change>
					<compareSegment />
					<compareSegmentPretty>All visits</compareSegmentPretty>
					<comparePeriod>week</comparePeriod>
					<compareDate>2012-08-16</compareDate>
					<comparePeriodPretty>Week August 13 – 19, 2012</comparePeriodPretty>
					<compareSeriesPretty>(Week August 13 – 19, 2012) (All visits)</compareSeriesPretty>
					<idsubdatatable>-1</idsubdatatable>
				</row>
				<row>
					<nb_visits>1</nb_visits>
					<nb_actions>1</nb_actions>
					<revenue>$5</revenue>
					<nb_actions_per_visit>1</nb_actions_per_visit>
					<avg_time_on_site>00:00:00</avg_time_on_site>
					<bounce_rate>100%</bounce_rate>
					<nb_visits_change>+0%</nb_visits_change>
					<nb_actions_change>+0%</nb_actions_change>
					<revenue_change>+0%</revenue_change>
					<nb_actions_per_visit_change>+0%</nb_actions_per_visit_change>
					<avg_time_on_site_change>+0%</avg_time_on_site_change>
					<bounce_rate_change>+0%</bounce_rate_change>
					<label>0</label>
					<nb_uniq_visitors>0</nb_uniq_visitors>
					<label_change>+0%</label_change>
					<nb_uniq_visitors_change>+0%</nb_uniq_visitors_change>
					<compareSegment>browserCode%3D%3Die</compareSegment>
					<compareSegmentPretty>browserCode==ie</compareSegmentPretty>
					<comparePeriod>week</comparePeriod>
					<compareDate>2012-08-16</compareDate>
					<comparePeriodPretty>Week August 13 – 19, 2012</comparePeriodPretty>
					<compareSeriesPretty>(Week August 13 – 19, 2012) (browserCode==ie)</compareSeriesPretty>
					<idsubdatatable>-1</idsubdatatable>
				</row>
			</comparisons>
			<code>Unknown</code>
		</row>
	</reportData>
	<reportMetadata>
		<row>
			<code>Asia</code>
		</row>
		<row>
			<code>South America</code>
		</row>
		<row>
			<code>Unknown</code>
		</row>
	</reportMetadata>
	<reportTotal>
		<nb_uniq_visitors>8</nb_uniq_visitors>
		<nb_visits>8</nb_visits>
		<nb_actions>8</nb_actions>
		<nb_users>0</nb_users>
		<max_actions>1</max_actions>
		<sum_visit_length>0</sum_visit_length>
		<bounce_count>8</bounce_count>
		<nb_visits_converted>8</nb_visits_converted>
		<goals>
			<row idgoal="1">
				<nb_conversions>8</nb_conversions>
				<nb_visits_converted>8</nb_visits_converted>
				<revenue>40</revenue>
			</row>
		</goals>
		<nb_conversions>8</nb_conversions>
		<revenue>40</revenue>
		<nb_actions_per_visit>1</nb_actions_per_visit>
	</reportTotal>
</result>