<?xml version="1.0" encoding="utf-8" ?>
<result>
	<error message="The period 'period' is not supported. Try any of the following instead: day, week, month, year, range
 
 --&gt; To temporarily debug this error further, set const PIWIK_PRINT_ERROR_BACKTRACE=true; in index.php" />
</result>