<?xml version="1.0" encoding="utf-8" ?>
<result>
	<row>
		<continent_name>Europe</continent_name>
		<continent_code>EU</continent_code>
		<country_code>FR</country_code>
		<country_name>France</country_name>
		<city_name>Besan√ßon</city_name>
		<lat>47.249</lat>
		<long>6.018</long>
		<postal_code>25000</postal_code>
		<region_code>BFC</region_code>
		<region_name>Bourgogne-Franche-Comte</region_name>
		<isp>Matomo Internet</isp>
		<org>Innocraft</org>
		<ip>194.57.91.215</ip>
	</row>
</result>