<?xml version="1.0" encoding="utf-8" ?>
<results>
	<result date="2009-12-28,2010-01-03">
		<row>
			<label>Site 1</label>
			<nb_visits>2</nb_visits>
			<nb_actions>2</nb_actions>
			<nb_pageviews>2</nb_pageviews>
			<revenue>10</revenue>
			<visits_evolution>100%</visits_evolution>
			<visits_evolution_trend>1</visits_evolution_trend>
			<actions_evolution>100%</actions_evolution>
			<actions_evolution_trend>1</actions_evolution_trend>
			<pageviews_evolution>100%</pageviews_evolution>
			<pageviews_evolution_trend>1</pageviews_evolution_trend>
			<revenue_evolution>100%</revenue_evolution>
			<revenue_evolution_trend>1</revenue_evolution_trend>
			<idsite>1</idsite>
			<ratio>1</ratio>
			<currencySymbol>$</currencySymbol>
			<previous_nb_visits>0</previous_nb_visits>
			<periodName>week</periodName>
			<previousRange>Dec 21 – 27, 2009</previousRange>
			<previous_nb_actions>0</previous_nb_actions>
			<previous_Actions_nb_pageviews>0</previous_Actions_nb_pageviews>
			<previous_Goal_revenue>0</previous_Goal_revenue>
			<group />
			<main_url>http://piwik.net</main_url>
		</row>
	</result>
	<result date="2010-01-04,2010-01-10">
		<row>
			<label>Site 1</label>
			<nb_visits>7</nb_visits>
			<nb_actions>31</nb_actions>
			<nb_pageviews>31</nb_pageviews>
			<revenue>30</revenue>
			<visits_evolution>250%</visits_evolution>
			<visits_evolution_trend>1</visits_evolution_trend>
			<actions_evolution>1,450%</actions_evolution>
			<actions_evolution_trend>1</actions_evolution_trend>
			<pageviews_evolution>1,450%</pageviews_evolution>
			<pageviews_evolution_trend>1</pageviews_evolution_trend>
			<revenue_evolution>200%</revenue_evolution>
			<revenue_evolution_trend>1</revenue_evolution_trend>
			<idsite>1</idsite>
			<ratio>1</ratio>
			<currencySymbol>$</currencySymbol>
			<previous_nb_visits>2</previous_nb_visits>
			<periodName>week</periodName>
			<previousRange>Dec 28, 2009 – Jan 3, 2010</previousRange>
			<previous_nb_actions>2</previous_nb_actions>
			<previous_Actions_nb_pageviews>2</previous_Actions_nb_pageviews>
			<previous_Goal_revenue>10</previous_Goal_revenue>
			<group />
			<main_url>http://piwik.net</main_url>
		</row>
		<row>
			<label>Site 2</label>
			<nb_visits>1</nb_visits>
			<nb_actions>3</nb_actions>
			<nb_pageviews>3</nb_pageviews>
			<revenue>0</revenue>
			<visits_evolution>100%</visits_evolution>
			<visits_evolution_trend>1</visits_evolution_trend>
			<actions_evolution>100%</actions_evolution>
			<actions_evolution_trend>1</actions_evolution_trend>
			<pageviews_evolution>100%</pageviews_evolution>
			<pageviews_evolution_trend>1</pageviews_evolution_trend>
			<revenue_evolution>0%</revenue_evolution>
			<revenue_evolution_trend>0</revenue_evolution_trend>
			<idsite>2</idsite>
			<ratio>1</ratio>
			<currencySymbol>$</currencySymbol>
			<previous_nb_visits>0</previous_nb_visits>
			<periodName>week</periodName>
			<previousRange>Dec 28, 2009 – Jan 3, 2010</previousRange>
			<previous_nb_actions>0</previous_nb_actions>
			<previous_Actions_nb_pageviews>0</previous_Actions_nb_pageviews>
			<previous_Goal_revenue>0</previous_Goal_revenue>
			<group />
			<main_url>http://piwik.net</main_url>
		</row>
	</result>
	<result date="2010-01-11,2010-01-17">
		<row>
			<label>Site 1</label>
			<nb_visits>2</nb_visits>
			<nb_actions>10</nb_actions>
			<nb_pageviews>10</nb_pageviews>
			<revenue>10</revenue>
			<visits_evolution>-71.4%</visits_evolution>
			<visits_evolution_trend>-1</visits_evolution_trend>
			<actions_evolution>-67.7%</actions_evolution>
			<actions_evolution_trend>-1</actions_evolution_trend>
			<pageviews_evolution>-67.7%</pageviews_evolution>
			<pageviews_evolution_trend>-1</pageviews_evolution_trend>
			<revenue_evolution>-66.7%</revenue_evolution>
			<revenue_evolution_trend>-1</revenue_evolution_trend>
			<idsite>1</idsite>
			<ratio>1</ratio>
			<currencySymbol>$</currencySymbol>
			<previous_nb_visits>7</previous_nb_visits>
			<periodName>week</periodName>
			<previousRange>Jan 4 – 10, 2010</previousRange>
			<previous_nb_actions>31</previous_nb_actions>
			<previous_Actions_nb_pageviews>31</previous_Actions_nb_pageviews>
			<previous_Goal_revenue>30</previous_Goal_revenue>
			<group />
			<main_url>http://piwik.net</main_url>
		</row>
	</result>
	<result date="2010-01-18,2010-01-24" />
	<result date="2010-01-25,2010-01-31" />
	<result date="2010-02-01,2010-02-07" />
	<result date="2010-02-08,2010-02-14" />
</results>