<?xml version="1.0" encoding="utf-8" ?>
<result>
	<row>
		<label>RockMelt</label>
		<nb_visits>11</nb_visits>
		<nb_actions>14</nb_actions>
		<max_actions>3</max_actions>
		<sum_visit_length>305</sum_visit_length>
		<bounce_count>9</bounce_count>
		<nb_visits_converted>10</nb_visits_converted>
		<goals>
			<row idgoal='1'>
				<nb_conversions>10</nb_conversions>
				<nb_visits_converted>10</nb_visits_converted>
				<revenue>50</revenue>
			</row>
		</goals>
		<nb_conversions>10</nb_conversions>
		<revenue>50</revenue>
		<sum_daily_nb_uniq_visitors>11</sum_daily_nb_uniq_visitors>
		<sum_daily_nb_users>0</sum_daily_nb_users>
		<logo>plugins/Morpheus/icons/dist/browsers/RM.png</logo>
	</row>
	<row>
		<label>Chrome</label>
		<nb_visits>9</nb_visits>
		<nb_actions>12</nb_actions>
		<max_actions>3</max_actions>
		<sum_visit_length>4</sum_visit_length>
		<bounce_count>7</bounce_count>
		<nb_visits_converted>9</nb_visits_converted>
		<goals>
			<row idgoal='1'>
				<nb_conversions>9</nb_conversions>
				<nb_visits_converted>9</nb_visits_converted>
				<revenue>45</revenue>
			</row>
		</goals>
		<nb_conversions>9</nb_conversions>
		<revenue>45</revenue>
		<sum_daily_nb_uniq_visitors>8</sum_daily_nb_uniq_visitors>
		<sum_daily_nb_users>3</sum_daily_nb_users>
		<logo>plugins/Morpheus/icons/dist/browsers/CH.png</logo>
	</row>
	<row>
		<label>Internet Explorer</label>
		<nb_visits>8</nb_visits>
		<nb_actions>9</nb_actions>
		<max_actions>2</max_actions>
		<sum_visit_length>242</sum_visit_length>
		<bounce_count>7</bounce_count>
		<nb_visits_converted>8</nb_visits_converted>
		<goals>
			<row idgoal='1'>
				<nb_conversions>8</nb_conversions>
				<nb_visits_converted>8</nb_visits_converted>
				<revenue>40</revenue>
			</row>
		</goals>
		<nb_conversions>8</nb_conversions>
		<revenue>40</revenue>
		<sum_daily_nb_uniq_visitors>8</sum_daily_nb_uniq_visitors>
		<sum_daily_nb_users>0</sum_daily_nb_users>
		<logo>plugins/Morpheus/icons/dist/browsers/IE.png</logo>
	</row>
	<row>
		<label>GNOME Web</label>
		<nb_visits>5</nb_visits>
		<nb_actions>5</nb_actions>
		<max_actions>1</max_actions>
		<sum_visit_length>0</sum_visit_length>
		<bounce_count>5</bounce_count>
		<nb_visits_converted>5</nb_visits_converted>
		<goals>
			<row idgoal='1'>
				<nb_conversions>5</nb_conversions>
				<nb_visits_converted>5</nb_visits_converted>
				<revenue>25</revenue>
			</row>
		</goals>
		<nb_conversions>5</nb_conversions>
		<revenue>25</revenue>
		<sum_daily_nb_uniq_visitors>5</sum_daily_nb_uniq_visitors>
		<sum_daily_nb_users>0</sum_daily_nb_users>
		<logo>plugins/Morpheus/icons/dist/browsers/EP.png</logo>
	</row>
	<row>
		<label>Unknown</label>
		<nb_visits>5</nb_visits>
		<nb_actions>5</nb_actions>
		<max_actions>1</max_actions>
		<sum_visit_length>0</sum_visit_length>
		<bounce_count>5</bounce_count>
		<nb_visits_converted>2</nb_visits_converted>
		<goals>
			<row idgoal='1'>
				<nb_conversions>2</nb_conversions>
				<nb_visits_converted>2</nb_visits_converted>
				<revenue>10</revenue>
			</row>
		</goals>
		<nb_conversions>2</nb_conversions>
		<revenue>10</revenue>
		<sum_daily_nb_uniq_visitors>5</sum_daily_nb_uniq_visitors>
		<sum_daily_nb_users>0</sum_daily_nb_users>
		<logo>plugins/Morpheus/icons/dist/browsers/UNK.png</logo>
	</row>
	<row>
		<label>Android Browser</label>
		<nb_visits>2</nb_visits>
		<nb_actions>2</nb_actions>
		<max_actions>1</max_actions>
		<sum_visit_length>0</sum_visit_length>
		<bounce_count>2</bounce_count>
		<nb_visits_converted>2</nb_visits_converted>
		<goals>
			<row idgoal='1'>
				<nb_conversions>2</nb_conversions>
				<nb_visits_converted>2</nb_visits_converted>
				<revenue>10</revenue>
			</row>
		</goals>
		<nb_conversions>2</nb_conversions>
		<revenue>10</revenue>
		<sum_daily_nb_uniq_visitors>2</sum_daily_nb_uniq_visitors>
		<sum_daily_nb_users>0</sum_daily_nb_users>
		<logo>plugins/Morpheus/icons/dist/browsers/AN.png</logo>
	</row>
	<row>
		<label>Firefox</label>
		<nb_visits>2</nb_visits>
		<nb_actions>2</nb_actions>
		<max_actions>1</max_actions>
		<sum_visit_length>0</sum_visit_length>
		<bounce_count>2</bounce_count>
		<nb_visits_converted>2</nb_visits_converted>
		<goals>
			<row idgoal='1'>
				<nb_conversions>2</nb_conversions>
				<nb_visits_converted>2</nb_visits_converted>
				<revenue>10</revenue>
			</row>
		</goals>
		<nb_conversions>2</nb_conversions>
		<revenue>10</revenue>
		<sum_daily_nb_uniq_visitors>2</sum_daily_nb_uniq_visitors>
		<sum_daily_nb_users>0</sum_daily_nb_users>
		<logo>plugins/Morpheus/icons/dist/browsers/FF.png</logo>
	</row>
	<row>
		<label>Chrome Mobile</label>
		<nb_visits>1</nb_visits>
		<nb_actions>2</nb_actions>
		<max_actions>2</max_actions>
		<sum_visit_length>2</sum_visit_length>
		<bounce_count>0</bounce_count>
		<nb_visits_converted>1</nb_visits_converted>
		<goals>
			<row idgoal='1'>
				<nb_conversions>1</nb_conversions>
				<nb_visits_converted>1</nb_visits_converted>
				<revenue>5</revenue>
			</row>
		</goals>
		<nb_conversions>1</nb_conversions>
		<revenue>5</revenue>
		<sum_daily_nb_uniq_visitors>1</sum_daily_nb_uniq_visitors>
		<sum_daily_nb_users>1</sum_daily_nb_users>
		<logo>plugins/Morpheus/icons/dist/browsers/CM.png</logo>
	</row>
</result>